// Vitest Snapshot v1, https://vitest.dev/guide/snapshot.html

exports[`ContentSearchButton > renders with class correctly 1`] = `
"<button type="button" aria-label="Search..." class="ui-btn font-[family-name:var(--ui-font-family-primary)] select-none cursor-pointer inline-flex items-center relative outline-transparent focus-visible:outline-2 focus-visible:outline-offset-2 disabled:cursor-not-allowed aria-disabled:cursor-not-allowed disabled:opacity-30 aria-disabled:opacity-30 transition duration-0 ease-linear border-(length:--ui-btn-border-width) text-(--ui-btn-color) bg-(--ui-btn-background) border-(--ui-btn-border-color) hover:text-(--ui-btn-color-hover) hover:bg-(--ui-btn-background-hover) hover:border-(--ui-btn-border-color-hover) focus:text-(--ui-btn-color-hover) focus:bg-(--ui-btn-background-hover) focus:border-(--ui-btn-border-color-hover) active:text-(--ui-btn-color-active) active:bg-(--ui-btn-background-active) active:border-(--ui-btn-border-color-active) disabled:bg-(--ui-btn-background) disabled:border-(--ui-btn-border-color) aria-disabled:bg-(--ui-btn-background) aria-disabled:border-(--ui-btn-border-color) focus-visible:outline-(--ui-btn-background) ring-(--ui-btn-background-hover) focus:outline-none focus-visible:ring-(--ui-btn-background-hover) h-(--ui-btn-height) text-(length:--ui-btn-font-size) leading-(--ui-btn-height) font-(--ui-btn-font-weight) --style-plain-no-accent ui-btn-md rounded-(--ui-btn-radius) normal-case --air w-full">
  <!--v-if-->
  <div class="w-full inline-flex items-center justify-center gap-(--ui-btn-icon-space) ps-[4px] pe-[4px]"><svg xmlns="http://www.w3.org/2000/svg" fill="none" viewBox="0 0 24 24" aria-hidden="true" data-slot="icon" class="text-(--ui-btn-color) shrink-0 size-(--ui-btn-icon-size)">
      <path fill="currentColor" fill-rule="evenodd" d="M14.05 15.886a6.37 6.37 0 1 1 1.836-1.837l3.311 3.311a1 1 0 0 1 0 1.414l-.422.423a1 1 0 0 1-1.414 0zm1.058-5.328a4.55 4.55 0 1 1-9.098 0 4.55 4.55 0 0 1 9.099 0" clip-rule="evenodd"></path>
    </svg>
    <!--v-if-->
    <!--v-if-->
  </div>
</button>"
`;

exports[`ContentSearchButton > renders with icon correctly 1`] = `
"<button type="button" aria-label="Search..." class="ui-btn font-[family-name:var(--ui-font-family-primary)] select-none cursor-pointer inline-flex items-center relative outline-transparent focus-visible:outline-2 focus-visible:outline-offset-2 disabled:cursor-not-allowed aria-disabled:cursor-not-allowed disabled:opacity-30 aria-disabled:opacity-30 transition duration-0 ease-linear border-(length:--ui-btn-border-width) text-(--ui-btn-color) bg-(--ui-btn-background) border-(--ui-btn-border-color) hover:text-(--ui-btn-color-hover) hover:bg-(--ui-btn-background-hover) hover:border-(--ui-btn-border-color-hover) focus:text-(--ui-btn-color-hover) focus:bg-(--ui-btn-background-hover) focus:border-(--ui-btn-border-color-hover) active:text-(--ui-btn-color-active) active:bg-(--ui-btn-background-active) active:border-(--ui-btn-border-color-active) disabled:bg-(--ui-btn-background) disabled:border-(--ui-btn-border-color) aria-disabled:bg-(--ui-btn-background) aria-disabled:border-(--ui-btn-border-color) focus-visible:outline-(--ui-btn-background) ring-(--ui-btn-background-hover) focus:outline-none focus-visible:ring-(--ui-btn-background-hover) h-(--ui-btn-height) text-(length:--ui-btn-font-size) leading-(--ui-btn-height) font-(--ui-btn-font-weight) --style-plain-no-accent ui-btn-md rounded-(--ui-btn-radius) normal-case --air">
  <!--v-if-->
  <div class="w-full inline-flex items-center justify-center gap-(--ui-btn-icon-space) ps-[4px] pe-[4px]"><svg xmlns="http://www.w3.org/2000/svg" fill="none" viewBox="0 0 24 24" aria-hidden="true" data-slot="icon" class="text-(--ui-btn-color) shrink-0 size-(--ui-btn-icon-size)">
      <path fill="currentColor" fill-rule="evenodd" d="M11.985 3a1.706 1.706 0 0 0-1.699 1.825L6.774 7.304h-1.7a1 1 0 0 0-1 1v9.203a1 1 0 0 0 1 1h13.822a1 1 0 0 0 1-1V8.304a1 1 0 0 0-1-1H17.19l-3.51-2.447q.006-.075.007-.15c0-.94-.763-1.707-1.703-1.707M10.8 5.931a1.694 1.694 0 0 0 2.35.019l1.943 1.354H8.855zm-4.231 4.744a.8.8 0 0 1 .8-.8h7.115a.8.8 0 0 1 .8.8v.137a.8.8 0 0 1-.8.8H7.37a.8.8 0 0 1-.8-.8zm.8 2.845a.8.8 0 0 0-.8.8v.137a.8.8 0 0 0 .8.8H13.1a.8.8 0 0 0 .8-.8v-.138a.8.8 0 0 0-.8-.8z" clip-rule="evenodd"></path>
    </svg>
    <!--v-if-->
    <!--v-if-->
  </div>
</button>"
`;

exports[`ContentSearchButton > renders with kbds correctly 1`] = `
"<button type="button" aria-label="Search..." class="ui-btn font-[family-name:var(--ui-font-family-primary)] select-none cursor-pointer inline-flex items-center relative outline-transparent focus-visible:outline-2 focus-visible:outline-offset-2 disabled:cursor-not-allowed aria-disabled:cursor-not-allowed disabled:opacity-30 aria-disabled:opacity-30 transition duration-0 ease-linear border-(length:--ui-btn-border-width) text-(--ui-btn-color) bg-(--ui-btn-background) border-(--ui-btn-border-color) hover:text-(--ui-btn-color-hover) hover:bg-(--ui-btn-background-hover) hover:border-(--ui-btn-border-color-hover) focus:text-(--ui-btn-color-hover) focus:bg-(--ui-btn-background-hover) focus:border-(--ui-btn-border-color-hover) active:text-(--ui-btn-color-active) active:bg-(--ui-btn-background-active) active:border-(--ui-btn-border-color-active) disabled:bg-(--ui-btn-background) disabled:border-(--ui-btn-border-color) aria-disabled:bg-(--ui-btn-background) aria-disabled:border-(--ui-btn-border-color) focus-visible:outline-(--ui-btn-background) ring-(--ui-btn-background-hover) focus:outline-none focus-visible:ring-(--ui-btn-background-hover) h-(--ui-btn-height) text-(length:--ui-btn-font-size) leading-(--ui-btn-height) font-(--ui-btn-font-weight) --style-plain-no-accent ui-btn-md rounded-(--ui-btn-radius) normal-case --air">
  <!--v-if-->
  <div class="w-full inline-flex items-center justify-center gap-(--ui-btn-icon-space) ps-[4px] pe-[4px]"><svg xmlns="http://www.w3.org/2000/svg" fill="none" viewBox="0 0 24 24" aria-hidden="true" data-slot="icon" class="text-(--ui-btn-color) shrink-0 size-(--ui-btn-icon-size)">
      <path fill="currentColor" fill-rule="evenodd" d="M14.05 15.886a6.37 6.37 0 1 1 1.836-1.837l3.311 3.311a1 1 0 0 1 0 1.414l-.422.423a1 1 0 0 1-1.414 0zm1.058-5.328a4.55 4.55 0 1 1-9.098 0 4.55 4.55 0 0 1 9.099 0" clip-rule="evenodd"></path>
    </svg>
    <!--v-if-->
    <!--v-if-->
  </div>
</button>"
`;

exports[`ContentSearchButton > renders with label correctly 1`] = `
"<button type="button" aria-label="Open" class="ui-btn font-[family-name:var(--ui-font-family-primary)] select-none cursor-pointer inline-flex items-center relative outline-transparent focus-visible:outline-2 focus-visible:outline-offset-2 disabled:cursor-not-allowed aria-disabled:cursor-not-allowed disabled:opacity-30 aria-disabled:opacity-30 transition duration-0 ease-linear border-(length:--ui-btn-border-width) text-(--ui-btn-color) bg-(--ui-btn-background) border-(--ui-btn-border-color) hover:text-(--ui-btn-color-hover) hover:bg-(--ui-btn-background-hover) hover:border-(--ui-btn-border-color-hover) focus:text-(--ui-btn-color-hover) focus:bg-(--ui-btn-background-hover) focus:border-(--ui-btn-border-color-hover) active:text-(--ui-btn-color-active) active:bg-(--ui-btn-background-active) active:border-(--ui-btn-border-color-active) disabled:bg-(--ui-btn-background) disabled:border-(--ui-btn-border-color) aria-disabled:bg-(--ui-btn-background) aria-disabled:border-(--ui-btn-border-color) focus-visible:outline-(--ui-btn-background) ring-(--ui-btn-background-hover) focus:outline-none focus-visible:ring-(--ui-btn-background-hover) h-(--ui-btn-height) text-(length:--ui-btn-font-size) leading-(--ui-btn-height) font-(--ui-btn-font-weight) --style-plain-no-accent ui-btn-md rounded-(--ui-btn-radius) normal-case --air">
  <!--v-if-->
  <div class="w-full inline-flex items-center justify-center gap-(--ui-btn-icon-space) ps-[4px] pe-[4px]"><svg xmlns="http://www.w3.org/2000/svg" fill="none" viewBox="0 0 24 24" aria-hidden="true" data-slot="icon" class="text-(--ui-btn-color) shrink-0 size-(--ui-btn-icon-size)">
      <path fill="currentColor" fill-rule="evenodd" d="M14.05 15.886a6.37 6.37 0 1 1 1.836-1.837l3.311 3.311a1 1 0 0 1 0 1.414l-.422.423a1 1 0 0 1-1.414 0zm1.058-5.328a4.55 4.55 0 1 1-9.098 0 4.55 4.55 0 0 1 9.099 0" clip-rule="evenodd"></path>
    </svg>
    <!--v-if-->
    <!--v-if-->
  </div>
</button>"
`;

exports[`ContentSearchButton > renders without collapsed correctly 1`] = `
"<button type="button" class="ui-btn font-[family-name:var(--ui-font-family-primary)] select-none cursor-pointer inline-flex items-center relative outline-transparent focus-visible:outline-2 focus-visible:outline-offset-2 disabled:cursor-not-allowed aria-disabled:cursor-not-allowed disabled:opacity-30 aria-disabled:opacity-30 transition duration-0 ease-linear border-(length:--ui-btn-border-width) text-(--ui-btn-color) bg-(--ui-btn-background) border-(--ui-btn-border-color) hover:text-(--ui-btn-color-hover) hover:bg-(--ui-btn-background-hover) hover:border-(--ui-btn-border-color-hover) focus:text-(--ui-btn-color-hover) focus:bg-(--ui-btn-background-hover) focus:border-(--ui-btn-border-color-hover) active:text-(--ui-btn-color-active) active:bg-(--ui-btn-background-active) active:border-(--ui-btn-border-color-active) disabled:bg-(--ui-btn-background) disabled:border-(--ui-btn-border-color) aria-disabled:bg-(--ui-btn-background) aria-disabled:border-(--ui-btn-border-color) focus-visible:outline-(--ui-btn-background) ring-(--ui-btn-background-hover) focus:outline-none focus-visible:ring-(--ui-btn-background-hover) h-(--ui-btn-height) text-(length:--ui-btn-font-size) leading-(--ui-btn-height) font-(--ui-btn-font-weight) --style-outline-no-accent ui-btn-md rounded-(--ui-btn-radius) normal-case --air">
  <!--v-if-->
  <div class="w-full inline-flex items-center justify-center gap-(--ui-btn-icon-space) pe-(--ui-btn-padding-right) ps-[calc(var(--ui-btn-padding-left)_-_var(--ui-btn-icon-compensation))]"><svg xmlns="http://www.w3.org/2000/svg" fill="none" viewBox="0 0 24 24" aria-hidden="true" data-slot="icon" class="text-(--ui-btn-color) shrink-0 size-(--ui-btn-icon-size)">
      <path fill="currentColor" fill-rule="evenodd" d="M14.05 15.886a6.37 6.37 0 1 1 1.836-1.837l3.311 3.311a1 1 0 0 1 0 1.414l-.422.423a1 1 0 0 1-1.414 0zm1.058-5.328a4.55 4.55 0 1 1-9.098 0 4.55 4.55 0 0 1 9.099 0" clip-rule="evenodd"></path>
    </svg><span class="h-(--ui-btn-height) max-w-full inline-flex items-center tracking-(--ui-btn-letter-spacing) overflow-visible text-clip mt-(--ui-btn-title-compensation)"><span class="truncate inline-block max-w-full mt-(--ui-btn-title-compensation)">Search...</span></span>
    <div class="hidden lg:flex items-center gap-0.5 ms-auto"><kbd class="inline-flex items-center justify-center px-1 rounded-(--ui-border-radius-2xs) font-(--ui-font-weight-normal) font-[family-name:var(--ui-font-family-system-mono)] uppercase border-(length:--b24ui-border-width) border-(--b24ui-border-color) text-(--b24ui-color) bg-(--b24ui-background) style-outline h-[24px] min-w-[24px] text-(length:--ui-font-size-md)/(--ui-font-line-height-reset)">Ctrl</kbd><kbd class="inline-flex items-center justify-center px-1 rounded-(--ui-border-radius-2xs) font-(--ui-font-weight-normal) font-[family-name:var(--ui-font-family-system-mono)] uppercase border-(length:--b24ui-border-width) border-(--b24ui-border-color) text-(--b24ui-color) bg-(--b24ui-background) style-outline h-[24px] min-w-[24px] text-(length:--ui-font-size-md)/(--ui-font-line-height-reset)">k</kbd></div>
  </div>
</button>"
`;
