// Vitest Snapshot v1, https://vitest.dev/guide/snapshot.html

exports[`DescriptionList > renders with as correctly 1`] = `"<section class="font-[family-name:var(--ui-font-family-primary)] [&amp;>table]:text-(length:--ui-font-size-md)/(--ui-font-line-height-md) [&amp;>table]:relative [&amp;>table]:w-full [&amp;>table]:text-left [&amp;>table]:rtl:text-right [&amp;>table]:text-(--b24ui-typography-label-color) [&amp;>table>thead>tr>td]:align-middle [&amp;>table>thead>tr>th]:align-middle [&amp;>table>tbody>tr>td]:align-middle [&amp;>table>tbody>tr>th]:align-middle [&amp;>table>tfoot>tr>td]:align-middle [&amp;>table>tfoot>tr>th]:align-middle [&amp;>table>thead>tr>td]:whitespace-nowrap [&amp;>table>thead>tr>td]:font-(--ui-font-weight-normal) [&amp;>table>thead>tr>th]:whitespace-nowrap [&amp;>table>thead>tr>th]:font-(--ui-font-weight-normal) [&amp;>table>tbody>tr>th]:whitespace-nowrap [&amp;>table>tbody>tr>th]:font-(--ui-font-weight-normal) [&amp;>table>tfoot>tr>td]:whitespace-nowrap [&amp;>table>tfoot>tr>td]:font-(--ui-font-weight-normal) [&amp;>table>tfoot>tr>th]:whitespace-nowrap [&amp;>table>tfoot>tr>th]:font-(--ui-font-weight-normal) [&amp;>table>thead>tr]:border-(--ui-color-divider-vibrant-accent-more) [&amp;>table>tbody>tr]:border-(--ui-color-divider-vibrant-default) [&amp;>table>tfoot]:border-(--ui-color-divider-vibrant-default) [&amp;>table>thead>tr]:border-b [&amp;>table>tbody>tr:not(:last-child)]:border-b [&amp;>table>tfoot]:border-t [&amp;>table>thead>tr>td]:text-(length:--ui-font-size-md)/(--ui-font-line-height-md) [&amp;>table>thead>tr>td]:px-4 [&amp;>table>thead>tr>td]:py-3.5 [&amp;>table>thead>tr>th]:text-(length:--ui-font-size-md)/(--ui-font-line-height-md) [&amp;>table>thead>tr>th]:px-4 [&amp;>table>thead>tr>th]:py-3.5 [&amp;>table>tbody>tr>td]:text-(length:--ui-font-size-md)/(--ui-font-line-height-md) [&amp;>table>tbody>tr>td]:px-4 [&amp;>table>tbody>tr>td]:py-3.5 [&amp;>table>tbody>tr>th]:text-(length:--ui-font-size-md)/(--ui-font-line-height-md) [&amp;>table>tbody>tr>th]:px-4 [&amp;>table>tbody>tr>th]:py-3.5 [&amp;>table>tfoot>tr>td]:text-(length:--ui-font-size-md)/(--ui-font-line-height-md) [&amp;>table>tfoot>tr>th]:text-(length:--ui-font-size-md)/(--ui-font-line-height-md) [&amp;>table>tfoot>tr>th]:px-4 [&amp;>table>tfoot>tr>th]:py-3.5 scrollbar-thin">&lt;table&gt;&lt;tbody&gt;&lt;tr&gt;&lt;th&gt;1&lt;/th&gt;&lt;td&gt;2&lt;/td&gt;&lt;/tr&gt;&lt;/tbody&gt;&lt;/table&gt;</section>"`;

exports[`DescriptionList > renders with b24ui correctly 1`] = `"<div class="font-[family-name:var(--ui-font-family-primary)] [&amp;>table]:text-(length:--ui-font-size-md)/(--ui-font-line-height-md) [&amp;>table]:relative [&amp;>table]:w-full [&amp;>table]:text-left [&amp;>table]:rtl:text-right [&amp;>table]:text-(--b24ui-typography-label-color) [&amp;>table>thead>tr>td]:align-middle [&amp;>table>thead>tr>th]:align-middle [&amp;>table>tbody>tr>td]:align-middle [&amp;>table>tbody>tr>th]:align-middle [&amp;>table>tfoot>tr>td]:align-middle [&amp;>table>tfoot>tr>th]:align-middle [&amp;>table>thead>tr>td]:whitespace-nowrap [&amp;>table>thead>tr>td]:font-(--ui-font-weight-normal) [&amp;>table>thead>tr>th]:whitespace-nowrap [&amp;>table>thead>tr>th]:font-(--ui-font-weight-normal) [&amp;>table>tbody>tr>th]:whitespace-nowrap [&amp;>table>tbody>tr>th]:font-(--ui-font-weight-normal) [&amp;>table>tfoot>tr>td]:whitespace-nowrap [&amp;>table>tfoot>tr>td]:font-(--ui-font-weight-normal) [&amp;>table>tfoot>tr>th]:whitespace-nowrap [&amp;>table>tfoot>tr>th]:font-(--ui-font-weight-normal) [&amp;>table>thead>tr]:border-(--ui-color-divider-vibrant-accent-more) [&amp;>table>tbody>tr]:border-(--ui-color-divider-vibrant-default) [&amp;>table>tfoot]:border-(--ui-color-divider-vibrant-default) [&amp;>table>thead>tr]:border-b [&amp;>table>tbody>tr:not(:last-child)]:border-b [&amp;>table>tfoot]:border-t [&amp;>table>thead>tr>td]:text-(length:--ui-font-size-md)/(--ui-font-line-height-md) [&amp;>table>thead>tr>td]:px-4 [&amp;>table>thead>tr>td]:py-3.5 [&amp;>table>thead>tr>th]:text-(length:--ui-font-size-md)/(--ui-font-line-height-md) [&amp;>table>thead>tr>th]:px-4 [&amp;>table>thead>tr>th]:py-3.5 [&amp;>table>tbody>tr>td]:text-(length:--ui-font-size-md)/(--ui-font-line-height-md) [&amp;>table>tbody>tr>td]:px-4 [&amp;>table>tbody>tr>td]:py-3.5 [&amp;>table>tbody>tr>th]:text-(length:--ui-font-size-md)/(--ui-font-line-height-md) [&amp;>table>tbody>tr>th]:px-4 [&amp;>table>tbody>tr>th]:py-3.5 [&amp;>table>tfoot>tr>td]:text-(length:--ui-font-size-md)/(--ui-font-line-height-md) [&amp;>table>tfoot>tr>th]:text-(length:--ui-font-size-md)/(--ui-font-line-height-md) [&amp;>table>tfoot>tr>th]:px-4 [&amp;>table>tfoot>tr>th]:py-3.5 scrollbar-thin font-bold">&lt;table&gt;&lt;tbody&gt;&lt;tr&gt;&lt;th&gt;1&lt;/th&gt;&lt;td&gt;2&lt;/td&gt;&lt;/tr&gt;&lt;/tbody&gt;&lt;/table&gt;</div>"`;

exports[`DescriptionList > renders with bordered correctly 1`] = `"<div class="font-[family-name:var(--ui-font-family-primary)] [&amp;>table]:text-(length:--ui-font-size-md)/(--ui-font-line-height-md) [&amp;>table]:relative [&amp;>table]:w-full [&amp;>table]:text-left [&amp;>table]:rtl:text-right [&amp;>table]:text-(--b24ui-typography-label-color) [&amp;>table>thead>tr>td]:align-middle [&amp;>table>thead>tr>th]:align-middle [&amp;>table>tbody>tr>td]:align-middle [&amp;>table>tbody>tr>th]:align-middle [&amp;>table>tfoot>tr>td]:align-middle [&amp;>table>tfoot>tr>th]:align-middle [&amp;>table>thead>tr>td]:whitespace-nowrap [&amp;>table>thead>tr>td]:font-(--ui-font-weight-normal) [&amp;>table>thead>tr>th]:whitespace-nowrap [&amp;>table>thead>tr>th]:font-(--ui-font-weight-normal) [&amp;>table>tbody>tr>th]:whitespace-nowrap [&amp;>table>tbody>tr>th]:font-(--ui-font-weight-normal) [&amp;>table>tfoot>tr>td]:whitespace-nowrap [&amp;>table>tfoot>tr>td]:font-(--ui-font-weight-normal) [&amp;>table>tfoot>tr>th]:whitespace-nowrap [&amp;>table>tfoot>tr>th]:font-(--ui-font-weight-normal) [&amp;>table>thead>tr]:border-(--ui-color-divider-vibrant-accent-more) [&amp;>table>tbody>tr]:border-(--ui-color-divider-vibrant-default) [&amp;>table>tfoot]:border-(--ui-color-divider-vibrant-default) [&amp;>table>thead>tr]:border-b [&amp;>table>tbody>tr:not(:last-child)]:border-b [&amp;>table>tfoot]:border-t [&amp;>table>thead>tr>td]:text-(length:--ui-font-size-md)/(--ui-font-line-height-md) [&amp;>table>thead>tr>td]:px-4 [&amp;>table>thead>tr>td]:py-3.5 [&amp;>table>thead>tr>th]:text-(length:--ui-font-size-md)/(--ui-font-line-height-md) [&amp;>table>thead>tr>th]:px-4 [&amp;>table>thead>tr>th]:py-3.5 [&amp;>table>tbody>tr>td]:text-(length:--ui-font-size-md)/(--ui-font-line-height-md) [&amp;>table>tbody>tr>td]:px-4 [&amp;>table>tbody>tr>td]:py-3.5 [&amp;>table>tbody>tr>th]:text-(length:--ui-font-size-md)/(--ui-font-line-height-md) [&amp;>table>tbody>tr>th]:px-4 [&amp;>table>tbody>tr>th]:py-3.5 [&amp;>table>tfoot>tr>td]:text-(length:--ui-font-size-md)/(--ui-font-line-height-md) [&amp;>table>tfoot>tr>th]:text-(length:--ui-font-size-md)/(--ui-font-line-height-md) [&amp;>table>tfoot>tr>th]:px-4 [&amp;>table>tfoot>tr>th]:py-3.5 border border-(--ui-color-divider-vibrant-default) scrollbar-thin">&lt;table&gt;&lt;tbody&gt;&lt;tr&gt;&lt;th&gt;1&lt;/th&gt;&lt;td&gt;2&lt;/td&gt;&lt;/tr&gt;&lt;/tbody&gt;&lt;/table&gt;</div>"`;

exports[`DescriptionList > renders with class correctly 1`] = `"<div class="font-[family-name:var(--ui-font-family-primary)] [&amp;>table]:text-(length:--ui-font-size-md)/(--ui-font-line-height-md) [&amp;>table]:relative [&amp;>table]:w-full [&amp;>table]:text-left [&amp;>table]:rtl:text-right [&amp;>table]:text-(--b24ui-typography-label-color) [&amp;>table>thead>tr>td]:align-middle [&amp;>table>thead>tr>th]:align-middle [&amp;>table>tbody>tr>td]:align-middle [&amp;>table>tbody>tr>th]:align-middle [&amp;>table>tfoot>tr>td]:align-middle [&amp;>table>tfoot>tr>th]:align-middle [&amp;>table>thead>tr>td]:whitespace-nowrap [&amp;>table>thead>tr>td]:font-(--ui-font-weight-normal) [&amp;>table>thead>tr>th]:whitespace-nowrap [&amp;>table>thead>tr>th]:font-(--ui-font-weight-normal) [&amp;>table>tbody>tr>th]:whitespace-nowrap [&amp;>table>tbody>tr>th]:font-(--ui-font-weight-normal) [&amp;>table>tfoot>tr>td]:whitespace-nowrap [&amp;>table>tfoot>tr>td]:font-(--ui-font-weight-normal) [&amp;>table>tfoot>tr>th]:whitespace-nowrap [&amp;>table>tfoot>tr>th]:font-(--ui-font-weight-normal) [&amp;>table>thead>tr]:border-(--ui-color-divider-vibrant-accent-more) [&amp;>table>tbody>tr]:border-(--ui-color-divider-vibrant-default) [&amp;>table>tfoot]:border-(--ui-color-divider-vibrant-default) [&amp;>table>thead>tr]:border-b [&amp;>table>tbody>tr:not(:last-child)]:border-b [&amp;>table>tfoot]:border-t [&amp;>table>thead>tr>td]:text-(length:--ui-font-size-md)/(--ui-font-line-height-md) [&amp;>table>thead>tr>td]:px-4 [&amp;>table>thead>tr>td]:py-3.5 [&amp;>table>thead>tr>th]:text-(length:--ui-font-size-md)/(--ui-font-line-height-md) [&amp;>table>thead>tr>th]:px-4 [&amp;>table>thead>tr>th]:py-3.5 [&amp;>table>tbody>tr>td]:text-(length:--ui-font-size-md)/(--ui-font-line-height-md) [&amp;>table>tbody>tr>td]:px-4 [&amp;>table>tbody>tr>td]:py-3.5 [&amp;>table>tbody>tr>th]:text-(length:--ui-font-size-md)/(--ui-font-line-height-md) [&amp;>table>tbody>tr>th]:px-4 [&amp;>table>tbody>tr>th]:py-3.5 [&amp;>table>tfoot>tr>td]:text-(length:--ui-font-size-md)/(--ui-font-line-height-md) [&amp;>table>tfoot>tr>th]:text-(length:--ui-font-size-md)/(--ui-font-line-height-md) [&amp;>table>tfoot>tr>th]:px-4 [&amp;>table>tfoot>tr>th]:py-3.5 scrollbar-thin overflow-x-auto w-full">&lt;table&gt;&lt;tbody&gt;&lt;tr&gt;&lt;th&gt;1&lt;/th&gt;&lt;td&gt;2&lt;/td&gt;&lt;/tr&gt;&lt;/tbody&gt;&lt;/table&gt;</div>"`;

exports[`DescriptionList > renders with default slot correctly 1`] = `"<div class="font-[family-name:var(--ui-font-family-primary)] [&amp;>table]:text-(length:--ui-font-size-md)/(--ui-font-line-height-md) [&amp;>table]:relative [&amp;>table]:w-full [&amp;>table]:text-left [&amp;>table]:rtl:text-right [&amp;>table]:text-(--b24ui-typography-label-color) [&amp;>table>thead>tr>td]:align-middle [&amp;>table>thead>tr>th]:align-middle [&amp;>table>tbody>tr>td]:align-middle [&amp;>table>tbody>tr>th]:align-middle [&amp;>table>tfoot>tr>td]:align-middle [&amp;>table>tfoot>tr>th]:align-middle [&amp;>table>thead>tr>td]:whitespace-nowrap [&amp;>table>thead>tr>td]:font-(--ui-font-weight-normal) [&amp;>table>thead>tr>th]:whitespace-nowrap [&amp;>table>thead>tr>th]:font-(--ui-font-weight-normal) [&amp;>table>tbody>tr>th]:whitespace-nowrap [&amp;>table>tbody>tr>th]:font-(--ui-font-weight-normal) [&amp;>table>tfoot>tr>td]:whitespace-nowrap [&amp;>table>tfoot>tr>td]:font-(--ui-font-weight-normal) [&amp;>table>tfoot>tr>th]:whitespace-nowrap [&amp;>table>tfoot>tr>th]:font-(--ui-font-weight-normal) [&amp;>table>thead>tr]:border-(--ui-color-divider-vibrant-accent-more) [&amp;>table>tbody>tr]:border-(--ui-color-divider-vibrant-default) [&amp;>table>tfoot]:border-(--ui-color-divider-vibrant-default) [&amp;>table>thead>tr]:border-b [&amp;>table>tbody>tr:not(:last-child)]:border-b [&amp;>table>tfoot]:border-t [&amp;>table>thead>tr>td]:text-(length:--ui-font-size-md)/(--ui-font-line-height-md) [&amp;>table>thead>tr>td]:px-4 [&amp;>table>thead>tr>td]:py-3.5 [&amp;>table>thead>tr>th]:text-(length:--ui-font-size-md)/(--ui-font-line-height-md) [&amp;>table>thead>tr>th]:px-4 [&amp;>table>thead>tr>th]:py-3.5 [&amp;>table>tbody>tr>td]:text-(length:--ui-font-size-md)/(--ui-font-line-height-md) [&amp;>table>tbody>tr>td]:px-4 [&amp;>table>tbody>tr>td]:py-3.5 [&amp;>table>tbody>tr>th]:text-(length:--ui-font-size-md)/(--ui-font-line-height-md) [&amp;>table>tbody>tr>th]:px-4 [&amp;>table>tbody>tr>th]:py-3.5 [&amp;>table>tfoot>tr>td]:text-(length:--ui-font-size-md)/(--ui-font-line-height-md) [&amp;>table>tfoot>tr>th]:text-(length:--ui-font-size-md)/(--ui-font-line-height-md) [&amp;>table>tfoot>tr>th]:px-4 [&amp;>table>tfoot>tr>th]:py-3.5 scrollbar-thin">&lt;table&gt;&lt;tbody&gt;&lt;tr&gt;&lt;th&gt;1&lt;/th&gt;&lt;td&gt;2&lt;/td&gt;&lt;/tr&gt;&lt;/tbody&gt;&lt;/table&gt;</div>"`;

exports[`DescriptionList > renders with pinCols correctly 1`] = `"<div class="font-[family-name:var(--ui-font-family-primary)] [&amp;>table]:text-(length:--ui-font-size-md)/(--ui-font-line-height-md) [&amp;>table]:relative [&amp;>table]:w-full [&amp;>table]:text-left [&amp;>table]:rtl:text-right [&amp;>table]:text-(--b24ui-typography-label-color) [&amp;>table>thead>tr>td]:align-middle [&amp;>table>thead>tr>th]:align-middle [&amp;>table>tbody>tr>td]:align-middle [&amp;>table>tbody>tr>th]:align-middle [&amp;>table>tfoot>tr>td]:align-middle [&amp;>table>tfoot>tr>th]:align-middle [&amp;>table>thead>tr>td]:whitespace-nowrap [&amp;>table>thead>tr>td]:font-(--ui-font-weight-normal) [&amp;>table>thead>tr>th]:whitespace-nowrap [&amp;>table>thead>tr>th]:font-(--ui-font-weight-normal) [&amp;>table>tbody>tr>th]:whitespace-nowrap [&amp;>table>tbody>tr>th]:font-(--ui-font-weight-normal) [&amp;>table>tfoot>tr>td]:whitespace-nowrap [&amp;>table>tfoot>tr>td]:font-(--ui-font-weight-normal) [&amp;>table>tfoot>tr>th]:whitespace-nowrap [&amp;>table>tfoot>tr>th]:font-(--ui-font-weight-normal) [&amp;>table>thead>tr]:border-(--ui-color-divider-vibrant-accent-more) [&amp;>table>tbody>tr]:border-(--ui-color-divider-vibrant-default) [&amp;>table>tfoot]:border-(--ui-color-divider-vibrant-default) [&amp;>table>thead>tr]:border-b [&amp;>table>tbody>tr:not(:last-child)]:border-b [&amp;>table>tfoot]:border-t [&amp;>table>thead>tr>td]:text-(length:--ui-font-size-md)/(--ui-font-line-height-md) [&amp;>table>thead>tr>td]:px-4 [&amp;>table>thead>tr>td]:py-3.5 [&amp;>table>thead>tr>th]:text-(length:--ui-font-size-md)/(--ui-font-line-height-md) [&amp;>table>thead>tr>th]:px-4 [&amp;>table>thead>tr>th]:py-3.5 [&amp;>table>tbody>tr>td]:text-(length:--ui-font-size-md)/(--ui-font-line-height-md) [&amp;>table>tbody>tr>td]:px-4 [&amp;>table>tbody>tr>td]:py-3.5 [&amp;>table>tbody>tr>th]:text-(length:--ui-font-size-md)/(--ui-font-line-height-md) [&amp;>table>tbody>tr>th]:px-4 [&amp;>table>tbody>tr>th]:py-3.5 [&amp;>table>tfoot>tr>td]:text-(length:--ui-font-size-md)/(--ui-font-line-height-md) [&amp;>table>tfoot>tr>th]:text-(length:--ui-font-size-md)/(--ui-font-line-height-md) [&amp;>table>tfoot>tr>th]:px-4 [&amp;>table>tfoot>tr>th]:py-3.5 [&amp;>table>thead>tr>th]:sticky [&amp;>table>thead>tr>th]:right-0 [&amp;>table>thead>tr>th]:left-0 context-dark:[&amp;>table>thead>tr>th]:bg-(--ui-color-base-5) [&amp;>table>thead>tr>th]:bg-(--ui-color-base-white-fixed) [&amp;>table>thead>tr>th]:text-(--ui-color-g-content-grey-1) [&amp;>table>tbody>tr>th]:sticky [&amp;>table>tbody>tr>th]:right-0 [&amp;>table>tbody>tr>th]:left-0 context-dark:[&amp;>table>tbody>tr>th]:bg-(--ui-color-base-5) [&amp;>table>tbody>tr>th]:bg-(--ui-color-base-white-fixed) [&amp;>table>tbody>tr>th]:text-(--ui-color-g-content-grey-1) [&amp;>table>tfoot>tr>th]:sticky [&amp;>table>tfoot>tr>th]:right-0 [&amp;>table>tfoot>tr>th]:left-0 context-dark:[&amp;>table>tfoot>tr>th]:bg-(--ui-color-base-5) [&amp;>table>tfoot>tr>th]:bg-(--ui-color-base-white-fixed) [&amp;>table>tfoot>tr>th]:text-(--ui-color-g-content-grey-1) scrollbar-thin">&lt;table&gt;&lt;tbody&gt;&lt;tr&gt;&lt;th&gt;1&lt;/th&gt;&lt;td&gt;2&lt;/td&gt;&lt;/tr&gt;&lt;/tbody&gt;&lt;/table&gt;</div>"`;

exports[`DescriptionList > renders with pinRows correctly 1`] = `"<div class="font-[family-name:var(--ui-font-family-primary)] [&amp;>table]:text-(length:--ui-font-size-md)/(--ui-font-line-height-md) [&amp;>table]:relative [&amp;>table]:w-full [&amp;>table]:text-left [&amp;>table]:rtl:text-right [&amp;>table]:text-(--b24ui-typography-label-color) [&amp;>table>thead>tr>td]:align-middle [&amp;>table>thead>tr>th]:align-middle [&amp;>table>tbody>tr>td]:align-middle [&amp;>table>tbody>tr>th]:align-middle [&amp;>table>tfoot>tr>td]:align-middle [&amp;>table>tfoot>tr>th]:align-middle [&amp;>table>thead>tr>td]:whitespace-nowrap [&amp;>table>thead>tr>td]:font-(--ui-font-weight-normal) [&amp;>table>thead>tr>th]:whitespace-nowrap [&amp;>table>thead>tr>th]:font-(--ui-font-weight-normal) [&amp;>table>tbody>tr>th]:whitespace-nowrap [&amp;>table>tbody>tr>th]:font-(--ui-font-weight-normal) [&amp;>table>tfoot>tr>td]:whitespace-nowrap [&amp;>table>tfoot>tr>td]:font-(--ui-font-weight-normal) [&amp;>table>tfoot>tr>th]:whitespace-nowrap [&amp;>table>tfoot>tr>th]:font-(--ui-font-weight-normal) [&amp;>table>thead>tr]:border-(--ui-color-divider-vibrant-accent-more) [&amp;>table>tbody>tr]:border-(--ui-color-divider-vibrant-default) [&amp;>table>tfoot]:border-(--ui-color-divider-vibrant-default) [&amp;>table>thead>tr]:border-b [&amp;>table>tbody>tr:not(:last-child)]:border-b [&amp;>table>tfoot]:border-t [&amp;>table>thead>tr>td]:text-(length:--ui-font-size-md)/(--ui-font-line-height-md) [&amp;>table>thead>tr>td]:px-4 [&amp;>table>thead>tr>td]:py-3.5 [&amp;>table>thead>tr>th]:text-(length:--ui-font-size-md)/(--ui-font-line-height-md) [&amp;>table>thead>tr>th]:px-4 [&amp;>table>thead>tr>th]:py-3.5 [&amp;>table>tbody>tr>td]:text-(length:--ui-font-size-md)/(--ui-font-line-height-md) [&amp;>table>tbody>tr>td]:px-4 [&amp;>table>tbody>tr>td]:py-3.5 [&amp;>table>tbody>tr>th]:text-(length:--ui-font-size-md)/(--ui-font-line-height-md) [&amp;>table>tbody>tr>th]:px-4 [&amp;>table>tbody>tr>th]:py-3.5 [&amp;>table>tfoot>tr>td]:text-(length:--ui-font-size-md)/(--ui-font-line-height-md) [&amp;>table>tfoot>tr>th]:text-(length:--ui-font-size-md)/(--ui-font-line-height-md) [&amp;>table>tfoot>tr>th]:px-4 [&amp;>table>tfoot>tr>th]:py-3.5 [&amp;>table>thead>tr]:sticky [&amp;>table>thead>tr]:top-0 [&amp;>table>thead>tr]:z-1 context-dark:[&amp;>table>thead>tr]:bg-(--ui-color-base-5) [&amp;>table>thead>tr]:bg-(--ui-color-base-white-fixed) [&amp;>table>thead>tr]:text-(--ui-color-g-content-grey-1) [&amp;>table>thead>tr]:shadow-bottom-sm [&amp;>table>tfoot>tr]:sticky [&amp;>table>tfoot>tr]:bottom-0 [&amp;>table>tfoot>tr]:z-1 context-dark:[&amp;>table>tfoot>tr]:bg-(--ui-color-base-5) [&amp;>table>tfoot>tr]:bg-(--ui-color-base-white-fixed) [&amp;>table>tfoot>tr]:text-(--ui-color-g-content-grey-1) [&amp;>table>tfoot>tr]:shadow-top-sm scrollbar-thin">&lt;table&gt;&lt;tbody&gt;&lt;tr&gt;&lt;th&gt;1&lt;/th&gt;&lt;td&gt;2&lt;/td&gt;&lt;/tr&gt;&lt;/tbody&gt;&lt;/table&gt;</div>"`;

exports[`DescriptionList > renders with rounded correctly 1`] = `"<div class="font-[family-name:var(--ui-font-family-primary)] [&amp;>table]:text-(length:--ui-font-size-md)/(--ui-font-line-height-md) [&amp;>table]:relative [&amp;>table]:w-full [&amp;>table]:text-left [&amp;>table]:rtl:text-right [&amp;>table]:text-(--b24ui-typography-label-color) [&amp;>table>thead>tr>td]:align-middle [&amp;>table>thead>tr>th]:align-middle [&amp;>table>tbody>tr>td]:align-middle [&amp;>table>tbody>tr>th]:align-middle [&amp;>table>tfoot>tr>td]:align-middle [&amp;>table>tfoot>tr>th]:align-middle [&amp;>table>thead>tr>td]:whitespace-nowrap [&amp;>table>thead>tr>td]:font-(--ui-font-weight-normal) [&amp;>table>thead>tr>th]:whitespace-nowrap [&amp;>table>thead>tr>th]:font-(--ui-font-weight-normal) [&amp;>table>tbody>tr>th]:whitespace-nowrap [&amp;>table>tbody>tr>th]:font-(--ui-font-weight-normal) [&amp;>table>tfoot>tr>td]:whitespace-nowrap [&amp;>table>tfoot>tr>td]:font-(--ui-font-weight-normal) [&amp;>table>tfoot>tr>th]:whitespace-nowrap [&amp;>table>tfoot>tr>th]:font-(--ui-font-weight-normal) [&amp;>table>thead>tr]:border-(--ui-color-divider-vibrant-accent-more) [&amp;>table>tbody>tr]:border-(--ui-color-divider-vibrant-default) [&amp;>table>tfoot]:border-(--ui-color-divider-vibrant-default) [&amp;>table>thead>tr]:border-b [&amp;>table>tbody>tr:not(:last-child)]:border-b [&amp;>table>tfoot]:border-t [&amp;>table>thead>tr>td]:text-(length:--ui-font-size-md)/(--ui-font-line-height-md) [&amp;>table>thead>tr>td]:px-4 [&amp;>table>thead>tr>td]:py-3.5 [&amp;>table>thead>tr>th]:text-(length:--ui-font-size-md)/(--ui-font-line-height-md) [&amp;>table>thead>tr>th]:px-4 [&amp;>table>thead>tr>th]:py-3.5 [&amp;>table>tbody>tr>td]:text-(length:--ui-font-size-md)/(--ui-font-line-height-md) [&amp;>table>tbody>tr>td]:px-4 [&amp;>table>tbody>tr>td]:py-3.5 [&amp;>table>tbody>tr>th]:text-(length:--ui-font-size-md)/(--ui-font-line-height-md) [&amp;>table>tbody>tr>th]:px-4 [&amp;>table>tbody>tr>th]:py-3.5 [&amp;>table>tfoot>tr>td]:text-(length:--ui-font-size-md)/(--ui-font-line-height-md) [&amp;>table>tfoot>tr>th]:text-(length:--ui-font-size-md)/(--ui-font-line-height-md) [&amp;>table>tfoot>tr>th]:px-4 [&amp;>table>tfoot>tr>th]:py-3.5 rounded-(--ui-border-radius-md) scrollbar-thin">&lt;table&gt;&lt;tbody&gt;&lt;tr&gt;&lt;th&gt;1&lt;/th&gt;&lt;td&gt;2&lt;/td&gt;&lt;/tr&gt;&lt;/tbody&gt;&lt;/table&gt;</div>"`;

exports[`DescriptionList > renders with rowHover correctly 1`] = `"<div class="font-[family-name:var(--ui-font-family-primary)] [&amp;>table]:text-(length:--ui-font-size-md)/(--ui-font-line-height-md) [&amp;>table]:relative [&amp;>table]:w-full [&amp;>table]:text-left [&amp;>table]:rtl:text-right [&amp;>table]:text-(--b24ui-typography-label-color) [&amp;>table>thead>tr>td]:align-middle [&amp;>table>thead>tr>th]:align-middle [&amp;>table>tbody>tr>td]:align-middle [&amp;>table>tbody>tr>th]:align-middle [&amp;>table>tfoot>tr>td]:align-middle [&amp;>table>tfoot>tr>th]:align-middle [&amp;>table>thead>tr>td]:whitespace-nowrap [&amp;>table>thead>tr>td]:font-(--ui-font-weight-normal) [&amp;>table>thead>tr>th]:whitespace-nowrap [&amp;>table>thead>tr>th]:font-(--ui-font-weight-normal) [&amp;>table>tbody>tr>th]:whitespace-nowrap [&amp;>table>tbody>tr>th]:font-(--ui-font-weight-normal) [&amp;>table>tfoot>tr>td]:whitespace-nowrap [&amp;>table>tfoot>tr>td]:font-(--ui-font-weight-normal) [&amp;>table>tfoot>tr>th]:whitespace-nowrap [&amp;>table>tfoot>tr>th]:font-(--ui-font-weight-normal) [&amp;>table>thead>tr]:border-(--ui-color-divider-vibrant-accent-more) [&amp;>table>tbody>tr]:border-(--ui-color-divider-vibrant-default) [&amp;>table>tfoot]:border-(--ui-color-divider-vibrant-default) [&amp;>table>thead>tr]:border-b [&amp;>table>tbody>tr:not(:last-child)]:border-b [&amp;>table>tfoot]:border-t [&amp;>table>thead>tr>td]:text-(length:--ui-font-size-md)/(--ui-font-line-height-md) [&amp;>table>thead>tr>td]:px-4 [&amp;>table>thead>tr>td]:py-3.5 [&amp;>table>thead>tr>th]:text-(length:--ui-font-size-md)/(--ui-font-line-height-md) [&amp;>table>thead>tr>th]:px-4 [&amp;>table>thead>tr>th]:py-3.5 [&amp;>table>tbody>tr>td]:text-(length:--ui-font-size-md)/(--ui-font-line-height-md) [&amp;>table>tbody>tr>td]:px-4 [&amp;>table>tbody>tr>td]:py-3.5 [&amp;>table>tbody>tr>th]:text-(length:--ui-font-size-md)/(--ui-font-line-height-md) [&amp;>table>tbody>tr>th]:px-4 [&amp;>table>tbody>tr>th]:py-3.5 [&amp;>table>tfoot>tr>td]:text-(length:--ui-font-size-md)/(--ui-font-line-height-md) [&amp;>table>tfoot>tr>th]:text-(length:--ui-font-size-md)/(--ui-font-line-height-md) [&amp;>table>tfoot>tr>th]:px-4 [&amp;>table>tfoot>tr>th]:py-3.5 [&amp;>table>tbody>tr]:hover:bg-(--ui-color-base-8) [&amp;>table>tbody>tr]:hover:[&amp;>td]:bg-(--ui-color-base-8) [&amp;>table>tbody>tr]:hover:[&amp;>th]:bg-(--ui-color-base-8) context-light:[&amp;>table>tbody>tr]:hover:bg-(--ui-color-base-6) context-light:[&amp;>table>tbody>tr]:hover:[&amp;>td]:bg-(--ui-color-base-6) context-light:[&amp;>table>tbody>tr]:hover:[&amp;>th]:bg-(--ui-color-base-6) scrollbar-thin">&lt;table&gt;&lt;tbody&gt;&lt;tr&gt;&lt;th&gt;1&lt;/th&gt;&lt;td&gt;2&lt;/td&gt;&lt;/tr&gt;&lt;/tbody&gt;&lt;/table&gt;</div>"`;

exports[`DescriptionList > renders with scrollbarThin correctly 1`] = `"<div class="font-[family-name:var(--ui-font-family-primary)] [&amp;>table]:text-(length:--ui-font-size-md)/(--ui-font-line-height-md) [&amp;>table]:relative [&amp;>table]:w-full [&amp;>table]:text-left [&amp;>table]:rtl:text-right [&amp;>table]:text-(--b24ui-typography-label-color) [&amp;>table>thead>tr>td]:align-middle [&amp;>table>thead>tr>th]:align-middle [&amp;>table>tbody>tr>td]:align-middle [&amp;>table>tbody>tr>th]:align-middle [&amp;>table>tfoot>tr>td]:align-middle [&amp;>table>tfoot>tr>th]:align-middle [&amp;>table>thead>tr>td]:whitespace-nowrap [&amp;>table>thead>tr>td]:font-(--ui-font-weight-normal) [&amp;>table>thead>tr>th]:whitespace-nowrap [&amp;>table>thead>tr>th]:font-(--ui-font-weight-normal) [&amp;>table>tbody>tr>th]:whitespace-nowrap [&amp;>table>tbody>tr>th]:font-(--ui-font-weight-normal) [&amp;>table>tfoot>tr>td]:whitespace-nowrap [&amp;>table>tfoot>tr>td]:font-(--ui-font-weight-normal) [&amp;>table>tfoot>tr>th]:whitespace-nowrap [&amp;>table>tfoot>tr>th]:font-(--ui-font-weight-normal) [&amp;>table>thead>tr]:border-(--ui-color-divider-vibrant-accent-more) [&amp;>table>tbody>tr]:border-(--ui-color-divider-vibrant-default) [&amp;>table>tfoot]:border-(--ui-color-divider-vibrant-default) [&amp;>table>thead>tr]:border-b [&amp;>table>tbody>tr:not(:last-child)]:border-b [&amp;>table>tfoot]:border-t [&amp;>table>thead>tr>td]:text-(length:--ui-font-size-md)/(--ui-font-line-height-md) [&amp;>table>thead>tr>td]:px-4 [&amp;>table>thead>tr>td]:py-3.5 [&amp;>table>thead>tr>th]:text-(length:--ui-font-size-md)/(--ui-font-line-height-md) [&amp;>table>thead>tr>th]:px-4 [&amp;>table>thead>tr>th]:py-3.5 [&amp;>table>tbody>tr>td]:text-(length:--ui-font-size-md)/(--ui-font-line-height-md) [&amp;>table>tbody>tr>td]:px-4 [&amp;>table>tbody>tr>td]:py-3.5 [&amp;>table>tbody>tr>th]:text-(length:--ui-font-size-md)/(--ui-font-line-height-md) [&amp;>table>tbody>tr>th]:px-4 [&amp;>table>tbody>tr>th]:py-3.5 [&amp;>table>tfoot>tr>td]:text-(length:--ui-font-size-md)/(--ui-font-line-height-md) [&amp;>table>tfoot>tr>th]:text-(length:--ui-font-size-md)/(--ui-font-line-height-md) [&amp;>table>tfoot>tr>th]:px-4 [&amp;>table>tfoot>tr>th]:py-3.5">&lt;table&gt;&lt;tbody&gt;&lt;tr&gt;&lt;th&gt;1&lt;/th&gt;&lt;td&gt;2&lt;/td&gt;&lt;/tr&gt;&lt;/tbody&gt;&lt;/table&gt;</div>"`;

exports[`DescriptionList > renders with size xs correctly 1`] = `"<div class="font-[family-name:var(--ui-font-family-primary)] [&amp;>table]:text-(length:--ui-font-size-md)/(--ui-font-line-height-md) [&amp;>table]:relative [&amp;>table]:w-full [&amp;>table]:text-left [&amp;>table]:rtl:text-right [&amp;>table]:text-(--b24ui-typography-label-color) [&amp;>table>thead>tr>td]:align-middle [&amp;>table>thead>tr>th]:align-middle [&amp;>table>tbody>tr>td]:align-middle [&amp;>table>tbody>tr>th]:align-middle [&amp;>table>tfoot>tr>td]:align-middle [&amp;>table>tfoot>tr>th]:align-middle [&amp;>table>thead>tr>td]:whitespace-nowrap [&amp;>table>thead>tr>td]:font-(--ui-font-weight-normal) [&amp;>table>thead>tr>th]:whitespace-nowrap [&amp;>table>thead>tr>th]:font-(--ui-font-weight-normal) [&amp;>table>tbody>tr>th]:whitespace-nowrap [&amp;>table>tbody>tr>th]:font-(--ui-font-weight-normal) [&amp;>table>tfoot>tr>td]:whitespace-nowrap [&amp;>table>tfoot>tr>td]:font-(--ui-font-weight-normal) [&amp;>table>tfoot>tr>th]:whitespace-nowrap [&amp;>table>tfoot>tr>th]:font-(--ui-font-weight-normal) [&amp;>table>thead>tr]:border-(--ui-color-divider-vibrant-accent-more) [&amp;>table>tbody>tr]:border-(--ui-color-divider-vibrant-default) [&amp;>table>tfoot]:border-(--ui-color-divider-vibrant-default) [&amp;>table>thead>tr]:border-b [&amp;>table>tbody>tr:not(:last-child)]:border-b [&amp;>table>tfoot]:border-t [&amp;>table>thead>tr>td]:text-(length:--ui-font-size-xs)/(--ui-font-line-height-2xs) [&amp;>table>thead>tr>td]:px-2 [&amp;>table>thead>tr>td]:py-1 [&amp;>table>thead>tr>th]:text-(length:--ui-font-size-xs)/(--ui-font-line-height-2xs) [&amp;>table>thead>tr>th]:px-2 [&amp;>table>thead>tr>th]:py-1 [&amp;>table>tbody>tr>td]:text-(length:--ui-font-size-xs)/(--ui-font-line-height-2xs) [&amp;>table>tbody>tr>td]:px-2 [&amp;>table>tbody>tr>td]:py-1 [&amp;>table>tbody>tr>th]:text-(length:--ui-font-size-xs)/(--ui-font-line-height-2xs) [&amp;>table>tbody>tr>th]:px-2 [&amp;>table>tbody>tr>th]:py-1 [&amp;>table>tfoot>tr>td]:text-(length:--ui-font-size-xs)/(--ui-font-line-height-2xs) [&amp;>table>tfoot>tr>th]:text-(length:--ui-font-size-xs)/(--ui-font-line-height-2xs) [&amp;>table>tfoot>tr>th]:px-2 [&amp;>table>tfoot>tr>th]:py-1 scrollbar-thin">&lt;table&gt;&lt;tbody&gt;&lt;tr&gt;&lt;th&gt;1&lt;/th&gt;&lt;td&gt;2&lt;/td&gt;&lt;/tr&gt;&lt;/tbody&gt;&lt;/table&gt;</div>"`;

exports[`DescriptionList > renders with zebra correctly 1`] = `"<div class="font-[family-name:var(--ui-font-family-primary)] [&amp;>table]:text-(length:--ui-font-size-md)/(--ui-font-line-height-md) [&amp;>table]:relative [&amp;>table]:w-full [&amp;>table]:text-left [&amp;>table]:rtl:text-right [&amp;>table]:text-(--b24ui-typography-label-color) [&amp;>table>thead>tr>td]:align-middle [&amp;>table>thead>tr>th]:align-middle [&amp;>table>tbody>tr>td]:align-middle [&amp;>table>tbody>tr>th]:align-middle [&amp;>table>tfoot>tr>td]:align-middle [&amp;>table>tfoot>tr>th]:align-middle [&amp;>table>thead>tr>td]:whitespace-nowrap [&amp;>table>thead>tr>td]:font-(--ui-font-weight-normal) [&amp;>table>thead>tr>th]:whitespace-nowrap [&amp;>table>thead>tr>th]:font-(--ui-font-weight-normal) [&amp;>table>tbody>tr>th]:whitespace-nowrap [&amp;>table>tbody>tr>th]:font-(--ui-font-weight-normal) [&amp;>table>tfoot>tr>td]:whitespace-nowrap [&amp;>table>tfoot>tr>td]:font-(--ui-font-weight-normal) [&amp;>table>tfoot>tr>th]:whitespace-nowrap [&amp;>table>tfoot>tr>th]:font-(--ui-font-weight-normal) [&amp;>table>thead>tr]:border-(--ui-color-divider-vibrant-accent-more) [&amp;>table>tbody>tr]:border-(--ui-color-divider-vibrant-default) [&amp;>table>tfoot]:border-(--ui-color-divider-vibrant-default) [&amp;>table>thead>tr]:border-b [&amp;>table>tbody>tr:not(:last-child)]:border-b [&amp;>table>tfoot]:border-t [&amp;>table>thead>tr>td]:text-(length:--ui-font-size-md)/(--ui-font-line-height-md) [&amp;>table>thead>tr>td]:px-4 [&amp;>table>thead>tr>td]:py-3.5 [&amp;>table>thead>tr>th]:text-(length:--ui-font-size-md)/(--ui-font-line-height-md) [&amp;>table>thead>tr>th]:px-4 [&amp;>table>thead>tr>th]:py-3.5 [&amp;>table>tbody>tr>td]:text-(length:--ui-font-size-md)/(--ui-font-line-height-md) [&amp;>table>tbody>tr>td]:px-4 [&amp;>table>tbody>tr>td]:py-3.5 [&amp;>table>tbody>tr>th]:text-(length:--ui-font-size-md)/(--ui-font-line-height-md) [&amp;>table>tbody>tr>th]:px-4 [&amp;>table>tbody>tr>th]:py-3.5 [&amp;>table>tfoot>tr>td]:text-(length:--ui-font-size-md)/(--ui-font-line-height-md) [&amp;>table>tfoot>tr>th]:text-(length:--ui-font-size-md)/(--ui-font-line-height-md) [&amp;>table>tfoot>tr>th]:px-4 [&amp;>table>tfoot>tr>th]:py-3.5 [&amp;>table>tbody>tr]:even:bg-(--ui-color-base-8) [&amp;>table>tbody>tr]:even:[&amp;>td]:bg-(--ui-color-base-8) [&amp;>table>tbody>tr]:even:[&amp;>th]:bg-(--ui-color-base-8) context-light:[&amp;>table>tbody>tr]:even:bg-(--ui-color-base-6) context-light:[&amp;>table>tbody>tr]:even:[&amp;>td]:bg-(--ui-color-base-6) context-light:[&amp;>table>tbody>tr]:even:[&amp;>th]:bg-(--ui-color-base-6) scrollbar-thin">&lt;table&gt;&lt;tbody&gt;&lt;tr&gt;&lt;th&gt;1&lt;/th&gt;&lt;td&gt;2&lt;/td&gt;&lt;/tr&gt;&lt;/tbody&gt;&lt;/table&gt;</div>"`;
