// Vitest Snapshot v1, https://vitest.dev/guide/snapshot.html

exports[`DescriptionList > renders with as correctly 1`] = `"<section class="font-b24-primary [&amp;>table]:text-md [&amp;>table]:relative [&amp;>table]:w-full [&amp;>table]:text-left [&amp;>table]:rtl:text-right [&amp;>table]:text-base-900 dark:[&amp;>table]:text-base-200 [&amp;>table>thead>tr>td]:align-middle [&amp;>table>thead>tr>th]:align-middle [&amp;>table>tbody>tr>td]:align-middle [&amp;>table>tbody>tr>th]:align-middle [&amp;>table>tfoot>tr>td]:align-middle [&amp;>table>tfoot>tr>th]:align-middle [&amp;>table>thead>tr>td]:whitespace-nowrap [&amp;>table>thead>tr>td]:font-normal [&amp;>table>thead>tr>th]:whitespace-nowrap [&amp;>table>thead>tr>th]:font-normal [&amp;>table>tbody>tr>th]:whitespace-nowrap [&amp;>table>tbody>tr>th]:font-normal [&amp;>table>tfoot>tr>td]:whitespace-nowrap [&amp;>table>tfoot>tr>td]:font-normal [&amp;>table>tfoot>tr>th]:whitespace-nowrap [&amp;>table>tfoot>tr>th]:font-normal [&amp;>table>thead>tr]:border-base-300 dark:[&amp;>table>thead>tr]:border-base-800 [&amp;>table>tbody>tr]:border-base-master/10 dark:[&amp;>table>tbody>tr]:border-base-100/20 [&amp;>table>tfoot]:border-base-300 dark:[&amp;>table>tfoot]:border-base-800 [&amp;>table>thead>tr]:border-b [&amp;>table>tbody>tr:not(:last-child)]:border-b [&amp;>table>tfoot]:border-t [&amp;>table>thead>tr>td]:text-md [&amp;>table>thead>tr>td]:px-4 [&amp;>table>thead>tr>td]:py-3.5 [&amp;>table>thead>tr>th]:text-md [&amp;>table>thead>tr>th]:px-4 [&amp;>table>thead>tr>th]:py-3.5 [&amp;>table>tbody>tr>td]:text-md [&amp;>table>tbody>tr>td]:px-4 [&amp;>table>tbody>tr>td]:py-3.5 [&amp;>table>tbody>tr>th]:text-md [&amp;>table>tbody>tr>th]:px-4 [&amp;>table>tbody>tr>th]:py-3.5 [&amp;>table>tfoot>tr>td]:text-md [&amp;>table>tfoot>tr>td]:px-4 [&amp;>table>tfoot>tr>td]:py-3.5 [&amp;>table>tfoot>tr>th]:text-md [&amp;>table>tfoot>tr>th]:px-4 [&amp;>table>tfoot>tr>th]:py-3.5 scrollbar-thin">&lt;table&gt;&lt;tbody&gt;&lt;tr&gt;&lt;th&gt;1&lt;/th&gt;&lt;td&gt;2&lt;/td&gt;&lt;/tr&gt;&lt;/tbody&gt;&lt;/table&gt;</section>"`;

exports[`DescriptionList > renders with b24ui correctly 1`] = `"<div class="font-b24-primary [&amp;>table]:text-md [&amp;>table]:relative [&amp;>table]:w-full [&amp;>table]:text-left [&amp;>table]:rtl:text-right [&amp;>table]:text-base-900 dark:[&amp;>table]:text-base-200 [&amp;>table>thead>tr>td]:align-middle [&amp;>table>thead>tr>th]:align-middle [&amp;>table>tbody>tr>td]:align-middle [&amp;>table>tbody>tr>th]:align-middle [&amp;>table>tfoot>tr>td]:align-middle [&amp;>table>tfoot>tr>th]:align-middle [&amp;>table>thead>tr>td]:whitespace-nowrap [&amp;>table>thead>tr>td]:font-normal [&amp;>table>thead>tr>th]:whitespace-nowrap [&amp;>table>thead>tr>th]:font-normal [&amp;>table>tbody>tr>th]:whitespace-nowrap [&amp;>table>tbody>tr>th]:font-normal [&amp;>table>tfoot>tr>td]:whitespace-nowrap [&amp;>table>tfoot>tr>td]:font-normal [&amp;>table>tfoot>tr>th]:whitespace-nowrap [&amp;>table>tfoot>tr>th]:font-normal [&amp;>table>thead>tr]:border-base-300 dark:[&amp;>table>thead>tr]:border-base-800 [&amp;>table>tbody>tr]:border-base-master/10 dark:[&amp;>table>tbody>tr]:border-base-100/20 [&amp;>table>tfoot]:border-base-300 dark:[&amp;>table>tfoot]:border-base-800 [&amp;>table>thead>tr]:border-b [&amp;>table>tbody>tr:not(:last-child)]:border-b [&amp;>table>tfoot]:border-t [&amp;>table>thead>tr>td]:text-md [&amp;>table>thead>tr>td]:px-4 [&amp;>table>thead>tr>td]:py-3.5 [&amp;>table>thead>tr>th]:text-md [&amp;>table>thead>tr>th]:px-4 [&amp;>table>thead>tr>th]:py-3.5 [&amp;>table>tbody>tr>td]:text-md [&amp;>table>tbody>tr>td]:px-4 [&amp;>table>tbody>tr>td]:py-3.5 [&amp;>table>tbody>tr>th]:text-md [&amp;>table>tbody>tr>th]:px-4 [&amp;>table>tbody>tr>th]:py-3.5 [&amp;>table>tfoot>tr>td]:text-md [&amp;>table>tfoot>tr>td]:px-4 [&amp;>table>tfoot>tr>td]:py-3.5 [&amp;>table>tfoot>tr>th]:text-md [&amp;>table>tfoot>tr>th]:px-4 [&amp;>table>tfoot>tr>th]:py-3.5 scrollbar-thin font-bold">&lt;table&gt;&lt;tbody&gt;&lt;tr&gt;&lt;th&gt;1&lt;/th&gt;&lt;td&gt;2&lt;/td&gt;&lt;/tr&gt;&lt;/tbody&gt;&lt;/table&gt;</div>"`;

exports[`DescriptionList > renders with bordered correctly 1`] = `"<div class="font-b24-primary [&amp;>table]:text-md [&amp;>table]:relative [&amp;>table]:w-full [&amp;>table]:text-left [&amp;>table]:rtl:text-right [&amp;>table]:text-base-900 dark:[&amp;>table]:text-base-200 [&amp;>table>thead>tr>td]:align-middle [&amp;>table>thead>tr>th]:align-middle [&amp;>table>tbody>tr>td]:align-middle [&amp;>table>tbody>tr>th]:align-middle [&amp;>table>tfoot>tr>td]:align-middle [&amp;>table>tfoot>tr>th]:align-middle [&amp;>table>thead>tr>td]:whitespace-nowrap [&amp;>table>thead>tr>td]:font-normal [&amp;>table>thead>tr>th]:whitespace-nowrap [&amp;>table>thead>tr>th]:font-normal [&amp;>table>tbody>tr>th]:whitespace-nowrap [&amp;>table>tbody>tr>th]:font-normal [&amp;>table>tfoot>tr>td]:whitespace-nowrap [&amp;>table>tfoot>tr>td]:font-normal [&amp;>table>tfoot>tr>th]:whitespace-nowrap [&amp;>table>tfoot>tr>th]:font-normal [&amp;>table>thead>tr]:border-base-300 dark:[&amp;>table>thead>tr]:border-base-800 [&amp;>table>tbody>tr]:border-base-master/10 dark:[&amp;>table>tbody>tr]:border-base-100/20 [&amp;>table>tfoot]:border-base-300 dark:[&amp;>table>tfoot]:border-base-800 [&amp;>table>thead>tr]:border-b [&amp;>table>tbody>tr:not(:last-child)]:border-b [&amp;>table>tfoot]:border-t [&amp;>table>thead>tr>td]:text-md [&amp;>table>thead>tr>td]:px-4 [&amp;>table>thead>tr>td]:py-3.5 [&amp;>table>thead>tr>th]:text-md [&amp;>table>thead>tr>th]:px-4 [&amp;>table>thead>tr>th]:py-3.5 [&amp;>table>tbody>tr>td]:text-md [&amp;>table>tbody>tr>td]:px-4 [&amp;>table>tbody>tr>td]:py-3.5 [&amp;>table>tbody>tr>th]:text-md [&amp;>table>tbody>tr>th]:px-4 [&amp;>table>tbody>tr>th]:py-3.5 [&amp;>table>tfoot>tr>td]:text-md [&amp;>table>tfoot>tr>td]:px-4 [&amp;>table>tfoot>tr>td]:py-3.5 [&amp;>table>tfoot>tr>th]:text-md [&amp;>table>tfoot>tr>th]:px-4 [&amp;>table>tfoot>tr>th]:py-3.5 border border-base-master/10 dark:border-base-800 scrollbar-thin">&lt;table&gt;&lt;tbody&gt;&lt;tr&gt;&lt;th&gt;1&lt;/th&gt;&lt;td&gt;2&lt;/td&gt;&lt;/tr&gt;&lt;/tbody&gt;&lt;/table&gt;</div>"`;

exports[`DescriptionList > renders with class correctly 1`] = `"<div class="font-b24-primary [&amp;>table]:text-md [&amp;>table]:relative [&amp;>table]:w-full [&amp;>table]:text-left [&amp;>table]:rtl:text-right [&amp;>table]:text-base-900 dark:[&amp;>table]:text-base-200 [&amp;>table>thead>tr>td]:align-middle [&amp;>table>thead>tr>th]:align-middle [&amp;>table>tbody>tr>td]:align-middle [&amp;>table>tbody>tr>th]:align-middle [&amp;>table>tfoot>tr>td]:align-middle [&amp;>table>tfoot>tr>th]:align-middle [&amp;>table>thead>tr>td]:whitespace-nowrap [&amp;>table>thead>tr>td]:font-normal [&amp;>table>thead>tr>th]:whitespace-nowrap [&amp;>table>thead>tr>th]:font-normal [&amp;>table>tbody>tr>th]:whitespace-nowrap [&amp;>table>tbody>tr>th]:font-normal [&amp;>table>tfoot>tr>td]:whitespace-nowrap [&amp;>table>tfoot>tr>td]:font-normal [&amp;>table>tfoot>tr>th]:whitespace-nowrap [&amp;>table>tfoot>tr>th]:font-normal [&amp;>table>thead>tr]:border-base-300 dark:[&amp;>table>thead>tr]:border-base-800 [&amp;>table>tbody>tr]:border-base-master/10 dark:[&amp;>table>tbody>tr]:border-base-100/20 [&amp;>table>tfoot]:border-base-300 dark:[&amp;>table>tfoot]:border-base-800 [&amp;>table>thead>tr]:border-b [&amp;>table>tbody>tr:not(:last-child)]:border-b [&amp;>table>tfoot]:border-t [&amp;>table>thead>tr>td]:text-md [&amp;>table>thead>tr>td]:px-4 [&amp;>table>thead>tr>td]:py-3.5 [&amp;>table>thead>tr>th]:text-md [&amp;>table>thead>tr>th]:px-4 [&amp;>table>thead>tr>th]:py-3.5 [&amp;>table>tbody>tr>td]:text-md [&amp;>table>tbody>tr>td]:px-4 [&amp;>table>tbody>tr>td]:py-3.5 [&amp;>table>tbody>tr>th]:text-md [&amp;>table>tbody>tr>th]:px-4 [&amp;>table>tbody>tr>th]:py-3.5 [&amp;>table>tfoot>tr>td]:text-md [&amp;>table>tfoot>tr>td]:px-4 [&amp;>table>tfoot>tr>td]:py-3.5 [&amp;>table>tfoot>tr>th]:text-md [&amp;>table>tfoot>tr>th]:px-4 [&amp;>table>tfoot>tr>th]:py-3.5 scrollbar-thin overflow-x-auto w-full">&lt;table&gt;&lt;tbody&gt;&lt;tr&gt;&lt;th&gt;1&lt;/th&gt;&lt;td&gt;2&lt;/td&gt;&lt;/tr&gt;&lt;/tbody&gt;&lt;/table&gt;</div>"`;

exports[`DescriptionList > renders with default slot correctly 1`] = `"<div class="font-b24-primary [&amp;>table]:text-md [&amp;>table]:relative [&amp;>table]:w-full [&amp;>table]:text-left [&amp;>table]:rtl:text-right [&amp;>table]:text-base-900 dark:[&amp;>table]:text-base-200 [&amp;>table>thead>tr>td]:align-middle [&amp;>table>thead>tr>th]:align-middle [&amp;>table>tbody>tr>td]:align-middle [&amp;>table>tbody>tr>th]:align-middle [&amp;>table>tfoot>tr>td]:align-middle [&amp;>table>tfoot>tr>th]:align-middle [&amp;>table>thead>tr>td]:whitespace-nowrap [&amp;>table>thead>tr>td]:font-normal [&amp;>table>thead>tr>th]:whitespace-nowrap [&amp;>table>thead>tr>th]:font-normal [&amp;>table>tbody>tr>th]:whitespace-nowrap [&amp;>table>tbody>tr>th]:font-normal [&amp;>table>tfoot>tr>td]:whitespace-nowrap [&amp;>table>tfoot>tr>td]:font-normal [&amp;>table>tfoot>tr>th]:whitespace-nowrap [&amp;>table>tfoot>tr>th]:font-normal [&amp;>table>thead>tr]:border-base-300 dark:[&amp;>table>thead>tr]:border-base-800 [&amp;>table>tbody>tr]:border-base-master/10 dark:[&amp;>table>tbody>tr]:border-base-100/20 [&amp;>table>tfoot]:border-base-300 dark:[&amp;>table>tfoot]:border-base-800 [&amp;>table>thead>tr]:border-b [&amp;>table>tbody>tr:not(:last-child)]:border-b [&amp;>table>tfoot]:border-t [&amp;>table>thead>tr>td]:text-md [&amp;>table>thead>tr>td]:px-4 [&amp;>table>thead>tr>td]:py-3.5 [&amp;>table>thead>tr>th]:text-md [&amp;>table>thead>tr>th]:px-4 [&amp;>table>thead>tr>th]:py-3.5 [&amp;>table>tbody>tr>td]:text-md [&amp;>table>tbody>tr>td]:px-4 [&amp;>table>tbody>tr>td]:py-3.5 [&amp;>table>tbody>tr>th]:text-md [&amp;>table>tbody>tr>th]:px-4 [&amp;>table>tbody>tr>th]:py-3.5 [&amp;>table>tfoot>tr>td]:text-md [&amp;>table>tfoot>tr>td]:px-4 [&amp;>table>tfoot>tr>td]:py-3.5 [&amp;>table>tfoot>tr>th]:text-md [&amp;>table>tfoot>tr>th]:px-4 [&amp;>table>tfoot>tr>th]:py-3.5 scrollbar-thin">&lt;table&gt;&lt;tbody&gt;&lt;tr&gt;&lt;th&gt;1&lt;/th&gt;&lt;td&gt;2&lt;/td&gt;&lt;/tr&gt;&lt;/tbody&gt;&lt;/table&gt;</div>"`;

exports[`DescriptionList > renders with pinCols correctly 1`] = `"<div class="font-b24-primary [&amp;>table]:text-md [&amp;>table]:relative [&amp;>table]:w-full [&amp;>table]:text-left [&amp;>table]:rtl:text-right [&amp;>table]:text-base-900 dark:[&amp;>table]:text-base-200 [&amp;>table>thead>tr>td]:align-middle [&amp;>table>thead>tr>th]:align-middle [&amp;>table>tbody>tr>td]:align-middle [&amp;>table>tbody>tr>th]:align-middle [&amp;>table>tfoot>tr>td]:align-middle [&amp;>table>tfoot>tr>th]:align-middle [&amp;>table>thead>tr>td]:whitespace-nowrap [&amp;>table>thead>tr>td]:font-normal [&amp;>table>thead>tr>th]:whitespace-nowrap [&amp;>table>thead>tr>th]:font-normal [&amp;>table>tbody>tr>th]:whitespace-nowrap [&amp;>table>tbody>tr>th]:font-normal [&amp;>table>tfoot>tr>td]:whitespace-nowrap [&amp;>table>tfoot>tr>td]:font-normal [&amp;>table>tfoot>tr>th]:whitespace-nowrap [&amp;>table>tfoot>tr>th]:font-normal [&amp;>table>thead>tr]:border-base-300 dark:[&amp;>table>thead>tr]:border-base-800 [&amp;>table>tbody>tr]:border-base-master/10 dark:[&amp;>table>tbody>tr]:border-base-100/20 [&amp;>table>tfoot]:border-base-300 dark:[&amp;>table>tfoot]:border-base-800 [&amp;>table>thead>tr]:border-b [&amp;>table>tbody>tr:not(:last-child)]:border-b [&amp;>table>tfoot]:border-t [&amp;>table>thead>tr>td]:text-md [&amp;>table>thead>tr>td]:px-4 [&amp;>table>thead>tr>td]:py-3.5 [&amp;>table>thead>tr>th]:text-md [&amp;>table>thead>tr>th]:px-4 [&amp;>table>thead>tr>th]:py-3.5 [&amp;>table>tbody>tr>td]:text-md [&amp;>table>tbody>tr>td]:px-4 [&amp;>table>tbody>tr>td]:py-3.5 [&amp;>table>tbody>tr>th]:text-md [&amp;>table>tbody>tr>th]:px-4 [&amp;>table>tbody>tr>th]:py-3.5 [&amp;>table>tfoot>tr>td]:text-md [&amp;>table>tfoot>tr>td]:px-4 [&amp;>table>tfoot>tr>td]:py-3.5 [&amp;>table>tfoot>tr>th]:text-md [&amp;>table>tfoot>tr>th]:px-4 [&amp;>table>tfoot>tr>th]:py-3.5 [&amp;>table>thead>tr>th]:sticky [&amp;>table>thead>tr>th]:right-0 [&amp;>table>thead>tr>th]:left-0 [&amp;>table>thead>tr>th]:bg-base-20 dark:[&amp;>table>thead>tr>th]:bg-base-dark [&amp;>table>tbody>tr>th]:sticky [&amp;>table>tbody>tr>th]:right-0 [&amp;>table>tbody>tr>th]:left-0 [&amp;>table>tbody>tr>th]:bg-base-20 dark:[&amp;>table>tbody>tr>th]:bg-base-dark [&amp;>table>tfoot>tr>th]:sticky [&amp;>table>tfoot>tr>th]:right-0 [&amp;>table>tfoot>tr>th]:left-0 [&amp;>table>tfoot>tr>th]:bg-base-20 dark:[&amp;>table>tfoot>tr>th]:bg-base-dark scrollbar-thin">&lt;table&gt;&lt;tbody&gt;&lt;tr&gt;&lt;th&gt;1&lt;/th&gt;&lt;td&gt;2&lt;/td&gt;&lt;/tr&gt;&lt;/tbody&gt;&lt;/table&gt;</div>"`;

exports[`DescriptionList > renders with pinRows correctly 1`] = `"<div class="font-b24-primary [&amp;>table]:text-md [&amp;>table]:relative [&amp;>table]:w-full [&amp;>table]:text-left [&amp;>table]:rtl:text-right [&amp;>table]:text-base-900 dark:[&amp;>table]:text-base-200 [&amp;>table>thead>tr>td]:align-middle [&amp;>table>thead>tr>th]:align-middle [&amp;>table>tbody>tr>td]:align-middle [&amp;>table>tbody>tr>th]:align-middle [&amp;>table>tfoot>tr>td]:align-middle [&amp;>table>tfoot>tr>th]:align-middle [&amp;>table>thead>tr>td]:whitespace-nowrap [&amp;>table>thead>tr>td]:font-normal [&amp;>table>thead>tr>th]:whitespace-nowrap [&amp;>table>thead>tr>th]:font-normal [&amp;>table>tbody>tr>th]:whitespace-nowrap [&amp;>table>tbody>tr>th]:font-normal [&amp;>table>tfoot>tr>td]:whitespace-nowrap [&amp;>table>tfoot>tr>td]:font-normal [&amp;>table>tfoot>tr>th]:whitespace-nowrap [&amp;>table>tfoot>tr>th]:font-normal [&amp;>table>thead>tr]:border-base-300 dark:[&amp;>table>thead>tr]:border-base-800 [&amp;>table>tbody>tr]:border-base-master/10 dark:[&amp;>table>tbody>tr]:border-base-100/20 [&amp;>table>tfoot]:border-base-300 dark:[&amp;>table>tfoot]:border-base-800 [&amp;>table>thead>tr]:border-b [&amp;>table>tbody>tr:not(:last-child)]:border-b [&amp;>table>tfoot]:border-t [&amp;>table>thead>tr>td]:text-md [&amp;>table>thead>tr>td]:px-4 [&amp;>table>thead>tr>td]:py-3.5 [&amp;>table>thead>tr>th]:text-md [&amp;>table>thead>tr>th]:px-4 [&amp;>table>thead>tr>th]:py-3.5 [&amp;>table>tbody>tr>td]:text-md [&amp;>table>tbody>tr>td]:px-4 [&amp;>table>tbody>tr>td]:py-3.5 [&amp;>table>tbody>tr>th]:text-md [&amp;>table>tbody>tr>th]:px-4 [&amp;>table>tbody>tr>th]:py-3.5 [&amp;>table>tfoot>tr>td]:text-md [&amp;>table>tfoot>tr>td]:px-4 [&amp;>table>tfoot>tr>td]:py-3.5 [&amp;>table>tfoot>tr>th]:text-md [&amp;>table>tfoot>tr>th]:px-4 [&amp;>table>tfoot>tr>th]:py-3.5 [&amp;>table>thead>tr]:sticky [&amp;>table>thead>tr]:top-0 [&amp;>table>thead>tr]:z-1 [&amp;>table>thead>tr]:bg-white dark:[&amp;>table>thead>tr]:bg-base-dark [&amp;>table>thead>tr]:shadow-bottom-sm [&amp;>table>tfoot>tr]:sticky [&amp;>table>tfoot>tr]:bottom-0 [&amp;>table>tfoot>tr]:z-1 [&amp;>table>tfoot>tr]:bg-white dark:[&amp;>table>tfoot>tr]:bg-base-dark [&amp;>table>tfoot>tr]:shadow-top-sm scrollbar-thin">&lt;table&gt;&lt;tbody&gt;&lt;tr&gt;&lt;th&gt;1&lt;/th&gt;&lt;td&gt;2&lt;/td&gt;&lt;/tr&gt;&lt;/tbody&gt;&lt;/table&gt;</div>"`;

exports[`DescriptionList > renders with rounded correctly 1`] = `"<div class="font-b24-primary [&amp;>table]:text-md [&amp;>table]:relative [&amp;>table]:w-full [&amp;>table]:text-left [&amp;>table]:rtl:text-right [&amp;>table]:text-base-900 dark:[&amp;>table]:text-base-200 [&amp;>table>thead>tr>td]:align-middle [&amp;>table>thead>tr>th]:align-middle [&amp;>table>tbody>tr>td]:align-middle [&amp;>table>tbody>tr>th]:align-middle [&amp;>table>tfoot>tr>td]:align-middle [&amp;>table>tfoot>tr>th]:align-middle [&amp;>table>thead>tr>td]:whitespace-nowrap [&amp;>table>thead>tr>td]:font-normal [&amp;>table>thead>tr>th]:whitespace-nowrap [&amp;>table>thead>tr>th]:font-normal [&amp;>table>tbody>tr>th]:whitespace-nowrap [&amp;>table>tbody>tr>th]:font-normal [&amp;>table>tfoot>tr>td]:whitespace-nowrap [&amp;>table>tfoot>tr>td]:font-normal [&amp;>table>tfoot>tr>th]:whitespace-nowrap [&amp;>table>tfoot>tr>th]:font-normal [&amp;>table>thead>tr]:border-base-300 dark:[&amp;>table>thead>tr]:border-base-800 [&amp;>table>tbody>tr]:border-base-master/10 dark:[&amp;>table>tbody>tr]:border-base-100/20 [&amp;>table>tfoot]:border-base-300 dark:[&amp;>table>tfoot]:border-base-800 [&amp;>table>thead>tr]:border-b [&amp;>table>tbody>tr:not(:last-child)]:border-b [&amp;>table>tfoot]:border-t [&amp;>table>thead>tr>td]:text-md [&amp;>table>thead>tr>td]:px-4 [&amp;>table>thead>tr>td]:py-3.5 [&amp;>table>thead>tr>th]:text-md [&amp;>table>thead>tr>th]:px-4 [&amp;>table>thead>tr>th]:py-3.5 [&amp;>table>tbody>tr>td]:text-md [&amp;>table>tbody>tr>td]:px-4 [&amp;>table>tbody>tr>td]:py-3.5 [&amp;>table>tbody>tr>th]:text-md [&amp;>table>tbody>tr>th]:px-4 [&amp;>table>tbody>tr>th]:py-3.5 [&amp;>table>tfoot>tr>td]:text-md [&amp;>table>tfoot>tr>td]:px-4 [&amp;>table>tfoot>tr>td]:py-3.5 [&amp;>table>tfoot>tr>th]:text-md [&amp;>table>tfoot>tr>th]:px-4 [&amp;>table>tfoot>tr>th]:py-3.5 rounded-md scrollbar-thin">&lt;table&gt;&lt;tbody&gt;&lt;tr&gt;&lt;th&gt;1&lt;/th&gt;&lt;td&gt;2&lt;/td&gt;&lt;/tr&gt;&lt;/tbody&gt;&lt;/table&gt;</div>"`;

exports[`DescriptionList > renders with rowHover correctly 1`] = `"<div class="font-b24-primary [&amp;>table]:text-md [&amp;>table]:relative [&amp;>table]:w-full [&amp;>table]:text-left [&amp;>table]:rtl:text-right [&amp;>table]:text-base-900 dark:[&amp;>table]:text-base-200 [&amp;>table>thead>tr>td]:align-middle [&amp;>table>thead>tr>th]:align-middle [&amp;>table>tbody>tr>td]:align-middle [&amp;>table>tbody>tr>th]:align-middle [&amp;>table>tfoot>tr>td]:align-middle [&amp;>table>tfoot>tr>th]:align-middle [&amp;>table>thead>tr>td]:whitespace-nowrap [&amp;>table>thead>tr>td]:font-normal [&amp;>table>thead>tr>th]:whitespace-nowrap [&amp;>table>thead>tr>th]:font-normal [&amp;>table>tbody>tr>th]:whitespace-nowrap [&amp;>table>tbody>tr>th]:font-normal [&amp;>table>tfoot>tr>td]:whitespace-nowrap [&amp;>table>tfoot>tr>td]:font-normal [&amp;>table>tfoot>tr>th]:whitespace-nowrap [&amp;>table>tfoot>tr>th]:font-normal [&amp;>table>thead>tr]:border-base-300 dark:[&amp;>table>thead>tr]:border-base-800 [&amp;>table>tbody>tr]:border-base-master/10 dark:[&amp;>table>tbody>tr]:border-base-100/20 [&amp;>table>tfoot]:border-base-300 dark:[&amp;>table>tfoot]:border-base-800 [&amp;>table>thead>tr]:border-b [&amp;>table>tbody>tr:not(:last-child)]:border-b [&amp;>table>tfoot]:border-t [&amp;>table>thead>tr>td]:text-md [&amp;>table>thead>tr>td]:px-4 [&amp;>table>thead>tr>td]:py-3.5 [&amp;>table>thead>tr>th]:text-md [&amp;>table>thead>tr>th]:px-4 [&amp;>table>thead>tr>th]:py-3.5 [&amp;>table>tbody>tr>td]:text-md [&amp;>table>tbody>tr>td]:px-4 [&amp;>table>tbody>tr>td]:py-3.5 [&amp;>table>tbody>tr>th]:text-md [&amp;>table>tbody>tr>th]:px-4 [&amp;>table>tbody>tr>th]:py-3.5 [&amp;>table>tfoot>tr>td]:text-md [&amp;>table>tfoot>tr>td]:px-4 [&amp;>table>tfoot>tr>td]:py-3.5 [&amp;>table>tfoot>tr>th]:text-md [&amp;>table>tfoot>tr>th]:px-4 [&amp;>table>tfoot>tr>th]:py-3.5 [&amp;>table>tbody>tr]:hover:bg-base-40 [&amp;>table>tbody>tr]:hover:[&amp;>td]:bg-base-40 [&amp;>table>tbody>tr]:hover:[&amp;>th]:bg-base-40 dark:[&amp;>table>tbody>tr]:hover:bg-base-900 dark:[&amp;>table>tbody>tr]:hover:[&amp;>td]:bg-base-900 dark:[&amp;>table>tbody>tr]:hover:[&amp;>th]:bg-base-900 scrollbar-thin">&lt;table&gt;&lt;tbody&gt;&lt;tr&gt;&lt;th&gt;1&lt;/th&gt;&lt;td&gt;2&lt;/td&gt;&lt;/tr&gt;&lt;/tbody&gt;&lt;/table&gt;</div>"`;

exports[`DescriptionList > renders with scrollbarThin correctly 1`] = `"<div class="font-b24-primary [&amp;>table]:text-md [&amp;>table]:relative [&amp;>table]:w-full [&amp;>table]:text-left [&amp;>table]:rtl:text-right [&amp;>table]:text-base-900 dark:[&amp;>table]:text-base-200 [&amp;>table>thead>tr>td]:align-middle [&amp;>table>thead>tr>th]:align-middle [&amp;>table>tbody>tr>td]:align-middle [&amp;>table>tbody>tr>th]:align-middle [&amp;>table>tfoot>tr>td]:align-middle [&amp;>table>tfoot>tr>th]:align-middle [&amp;>table>thead>tr>td]:whitespace-nowrap [&amp;>table>thead>tr>td]:font-normal [&amp;>table>thead>tr>th]:whitespace-nowrap [&amp;>table>thead>tr>th]:font-normal [&amp;>table>tbody>tr>th]:whitespace-nowrap [&amp;>table>tbody>tr>th]:font-normal [&amp;>table>tfoot>tr>td]:whitespace-nowrap [&amp;>table>tfoot>tr>td]:font-normal [&amp;>table>tfoot>tr>th]:whitespace-nowrap [&amp;>table>tfoot>tr>th]:font-normal [&amp;>table>thead>tr]:border-base-300 dark:[&amp;>table>thead>tr]:border-base-800 [&amp;>table>tbody>tr]:border-base-master/10 dark:[&amp;>table>tbody>tr]:border-base-100/20 [&amp;>table>tfoot]:border-base-300 dark:[&amp;>table>tfoot]:border-base-800 [&amp;>table>thead>tr]:border-b [&amp;>table>tbody>tr:not(:last-child)]:border-b [&amp;>table>tfoot]:border-t [&amp;>table>thead>tr>td]:text-md [&amp;>table>thead>tr>td]:px-4 [&amp;>table>thead>tr>td]:py-3.5 [&amp;>table>thead>tr>th]:text-md [&amp;>table>thead>tr>th]:px-4 [&amp;>table>thead>tr>th]:py-3.5 [&amp;>table>tbody>tr>td]:text-md [&amp;>table>tbody>tr>td]:px-4 [&amp;>table>tbody>tr>td]:py-3.5 [&amp;>table>tbody>tr>th]:text-md [&amp;>table>tbody>tr>th]:px-4 [&amp;>table>tbody>tr>th]:py-3.5 [&amp;>table>tfoot>tr>td]:text-md [&amp;>table>tfoot>tr>td]:px-4 [&amp;>table>tfoot>tr>td]:py-3.5 [&amp;>table>tfoot>tr>th]:text-md [&amp;>table>tfoot>tr>th]:px-4 [&amp;>table>tfoot>tr>th]:py-3.5">&lt;table&gt;&lt;tbody&gt;&lt;tr&gt;&lt;th&gt;1&lt;/th&gt;&lt;td&gt;2&lt;/td&gt;&lt;/tr&gt;&lt;/tbody&gt;&lt;/table&gt;</div>"`;

exports[`DescriptionList > renders with size xs correctly 1`] = `"<div class="font-b24-primary [&amp;>table]:text-md [&amp;>table]:relative [&amp;>table]:w-full [&amp;>table]:text-left [&amp;>table]:rtl:text-right [&amp;>table]:text-base-900 dark:[&amp;>table]:text-base-200 [&amp;>table>thead>tr>td]:align-middle [&amp;>table>thead>tr>th]:align-middle [&amp;>table>tbody>tr>td]:align-middle [&amp;>table>tbody>tr>th]:align-middle [&amp;>table>tfoot>tr>td]:align-middle [&amp;>table>tfoot>tr>th]:align-middle [&amp;>table>thead>tr>td]:whitespace-nowrap [&amp;>table>thead>tr>td]:font-normal [&amp;>table>thead>tr>th]:whitespace-nowrap [&amp;>table>thead>tr>th]:font-normal [&amp;>table>tbody>tr>th]:whitespace-nowrap [&amp;>table>tbody>tr>th]:font-normal [&amp;>table>tfoot>tr>td]:whitespace-nowrap [&amp;>table>tfoot>tr>td]:font-normal [&amp;>table>tfoot>tr>th]:whitespace-nowrap [&amp;>table>tfoot>tr>th]:font-normal [&amp;>table>thead>tr]:border-base-300 dark:[&amp;>table>thead>tr]:border-base-800 [&amp;>table>tbody>tr]:border-base-master/10 dark:[&amp;>table>tbody>tr]:border-base-100/20 [&amp;>table>tfoot]:border-base-300 dark:[&amp;>table>tfoot]:border-base-800 [&amp;>table>thead>tr]:border-b [&amp;>table>tbody>tr:not(:last-child)]:border-b [&amp;>table>tfoot]:border-t [&amp;>table>thead>tr>td]:text-xs [&amp;>table>thead>tr>td]:px-2 [&amp;>table>thead>tr>td]:py-1 [&amp;>table>thead>tr>th]:text-xs [&amp;>table>thead>tr>th]:px-2 [&amp;>table>thead>tr>th]:py-1 [&amp;>table>tbody>tr>td]:text-xs [&amp;>table>tbody>tr>td]:px-2 [&amp;>table>tbody>tr>td]:py-1 [&amp;>table>tbody>tr>th]:text-xs [&amp;>table>tbody>tr>th]:px-2 [&amp;>table>tbody>tr>th]:py-1 [&amp;>table>tfoot>tr>td]:text-xs [&amp;>table>tfoot>tr>td]:px-2 [&amp;>table>tfoot>tr>td]:py-1 [&amp;>table>tfoot>tr>th]:text-xs [&amp;>table>tfoot>tr>th]:px-2 [&amp;>table>tfoot>tr>th]:py-1 scrollbar-thin">&lt;table&gt;&lt;tbody&gt;&lt;tr&gt;&lt;th&gt;1&lt;/th&gt;&lt;td&gt;2&lt;/td&gt;&lt;/tr&gt;&lt;/tbody&gt;&lt;/table&gt;</div>"`;

exports[`DescriptionList > renders with zebra correctly 1`] = `"<div class="font-b24-primary [&amp;>table]:text-md [&amp;>table]:relative [&amp;>table]:w-full [&amp;>table]:text-left [&amp;>table]:rtl:text-right [&amp;>table]:text-base-900 dark:[&amp;>table]:text-base-200 [&amp;>table>thead>tr>td]:align-middle [&amp;>table>thead>tr>th]:align-middle [&amp;>table>tbody>tr>td]:align-middle [&amp;>table>tbody>tr>th]:align-middle [&amp;>table>tfoot>tr>td]:align-middle [&amp;>table>tfoot>tr>th]:align-middle [&amp;>table>thead>tr>td]:whitespace-nowrap [&amp;>table>thead>tr>td]:font-normal [&amp;>table>thead>tr>th]:whitespace-nowrap [&amp;>table>thead>tr>th]:font-normal [&amp;>table>tbody>tr>th]:whitespace-nowrap [&amp;>table>tbody>tr>th]:font-normal [&amp;>table>tfoot>tr>td]:whitespace-nowrap [&amp;>table>tfoot>tr>td]:font-normal [&amp;>table>tfoot>tr>th]:whitespace-nowrap [&amp;>table>tfoot>tr>th]:font-normal [&amp;>table>thead>tr]:border-base-300 dark:[&amp;>table>thead>tr]:border-base-800 [&amp;>table>tbody>tr]:border-base-master/10 dark:[&amp;>table>tbody>tr]:border-base-100/20 [&amp;>table>tfoot]:border-base-300 dark:[&amp;>table>tfoot]:border-base-800 [&amp;>table>thead>tr]:border-b [&amp;>table>tbody>tr:not(:last-child)]:border-b [&amp;>table>tfoot]:border-t [&amp;>table>thead>tr>td]:text-md [&amp;>table>thead>tr>td]:px-4 [&amp;>table>thead>tr>td]:py-3.5 [&amp;>table>thead>tr>th]:text-md [&amp;>table>thead>tr>th]:px-4 [&amp;>table>thead>tr>th]:py-3.5 [&amp;>table>tbody>tr>td]:text-md [&amp;>table>tbody>tr>td]:px-4 [&amp;>table>tbody>tr>td]:py-3.5 [&amp;>table>tbody>tr>th]:text-md [&amp;>table>tbody>tr>th]:px-4 [&amp;>table>tbody>tr>th]:py-3.5 [&amp;>table>tfoot>tr>td]:text-md [&amp;>table>tfoot>tr>td]:px-4 [&amp;>table>tfoot>tr>td]:py-3.5 [&amp;>table>tfoot>tr>th]:text-md [&amp;>table>tfoot>tr>th]:px-4 [&amp;>table>tfoot>tr>th]:py-3.5 [&amp;>table>tbody>tr]:even:bg-base-30 [&amp;>table>tbody>tr]:even:[&amp;>td]:bg-base-30 [&amp;>table>tbody>tr]:even:[&amp;>th]:bg-base-30 dark:[&amp;>table>tbody>tr]:even:bg-base-dark dark:[&amp;>table>tbody>tr]:even:[&amp;>td]:bg-base-dark dark:[&amp;>table>tbody>tr]:even:[&amp;>th]:bg-base-dark scrollbar-thin">&lt;table&gt;&lt;tbody&gt;&lt;tr&gt;&lt;th&gt;1&lt;/th&gt;&lt;td&gt;2&lt;/td&gt;&lt;/tr&gt;&lt;/tbody&gt;&lt;/table&gt;</div>"`;
