// Vitest Snapshot v1, https://vitest.dev/guide/snapshot.html

exports[`Advice > renders with as correctly 1`] = `
"<div class="context-light style-outline-accent-1 flex items-end">
  <!--v-if-->
  <div class="relative">
    <div class="absolute w-[14px] h-[12px] start-[0.8px] bottom-[9px] rtl:-scale-x-100"><svg xmlns="http://www.w3.org/2000/svg" width="14" height="12" viewBox="0 0 14 12" fill="none">
        <path class="fill-(--b24ui-background) context-dark:fill-(--ui-color-base-6)" fill-rule="evenodd" clip-rule="evenodd" d="M11.3513 11.1621C11.3492 11.1591 11.3471 11.1562 11.3449 11.1532C8.41055 10.7202 3.75061 9.56187 0.411676 6.46663C-0.404067 5.71042 0.0889447 4.42611 1.14665 4.08179C3.50511 3.31403 5.56665 2.10552 7.2199 0.897773L7.23071 0.893616L8.27368 0.163147L10.7925 5.46165L13.8677 11.5454L11.3513 11.1621Z"></path>
        <path class="fill-(--b24ui-border-color)" fill-rule="evenodd" clip-rule="evenodd" d="M11.4909 10.1639C11.7603 10.2036 12.0018 10.3515 12.1597 10.5733C12.3534 10.8456 12.5531 11.1134 12.7585 11.3765L11.3513 11.1621C11.3492 11.1591 11.3471 11.1561 11.3449 11.1531C8.41055 10.7202 3.75061 9.56187 0.411676 6.46662C-0.404067 5.71041 0.0889447 4.4261 1.14665 4.08178C3.50511 3.31403 5.56665 2.10551 7.2199 0.897764L7.23071 0.893607L8.16412 0.239868C8.18419 0.40792 8.20611 0.57539 8.22987 0.742259C8.28188 1.1077 8.12836 1.47208 7.8305 1.6901C6.11459 2.94612 3.95168 4.2203 1.45619 5.03267C1.22829 5.10686 1.07777 5.27921 1.02492 5.43712C1.00004 5.51147 1.00122 5.56804 1.00948 5.60492C1.01647 5.63618 1.03368 5.67964 1.09152 5.73326C4.20493 8.61944 8.61693 9.73979 11.4909 10.1639Z"></path>
      </svg></div>
    <div class="grow w-11/12 py-3 px-md2 ms-2 rounded-[23px] font-[family-name:var(--ui-font-family-secondary)] text-(length:--ui-font-size-md)/(--ui-font-line-height-md) font-(--ui-font-weight-normal) border-1 border-(--b24ui-border-color) bg-(--b24ui-background) text-(--b24ui-color) context-dark:bg-(--ui-color-base-6)"></div>
  </div>
</div>"
`;

exports[`Advice > renders with b24ui correctly 1`] = `
"<div class="context-light style-outline-accent-1 flex items-end">
  <!--v-if-->
  <div class="relative">
    <div class="absolute w-[14px] h-[12px] start-[0.8px] bottom-[9px] rtl:-scale-x-100"><svg xmlns="http://www.w3.org/2000/svg" width="14" height="12" viewBox="0 0 14 12" fill="none">
        <path class="fill-(--b24ui-background) context-dark:fill-(--ui-color-base-6)" fill-rule="evenodd" clip-rule="evenodd" d="M11.3513 11.1621C11.3492 11.1591 11.3471 11.1562 11.3449 11.1532C8.41055 10.7202 3.75061 9.56187 0.411676 6.46663C-0.404067 5.71042 0.0889447 4.42611 1.14665 4.08179C3.50511 3.31403 5.56665 2.10552 7.2199 0.897773L7.23071 0.893616L8.27368 0.163147L10.7925 5.46165L13.8677 11.5454L11.3513 11.1621Z"></path>
        <path class="fill-(--b24ui-border-color)" fill-rule="evenodd" clip-rule="evenodd" d="M11.4909 10.1639C11.7603 10.2036 12.0018 10.3515 12.1597 10.5733C12.3534 10.8456 12.5531 11.1134 12.7585 11.3765L11.3513 11.1621C11.3492 11.1591 11.3471 11.1561 11.3449 11.1531C8.41055 10.7202 3.75061 9.56187 0.411676 6.46662C-0.404067 5.71041 0.0889447 4.4261 1.14665 4.08178C3.50511 3.31403 5.56665 2.10551 7.2199 0.897764L7.23071 0.893607L8.16412 0.239868C8.18419 0.40792 8.20611 0.57539 8.22987 0.742259C8.28188 1.1077 8.12836 1.47208 7.8305 1.6901C6.11459 2.94612 3.95168 4.2203 1.45619 5.03267C1.22829 5.10686 1.07777 5.27921 1.02492 5.43712C1.00004 5.51147 1.00122 5.56804 1.00948 5.60492C1.01647 5.63618 1.03368 5.67964 1.09152 5.73326C4.20493 8.61944 8.61693 9.73979 11.4909 10.1639Z"></path>
      </svg></div>
    <div class="grow w-11/12 py-3 px-md2 ms-2 rounded-[23px] font-[family-name:var(--ui-font-family-secondary)] text-(length:--ui-font-size-md)/(--ui-font-line-height-md) font-(--ui-font-weight-normal) border-1 border-(--b24ui-border-color) bg-(--b24ui-background) text-(--b24ui-color) context-dark:bg-(--ui-color-base-6)"></div>
  </div>
</div>"
`;

exports[`Advice > renders with class correctly 1`] = `
"<div class="context-light style-outline-accent-1 flex items-end">
  <!--v-if-->
  <div class="relative">
    <div class="absolute w-[14px] h-[12px] start-[0.8px] bottom-[9px] rtl:-scale-x-100"><svg xmlns="http://www.w3.org/2000/svg" width="14" height="12" viewBox="0 0 14 12" fill="none">
        <path class="fill-(--b24ui-background) context-dark:fill-(--ui-color-base-6)" fill-rule="evenodd" clip-rule="evenodd" d="M11.3513 11.1621C11.3492 11.1591 11.3471 11.1562 11.3449 11.1532C8.41055 10.7202 3.75061 9.56187 0.411676 6.46663C-0.404067 5.71042 0.0889447 4.42611 1.14665 4.08179C3.50511 3.31403 5.56665 2.10552 7.2199 0.897773L7.23071 0.893616L8.27368 0.163147L10.7925 5.46165L13.8677 11.5454L11.3513 11.1621Z"></path>
        <path class="fill-(--b24ui-border-color)" fill-rule="evenodd" clip-rule="evenodd" d="M11.4909 10.1639C11.7603 10.2036 12.0018 10.3515 12.1597 10.5733C12.3534 10.8456 12.5531 11.1134 12.7585 11.3765L11.3513 11.1621C11.3492 11.1591 11.3471 11.1561 11.3449 11.1531C8.41055 10.7202 3.75061 9.56187 0.411676 6.46662C-0.404067 5.71041 0.0889447 4.4261 1.14665 4.08178C3.50511 3.31403 5.56665 2.10551 7.2199 0.897764L7.23071 0.893607L8.16412 0.239868C8.18419 0.40792 8.20611 0.57539 8.22987 0.742259C8.28188 1.1077 8.12836 1.47208 7.8305 1.6901C6.11459 2.94612 3.95168 4.2203 1.45619 5.03267C1.22829 5.10686 1.07777 5.27921 1.02492 5.43712C1.00004 5.51147 1.00122 5.56804 1.00948 5.60492C1.01647 5.63618 1.03368 5.67964 1.09152 5.73326C4.20493 8.61944 8.61693 9.73979 11.4909 10.1639Z"></path>
      </svg></div>
    <div class="grow w-11/12 py-3 px-md2 ms-2 rounded-[23px] font-[family-name:var(--ui-font-family-secondary)] text-(length:--ui-font-size-md)/(--ui-font-line-height-md) font-(--ui-font-weight-normal) border-1 border-(--b24ui-border-color) bg-(--b24ui-background) text-(--b24ui-color) context-dark:bg-(--ui-color-base-6)"></div>
  </div>
</div>"
`;

exports[`Advice > renders with default slot correctly 1`] = `
"<div class="context-light style-outline-accent-1 flex items-end">
  <!--v-if-->
  <div class="relative">
    <div class="absolute w-[14px] h-[12px] start-[0.8px] bottom-[9px] rtl:-scale-x-100"><svg xmlns="http://www.w3.org/2000/svg" width="14" height="12" viewBox="0 0 14 12" fill="none">
        <path class="fill-(--b24ui-background) context-dark:fill-(--ui-color-base-6)" fill-rule="evenodd" clip-rule="evenodd" d="M11.3513 11.1621C11.3492 11.1591 11.3471 11.1562 11.3449 11.1532C8.41055 10.7202 3.75061 9.56187 0.411676 6.46663C-0.404067 5.71042 0.0889447 4.42611 1.14665 4.08179C3.50511 3.31403 5.56665 2.10552 7.2199 0.897773L7.23071 0.893616L8.27368 0.163147L10.7925 5.46165L13.8677 11.5454L11.3513 11.1621Z"></path>
        <path class="fill-(--b24ui-border-color)" fill-rule="evenodd" clip-rule="evenodd" d="M11.4909 10.1639C11.7603 10.2036 12.0018 10.3515 12.1597 10.5733C12.3534 10.8456 12.5531 11.1134 12.7585 11.3765L11.3513 11.1621C11.3492 11.1591 11.3471 11.1561 11.3449 11.1531C8.41055 10.7202 3.75061 9.56187 0.411676 6.46662C-0.404067 5.71041 0.0889447 4.4261 1.14665 4.08178C3.50511 3.31403 5.56665 2.10551 7.2199 0.897764L7.23071 0.893607L8.16412 0.239868C8.18419 0.40792 8.20611 0.57539 8.22987 0.742259C8.28188 1.1077 8.12836 1.47208 7.8305 1.6901C6.11459 2.94612 3.95168 4.2203 1.45619 5.03267C1.22829 5.10686 1.07777 5.27921 1.02492 5.43712C1.00004 5.51147 1.00122 5.56804 1.00948 5.60492C1.01647 5.63618 1.03368 5.67964 1.09152 5.73326C4.20493 8.61944 8.61693 9.73979 11.4909 10.1639Z"></path>
      </svg></div>
    <div class="grow w-11/12 py-3 px-md2 ms-2 rounded-[23px] font-[family-name:var(--ui-font-family-secondary)] text-(length:--ui-font-size-md)/(--ui-font-line-height-md) font-(--ui-font-weight-normal) border-1 border-(--b24ui-border-color) bg-(--b24ui-background) text-(--b24ui-color) context-dark:bg-(--ui-color-base-6)">Default slot</div>
  </div>
</div>"
`;
