// Vitest Snapshot v1, https://vitest.dev/guide/snapshot.html

exports[`Advice > renders with as correctly 1`] = `
"<div class="flex items-end">
  <div class="me-1.5 ms-2"><span class="inline-flex items-center justify-center select-none rounded-full align-middle bg-base-100 dark:bg-base-900 size-[42px] text-2xl shrink-0"><svg xmlns="http://www.w3.org/2000/svg" fill="none" viewBox="0 0 24 24" aria-hidden="true" data-slot="icon" class="shrink-0 size-[42px] text-white bg-base-800 dark:text-200"><path fill="currentColor" d="M18.61 18.783a.96.96 0 0 0 .602-1.097l-.316-1.61c0-.67-.894-1.438-2.655-1.885a6 6 0 0 1-1.681-.75c-.114-.064-.096-.65-.096-.65l-.568-.085c0-.048-.048-.751-.048-.751.678-.224.609-1.544.609-1.544.43.234.711-.81.711-.81.51-1.453-.253-1.365-.253-1.365a9 9 0 0 0 0-2.673c-.34-2.94-5.451-2.142-4.845-1.182-1.494-.27-1.153 3.066-1.153 3.066l.324.864c-.45.286-.361.615-.263.981.042.153.084.312.09.478.032.833.551.66.551.66.032 1.375.723 1.553.723 1.553.13.863.048.716.048.716l-.614.074q.012.295-.048.585c-.357.156-.576.28-.792.403-.222.126-.441.25-.804.407-1.387.596-2.894 1.372-3.162 2.417-.079.305-.155.716-.225 1.144a.946.946 0 0 0 .604 1.044c1.863.68 3.965 1.084 6.195 1.131h.898c2.22-.047 4.312-.447 6.168-1.121"></path></svg></span></div>
  <div class="relative">
    <div class="absolute w-[14px] h-[12px] start-[0.8px] bottom-[9px] rtl:-scale-x-100"><svg xmlns="http://www.w3.org/2000/svg" width="14" height="12" viewBox="0 0 14 12" fill="none">
        <path class="fill-white dark:fill-base-900" fill-rule="evenodd" clip-rule="evenodd" d="M11.3513 11.1621C11.3492 11.1591 11.3471 11.1562 11.3449 11.1532C8.41055 10.7202 3.75061 9.56187 0.411676 6.46663C-0.404067 5.71042 0.0889447 4.42611 1.14665 4.08179C3.50511 3.31403 5.56665 2.10552 7.2199 0.897773L7.23071 0.893616L8.27368 0.163147L10.7925 5.46165L13.8677 11.5454L11.3513 11.1621Z"></path>
        <path class="fill-blue-500 dark:fill-blue-300" fill-rule="evenodd" clip-rule="evenodd" d="M11.4909 10.1639C11.7603 10.2036 12.0018 10.3515 12.1597 10.5733C12.3534 10.8456 12.5531 11.1134 12.7585 11.3765L11.3513 11.1621C11.3492 11.1591 11.3471 11.1561 11.3449 11.1531C8.41055 10.7202 3.75061 9.56187 0.411676 6.46662C-0.404067 5.71041 0.0889447 4.4261 1.14665 4.08178C3.50511 3.31403 5.56665 2.10551 7.2199 0.897764L7.23071 0.893607L8.16412 0.239868C8.18419 0.40792 8.20611 0.57539 8.22987 0.742259C8.28188 1.1077 8.12836 1.47208 7.8305 1.6901C6.11459 2.94612 3.95168 4.2203 1.45619 5.03267C1.22829 5.10686 1.07777 5.27921 1.02492 5.43712C1.00004 5.51147 1.00122 5.56804 1.00948 5.60492C1.01647 5.63618 1.03368 5.67964 1.09152 5.73326C4.20493 8.61944 8.61693 9.73979 11.4909 10.1639Z"></path>
      </svg></div>
    <div class="grow w-11/12 py-3 px-md2 ms-2 rounded-[23px] font-b24-secondary text-md leading-md font-normal border-1 border-blue-500 bg-white text-base-950 dark:border-blue-300 dark:bg-base-900 dark:text-base-200"></div>
  </div>
</div>"
`;

exports[`Advice > renders with b24ui correctly 1`] = `
"<div class="flex items-end">
  <div class="me-1.5 ms-2"><span class="inline-flex items-center justify-center select-none rounded-full align-middle bg-base-100 dark:bg-base-900 size-[42px] text-2xl shrink-0"><svg xmlns="http://www.w3.org/2000/svg" fill="none" viewBox="0 0 24 24" aria-hidden="true" data-slot="icon" class="shrink-0 size-[42px] text-white bg-base-800 dark:text-200"><path fill="currentColor" d="M18.61 18.783a.96.96 0 0 0 .602-1.097l-.316-1.61c0-.67-.894-1.438-2.655-1.885a6 6 0 0 1-1.681-.75c-.114-.064-.096-.65-.096-.65l-.568-.085c0-.048-.048-.751-.048-.751.678-.224.609-1.544.609-1.544.43.234.711-.81.711-.81.51-1.453-.253-1.365-.253-1.365a9 9 0 0 0 0-2.673c-.34-2.94-5.451-2.142-4.845-1.182-1.494-.27-1.153 3.066-1.153 3.066l.324.864c-.45.286-.361.615-.263.981.042.153.084.312.09.478.032.833.551.66.551.66.032 1.375.723 1.553.723 1.553.13.863.048.716.048.716l-.614.074q.012.295-.048.585c-.357.156-.576.28-.792.403-.222.126-.441.25-.804.407-1.387.596-2.894 1.372-3.162 2.417-.079.305-.155.716-.225 1.144a.946.946 0 0 0 .604 1.044c1.863.68 3.965 1.084 6.195 1.131h.898c2.22-.047 4.312-.447 6.168-1.121"></path></svg></span></div>
  <div class="relative">
    <div class="absolute w-[14px] h-[12px] start-[0.8px] bottom-[9px] rtl:-scale-x-100"><svg xmlns="http://www.w3.org/2000/svg" width="14" height="12" viewBox="0 0 14 12" fill="none">
        <path class="fill-white dark:fill-base-900" fill-rule="evenodd" clip-rule="evenodd" d="M11.3513 11.1621C11.3492 11.1591 11.3471 11.1562 11.3449 11.1532C8.41055 10.7202 3.75061 9.56187 0.411676 6.46663C-0.404067 5.71042 0.0889447 4.42611 1.14665 4.08179C3.50511 3.31403 5.56665 2.10552 7.2199 0.897773L7.23071 0.893616L8.27368 0.163147L10.7925 5.46165L13.8677 11.5454L11.3513 11.1621Z"></path>
        <path class="fill-blue-500 dark:fill-blue-300" fill-rule="evenodd" clip-rule="evenodd" d="M11.4909 10.1639C11.7603 10.2036 12.0018 10.3515 12.1597 10.5733C12.3534 10.8456 12.5531 11.1134 12.7585 11.3765L11.3513 11.1621C11.3492 11.1591 11.3471 11.1561 11.3449 11.1531C8.41055 10.7202 3.75061 9.56187 0.411676 6.46662C-0.404067 5.71041 0.0889447 4.4261 1.14665 4.08178C3.50511 3.31403 5.56665 2.10551 7.2199 0.897764L7.23071 0.893607L8.16412 0.239868C8.18419 0.40792 8.20611 0.57539 8.22987 0.742259C8.28188 1.1077 8.12836 1.47208 7.8305 1.6901C6.11459 2.94612 3.95168 4.2203 1.45619 5.03267C1.22829 5.10686 1.07777 5.27921 1.02492 5.43712C1.00004 5.51147 1.00122 5.56804 1.00948 5.60492C1.01647 5.63618 1.03368 5.67964 1.09152 5.73326C4.20493 8.61944 8.61693 9.73979 11.4909 10.1639Z"></path>
      </svg></div>
    <div class="grow w-11/12 py-3 px-md2 ms-2 rounded-[23px] font-b24-secondary text-md leading-md font-normal border-1 border-blue-500 bg-white text-base-950 dark:border-blue-300 dark:bg-base-900 dark:text-base-200"></div>
  </div>
</div>"
`;

exports[`Advice > renders with class correctly 1`] = `
"<div class="flex items-end">
  <div class="me-1.5 ms-2"><span class="inline-flex items-center justify-center select-none rounded-full align-middle bg-base-100 dark:bg-base-900 size-[42px] text-2xl shrink-0"><svg xmlns="http://www.w3.org/2000/svg" fill="none" viewBox="0 0 24 24" aria-hidden="true" data-slot="icon" class="shrink-0 size-[42px] text-white bg-base-800 dark:text-200"><path fill="currentColor" d="M18.61 18.783a.96.96 0 0 0 .602-1.097l-.316-1.61c0-.67-.894-1.438-2.655-1.885a6 6 0 0 1-1.681-.75c-.114-.064-.096-.65-.096-.65l-.568-.085c0-.048-.048-.751-.048-.751.678-.224.609-1.544.609-1.544.43.234.711-.81.711-.81.51-1.453-.253-1.365-.253-1.365a9 9 0 0 0 0-2.673c-.34-2.94-5.451-2.142-4.845-1.182-1.494-.27-1.153 3.066-1.153 3.066l.324.864c-.45.286-.361.615-.263.981.042.153.084.312.09.478.032.833.551.66.551.66.032 1.375.723 1.553.723 1.553.13.863.048.716.048.716l-.614.074q.012.295-.048.585c-.357.156-.576.28-.792.403-.222.126-.441.25-.804.407-1.387.596-2.894 1.372-3.162 2.417-.079.305-.155.716-.225 1.144a.946.946 0 0 0 .604 1.044c1.863.68 3.965 1.084 6.195 1.131h.898c2.22-.047 4.312-.447 6.168-1.121"></path></svg></span></div>
  <div class="relative">
    <div class="absolute w-[14px] h-[12px] start-[0.8px] bottom-[9px] rtl:-scale-x-100"><svg xmlns="http://www.w3.org/2000/svg" width="14" height="12" viewBox="0 0 14 12" fill="none">
        <path class="fill-white dark:fill-base-900" fill-rule="evenodd" clip-rule="evenodd" d="M11.3513 11.1621C11.3492 11.1591 11.3471 11.1562 11.3449 11.1532C8.41055 10.7202 3.75061 9.56187 0.411676 6.46663C-0.404067 5.71042 0.0889447 4.42611 1.14665 4.08179C3.50511 3.31403 5.56665 2.10552 7.2199 0.897773L7.23071 0.893616L8.27368 0.163147L10.7925 5.46165L13.8677 11.5454L11.3513 11.1621Z"></path>
        <path class="fill-blue-500 dark:fill-blue-300" fill-rule="evenodd" clip-rule="evenodd" d="M11.4909 10.1639C11.7603 10.2036 12.0018 10.3515 12.1597 10.5733C12.3534 10.8456 12.5531 11.1134 12.7585 11.3765L11.3513 11.1621C11.3492 11.1591 11.3471 11.1561 11.3449 11.1531C8.41055 10.7202 3.75061 9.56187 0.411676 6.46662C-0.404067 5.71041 0.0889447 4.4261 1.14665 4.08178C3.50511 3.31403 5.56665 2.10551 7.2199 0.897764L7.23071 0.893607L8.16412 0.239868C8.18419 0.40792 8.20611 0.57539 8.22987 0.742259C8.28188 1.1077 8.12836 1.47208 7.8305 1.6901C6.11459 2.94612 3.95168 4.2203 1.45619 5.03267C1.22829 5.10686 1.07777 5.27921 1.02492 5.43712C1.00004 5.51147 1.00122 5.56804 1.00948 5.60492C1.01647 5.63618 1.03368 5.67964 1.09152 5.73326C4.20493 8.61944 8.61693 9.73979 11.4909 10.1639Z"></path>
      </svg></div>
    <div class="grow w-11/12 py-3 px-md2 ms-2 rounded-[23px] font-b24-secondary text-md leading-md font-normal border-1 border-blue-500 bg-white text-base-950 dark:border-blue-300 dark:bg-base-900 dark:text-base-200"></div>
  </div>
</div>"
`;

exports[`Advice > renders with default slot correctly 1`] = `
"<div class="flex items-end">
  <div class="me-1.5 ms-2"><span class="inline-flex items-center justify-center select-none rounded-full align-middle bg-base-100 dark:bg-base-900 size-[42px] text-2xl shrink-0"><svg xmlns="http://www.w3.org/2000/svg" fill="none" viewBox="0 0 24 24" aria-hidden="true" data-slot="icon" class="shrink-0 size-[42px] text-white bg-base-800 dark:text-200"><path fill="currentColor" d="M18.61 18.783a.96.96 0 0 0 .602-1.097l-.316-1.61c0-.67-.894-1.438-2.655-1.885a6 6 0 0 1-1.681-.75c-.114-.064-.096-.65-.096-.65l-.568-.085c0-.048-.048-.751-.048-.751.678-.224.609-1.544.609-1.544.43.234.711-.81.711-.81.51-1.453-.253-1.365-.253-1.365a9 9 0 0 0 0-2.673c-.34-2.94-5.451-2.142-4.845-1.182-1.494-.27-1.153 3.066-1.153 3.066l.324.864c-.45.286-.361.615-.263.981.042.153.084.312.09.478.032.833.551.66.551.66.032 1.375.723 1.553.723 1.553.13.863.048.716.048.716l-.614.074q.012.295-.048.585c-.357.156-.576.28-.792.403-.222.126-.441.25-.804.407-1.387.596-2.894 1.372-3.162 2.417-.079.305-.155.716-.225 1.144a.946.946 0 0 0 .604 1.044c1.863.68 3.965 1.084 6.195 1.131h.898c2.22-.047 4.312-.447 6.168-1.121"></path></svg></span></div>
  <div class="relative">
    <div class="absolute w-[14px] h-[12px] start-[0.8px] bottom-[9px] rtl:-scale-x-100"><svg xmlns="http://www.w3.org/2000/svg" width="14" height="12" viewBox="0 0 14 12" fill="none">
        <path class="fill-white dark:fill-base-900" fill-rule="evenodd" clip-rule="evenodd" d="M11.3513 11.1621C11.3492 11.1591 11.3471 11.1562 11.3449 11.1532C8.41055 10.7202 3.75061 9.56187 0.411676 6.46663C-0.404067 5.71042 0.0889447 4.42611 1.14665 4.08179C3.50511 3.31403 5.56665 2.10552 7.2199 0.897773L7.23071 0.893616L8.27368 0.163147L10.7925 5.46165L13.8677 11.5454L11.3513 11.1621Z"></path>
        <path class="fill-blue-500 dark:fill-blue-300" fill-rule="evenodd" clip-rule="evenodd" d="M11.4909 10.1639C11.7603 10.2036 12.0018 10.3515 12.1597 10.5733C12.3534 10.8456 12.5531 11.1134 12.7585 11.3765L11.3513 11.1621C11.3492 11.1591 11.3471 11.1561 11.3449 11.1531C8.41055 10.7202 3.75061 9.56187 0.411676 6.46662C-0.404067 5.71041 0.0889447 4.4261 1.14665 4.08178C3.50511 3.31403 5.56665 2.10551 7.2199 0.897764L7.23071 0.893607L8.16412 0.239868C8.18419 0.40792 8.20611 0.57539 8.22987 0.742259C8.28188 1.1077 8.12836 1.47208 7.8305 1.6901C6.11459 2.94612 3.95168 4.2203 1.45619 5.03267C1.22829 5.10686 1.07777 5.27921 1.02492 5.43712C1.00004 5.51147 1.00122 5.56804 1.00948 5.60492C1.01647 5.63618 1.03368 5.67964 1.09152 5.73326C4.20493 8.61944 8.61693 9.73979 11.4909 10.1639Z"></path>
      </svg></div>
    <div class="grow w-11/12 py-3 px-md2 ms-2 rounded-[23px] font-b24-secondary text-md leading-md font-normal border-1 border-blue-500 bg-white text-base-950 dark:border-blue-300 dark:bg-base-900 dark:text-base-200">Default slot</div>
  </div>
</div>"
`;
