// Vitest Snapshot v1, https://vitest.dev/guide/snapshot.html

exports[`AvatarGroup > renders with as correctly 1`] = `
"<span class="inline-flex justify-end"><span class="inline-flex items-center justify-center shrink-0 select-none overflow-hidden align-middle bg-base-100 dark:bg-base-900 size-8 text-sm relative rounded-full ring-white dark:ring-base-700 last:me-0 ring-2 -me-1.5"><img role="img" src="https://github.com/IgorShevchik.png" alt="Igor Shevchik" width="32" height="32" class="h-full w-full rounded-[inherit] object-cover"></span><span class="inline-flex items-center justify-center shrink-0 select-none overflow-hidden align-middle bg-base-100 dark:bg-base-900 size-8 text-sm relative rounded-full ring-white dark:ring-base-700 last:me-0 ring-2 -me-1.5"><img role="img" src="https://github.com/romhml.png" alt="Romain Hamel" width="32" height="32" class="h-full w-full rounded-[inherit] object-cover"></span><span class="inline-flex items-center justify-center shrink-0 select-none overflow-hidden align-middle bg-base-100 dark:bg-base-900 size-8 text-sm relative rounded-full ring-white dark:ring-base-700 last:me-0 ring-2 -me-1.5"><img role="img" src="https://github.com/noook.png" alt="Neil Richter" width="32" height="32" class="h-full w-full rounded-[inherit] object-cover"></span>
<!--v-if--></span>"
`;

exports[`AvatarGroup > renders with b24ui correctly 1`] = `
"<div class="inline-flex justify-end"><span class="inline-flex items-center justify-center shrink-0 select-none overflow-hidden align-middle bg-base-100 dark:bg-base-900 size-8 text-sm relative ring-white dark:ring-base-700 last:me-0 ring-2 -me-1.5 rounded-lg"><img role="img" src="https://github.com/IgorShevchik.png" alt="Igor Shevchik" width="32" height="32" class="h-full w-full rounded-[inherit] object-cover"></span><span class="inline-flex items-center justify-center shrink-0 select-none overflow-hidden align-middle bg-base-100 dark:bg-base-900 size-8 text-sm relative ring-white dark:ring-base-700 last:me-0 ring-2 -me-1.5 rounded-lg"><img role="img" src="https://github.com/romhml.png" alt="Romain Hamel" width="32" height="32" class="h-full w-full rounded-[inherit] object-cover"></span><span class="inline-flex items-center justify-center shrink-0 select-none overflow-hidden align-middle bg-base-100 dark:bg-base-900 size-8 text-sm relative ring-white dark:ring-base-700 last:me-0 ring-2 -me-1.5 rounded-lg"><img role="img" src="https://github.com/noook.png" alt="Neil Richter" width="32" height="32" class="h-full w-full rounded-[inherit] object-cover"></span>
  <!--v-if-->
</div>"
`;

exports[`AvatarGroup > renders with class correctly 1`] = `
"<div class="inline-flex justify-start"><span class="inline-flex items-center justify-center shrink-0 select-none overflow-hidden align-middle bg-base-100 dark:bg-base-900 size-8 text-sm relative rounded-full ring-white dark:ring-base-700 last:me-0 ring-2 -me-1.5"><img role="img" src="https://github.com/IgorShevchik.png" alt="Igor Shevchik" width="32" height="32" class="h-full w-full rounded-[inherit] object-cover"></span><span class="inline-flex items-center justify-center shrink-0 select-none overflow-hidden align-middle bg-base-100 dark:bg-base-900 size-8 text-sm relative rounded-full ring-white dark:ring-base-700 last:me-0 ring-2 -me-1.5"><img role="img" src="https://github.com/romhml.png" alt="Romain Hamel" width="32" height="32" class="h-full w-full rounded-[inherit] object-cover"></span><span class="inline-flex items-center justify-center shrink-0 select-none overflow-hidden align-middle bg-base-100 dark:bg-base-900 size-8 text-sm relative rounded-full ring-white dark:ring-base-700 last:me-0 ring-2 -me-1.5"><img role="img" src="https://github.com/noook.png" alt="Neil Richter" width="32" height="32" class="h-full w-full rounded-[inherit] object-cover"></span>
  <!--v-if-->
</div>"
`;

exports[`AvatarGroup > renders with default slot correctly 1`] = `
"<div class="inline-flex justify-end"><span class="inline-flex items-center justify-center shrink-0 select-none overflow-hidden align-middle bg-base-100 dark:bg-base-900 size-8 text-sm relative rounded-full ring-white dark:ring-base-700 last:me-0 ring-2 -me-1.5"><img role="img" src="https://github.com/IgorShevchik.png" alt="Igor Shevchik" width="32" height="32" class="h-full w-full rounded-[inherit] object-cover"></span><span class="inline-flex items-center justify-center shrink-0 select-none overflow-hidden align-middle bg-base-100 dark:bg-base-900 size-8 text-sm relative rounded-full ring-white dark:ring-base-700 last:me-0 ring-2 -me-1.5"><img role="img" src="https://github.com/romhml.png" alt="Romain Hamel" width="32" height="32" class="h-full w-full rounded-[inherit] object-cover"></span><span class="inline-flex items-center justify-center shrink-0 select-none overflow-hidden align-middle bg-base-100 dark:bg-base-900 size-8 text-sm relative rounded-full ring-white dark:ring-base-700 last:me-0 ring-2 -me-1.5"><img role="img" src="https://github.com/noook.png" alt="Neil Richter" width="32" height="32" class="h-full w-full rounded-[inherit] object-cover"></span>
  <!--v-if-->
</div>"
`;

exports[`AvatarGroup > renders with max correctly 1`] = `"<div class="inline-flex justify-end"><span class="inline-flex items-center justify-center shrink-0 select-none overflow-hidden align-middle bg-base-100 dark:bg-base-900 size-8 text-sm relative rounded-full ring-white dark:ring-base-700 last:me-0 ring-2 -me-1.5"><img role="img" src="https://github.com/IgorShevchik.png" alt="Igor Shevchik" width="32" height="32" class="h-full w-full rounded-[inherit] object-cover"></span><span class="inline-flex items-center justify-center shrink-0 select-none overflow-hidden align-middle bg-base-100 dark:bg-base-900 size-8 text-sm relative rounded-full ring-white dark:ring-base-700 last:me-0 ring-2 -me-1.5"><img role="img" src="https://github.com/romhml.png" alt="Romain Hamel" width="32" height="32" class="h-full w-full rounded-[inherit] object-cover"></span><span class="inline-flex items-center justify-center shrink-0 select-none overflow-hidden align-middle bg-base-100 dark:bg-base-900 size-8 text-sm relative rounded-full ring-white dark:ring-base-700 last:me-0 ring-2 -me-1.5"><span class="font-medium text-base-500 dark:text-base-600 truncate">+1</span></span></div>"`;

exports[`AvatarGroup > renders with size 2xl correctly 1`] = `
"<div class="inline-flex justify-end"><span class="inline-flex items-center justify-center shrink-0 select-none overflow-hidden align-middle bg-base-100 dark:bg-base-900 size-[60px] text-5xl relative rounded-full ring-white dark:ring-base-700 last:me-0 ring-3 -me-2"><img role="img" src="https://github.com/IgorShevchik.png" alt="Igor Shevchik" width="32" height="32" class="h-full w-full rounded-[inherit] object-cover"></span><span class="inline-flex items-center justify-center shrink-0 select-none overflow-hidden align-middle bg-base-100 dark:bg-base-900 size-[60px] text-5xl relative rounded-full ring-white dark:ring-base-700 last:me-0 ring-3 -me-2"><img role="img" src="https://github.com/romhml.png" alt="Romain Hamel" width="32" height="32" class="h-full w-full rounded-[inherit] object-cover"></span><span class="inline-flex items-center justify-center shrink-0 select-none overflow-hidden align-middle bg-base-100 dark:bg-base-900 size-[60px] text-5xl relative rounded-full ring-white dark:ring-base-700 last:me-0 ring-3 -me-2"><img role="img" src="https://github.com/noook.png" alt="Neil Richter" width="32" height="32" class="h-full w-full rounded-[inherit] object-cover"></span>
  <!--v-if-->
</div>"
`;

exports[`AvatarGroup > renders with size 2xs correctly 1`] = `
"<div class="inline-flex justify-end"><span class="inline-flex items-center justify-center shrink-0 select-none overflow-hidden align-middle bg-base-100 dark:bg-base-900 size-5 text-4xs font-regular relative rounded-full ring-white dark:ring-base-700 last:me-0 ring -me-0.5"><img role="img" src="https://github.com/IgorShevchik.png" alt="Igor Shevchik" width="32" height="32" class="h-full w-full rounded-[inherit] object-cover"></span><span class="inline-flex items-center justify-center shrink-0 select-none overflow-hidden align-middle bg-base-100 dark:bg-base-900 size-5 text-4xs font-regular relative rounded-full ring-white dark:ring-base-700 last:me-0 ring -me-0.5"><img role="img" src="https://github.com/romhml.png" alt="Romain Hamel" width="32" height="32" class="h-full w-full rounded-[inherit] object-cover"></span><span class="inline-flex items-center justify-center shrink-0 select-none overflow-hidden align-middle bg-base-100 dark:bg-base-900 size-5 text-4xs font-regular relative rounded-full ring-white dark:ring-base-700 last:me-0 ring -me-0.5"><img role="img" src="https://github.com/noook.png" alt="Neil Richter" width="32" height="32" class="h-full w-full rounded-[inherit] object-cover"></span>
  <!--v-if-->
</div>"
`;

exports[`AvatarGroup > renders with size 3xl correctly 1`] = `
"<div class="inline-flex justify-end"><span class="inline-flex items-center justify-center shrink-0 select-none overflow-hidden align-middle bg-base-100 dark:bg-base-900 size-[94px] text-[34px] relative rounded-full ring-white dark:ring-base-700 last:me-0 ring-3 -me-2"><img role="img" src="https://github.com/IgorShevchik.png" alt="Igor Shevchik" width="32" height="32" class="h-full w-full rounded-[inherit] object-cover"></span><span class="inline-flex items-center justify-center shrink-0 select-none overflow-hidden align-middle bg-base-100 dark:bg-base-900 size-[94px] text-[34px] relative rounded-full ring-white dark:ring-base-700 last:me-0 ring-3 -me-2"><img role="img" src="https://github.com/romhml.png" alt="Romain Hamel" width="32" height="32" class="h-full w-full rounded-[inherit] object-cover"></span><span class="inline-flex items-center justify-center shrink-0 select-none overflow-hidden align-middle bg-base-100 dark:bg-base-900 size-[94px] text-[34px] relative rounded-full ring-white dark:ring-base-700 last:me-0 ring-3 -me-2"><img role="img" src="https://github.com/noook.png" alt="Neil Richter" width="32" height="32" class="h-full w-full rounded-[inherit] object-cover"></span>
  <!--v-if-->
</div>"
`;

exports[`AvatarGroup > renders with size 3xs correctly 1`] = `
"<div class="inline-flex justify-end"><span class="inline-flex items-center justify-center shrink-0 select-none overflow-hidden align-middle bg-base-100 dark:bg-base-900 size-xs2 text-4xs font-regular relative rounded-full ring-white dark:ring-base-700 last:me-0 ring -me-0.5"><img role="img" src="https://github.com/IgorShevchik.png" alt="Igor Shevchik" width="32" height="32" class="h-full w-full rounded-[inherit] object-cover"></span><span class="inline-flex items-center justify-center shrink-0 select-none overflow-hidden align-middle bg-base-100 dark:bg-base-900 size-xs2 text-4xs font-regular relative rounded-full ring-white dark:ring-base-700 last:me-0 ring -me-0.5"><img role="img" src="https://github.com/romhml.png" alt="Romain Hamel" width="32" height="32" class="h-full w-full rounded-[inherit] object-cover"></span><span class="inline-flex items-center justify-center shrink-0 select-none overflow-hidden align-middle bg-base-100 dark:bg-base-900 size-xs2 text-4xs font-regular relative rounded-full ring-white dark:ring-base-700 last:me-0 ring -me-0.5"><img role="img" src="https://github.com/noook.png" alt="Neil Richter" width="32" height="32" class="h-full w-full rounded-[inherit] object-cover"></span>
  <!--v-if-->
</div>"
`;

exports[`AvatarGroup > renders with size lg correctly 1`] = `
"<div class="inline-flex justify-end"><span class="inline-flex items-center justify-center shrink-0 select-none overflow-hidden align-middle bg-base-100 dark:bg-base-900 size-[42px] text-2xl relative rounded-full ring-white dark:ring-base-700 last:me-0 ring-2 -me-1.5"><img role="img" src="https://github.com/IgorShevchik.png" alt="Igor Shevchik" width="32" height="32" class="h-full w-full rounded-[inherit] object-cover"></span><span class="inline-flex items-center justify-center shrink-0 select-none overflow-hidden align-middle bg-base-100 dark:bg-base-900 size-[42px] text-2xl relative rounded-full ring-white dark:ring-base-700 last:me-0 ring-2 -me-1.5"><img role="img" src="https://github.com/romhml.png" alt="Romain Hamel" width="32" height="32" class="h-full w-full rounded-[inherit] object-cover"></span><span class="inline-flex items-center justify-center shrink-0 select-none overflow-hidden align-middle bg-base-100 dark:bg-base-900 size-[42px] text-2xl relative rounded-full ring-white dark:ring-base-700 last:me-0 ring-2 -me-1.5"><img role="img" src="https://github.com/noook.png" alt="Neil Richter" width="32" height="32" class="h-full w-full rounded-[inherit] object-cover"></span>
  <!--v-if-->
</div>"
`;

exports[`AvatarGroup > renders with size md correctly 1`] = `
"<div class="inline-flex justify-end"><span class="inline-flex items-center justify-center shrink-0 select-none overflow-hidden align-middle bg-base-100 dark:bg-base-900 size-8 text-sm relative rounded-full ring-white dark:ring-base-700 last:me-0 ring-2 -me-1.5"><img role="img" src="https://github.com/IgorShevchik.png" alt="Igor Shevchik" width="32" height="32" class="h-full w-full rounded-[inherit] object-cover"></span><span class="inline-flex items-center justify-center shrink-0 select-none overflow-hidden align-middle bg-base-100 dark:bg-base-900 size-8 text-sm relative rounded-full ring-white dark:ring-base-700 last:me-0 ring-2 -me-1.5"><img role="img" src="https://github.com/romhml.png" alt="Romain Hamel" width="32" height="32" class="h-full w-full rounded-[inherit] object-cover"></span><span class="inline-flex items-center justify-center shrink-0 select-none overflow-hidden align-middle bg-base-100 dark:bg-base-900 size-8 text-sm relative rounded-full ring-white dark:ring-base-700 last:me-0 ring-2 -me-1.5"><img role="img" src="https://github.com/noook.png" alt="Neil Richter" width="32" height="32" class="h-full w-full rounded-[inherit] object-cover"></span>
  <!--v-if-->
</div>"
`;

exports[`AvatarGroup > renders with size sm correctly 1`] = `
"<div class="inline-flex justify-end"><span class="inline-flex items-center justify-center shrink-0 select-none overflow-hidden align-middle bg-base-100 dark:bg-base-900 size-7 text-xs relative rounded-full ring-white dark:ring-base-700 last:me-0 ring -me-1.5"><img role="img" src="https://github.com/IgorShevchik.png" alt="Igor Shevchik" width="32" height="32" class="h-full w-full rounded-[inherit] object-cover"></span><span class="inline-flex items-center justify-center shrink-0 select-none overflow-hidden align-middle bg-base-100 dark:bg-base-900 size-7 text-xs relative rounded-full ring-white dark:ring-base-700 last:me-0 ring -me-1.5"><img role="img" src="https://github.com/romhml.png" alt="Romain Hamel" width="32" height="32" class="h-full w-full rounded-[inherit] object-cover"></span><span class="inline-flex items-center justify-center shrink-0 select-none overflow-hidden align-middle bg-base-100 dark:bg-base-900 size-7 text-xs relative rounded-full ring-white dark:ring-base-700 last:me-0 ring -me-1.5"><img role="img" src="https://github.com/noook.png" alt="Neil Richter" width="32" height="32" class="h-full w-full rounded-[inherit] object-cover"></span>
  <!--v-if-->
</div>"
`;

exports[`AvatarGroup > renders with size xl correctly 1`] = `
"<div class="inline-flex justify-end"><span class="inline-flex items-center justify-center shrink-0 select-none overflow-hidden align-middle bg-base-100 dark:bg-base-900 size-12 text-2xl relative rounded-full ring-white dark:ring-base-700 last:me-0 ring-3 -me-2"><img role="img" src="https://github.com/IgorShevchik.png" alt="Igor Shevchik" width="32" height="32" class="h-full w-full rounded-[inherit] object-cover"></span><span class="inline-flex items-center justify-center shrink-0 select-none overflow-hidden align-middle bg-base-100 dark:bg-base-900 size-12 text-2xl relative rounded-full ring-white dark:ring-base-700 last:me-0 ring-3 -me-2"><img role="img" src="https://github.com/romhml.png" alt="Romain Hamel" width="32" height="32" class="h-full w-full rounded-[inherit] object-cover"></span><span class="inline-flex items-center justify-center shrink-0 select-none overflow-hidden align-middle bg-base-100 dark:bg-base-900 size-12 text-2xl relative rounded-full ring-white dark:ring-base-700 last:me-0 ring-3 -me-2"><img role="img" src="https://github.com/noook.png" alt="Neil Richter" width="32" height="32" class="h-full w-full rounded-[inherit] object-cover"></span>
  <!--v-if-->
</div>"
`;

exports[`AvatarGroup > renders with size xs correctly 1`] = `
"<div class="inline-flex justify-end"><span class="inline-flex items-center justify-center shrink-0 select-none overflow-hidden align-middle bg-base-100 dark:bg-base-900 size-6 text-3xs font-regular relative rounded-full ring-white dark:ring-base-700 last:me-0 ring -me-0.5"><img role="img" src="https://github.com/IgorShevchik.png" alt="Igor Shevchik" width="32" height="32" class="h-full w-full rounded-[inherit] object-cover"></span><span class="inline-flex items-center justify-center shrink-0 select-none overflow-hidden align-middle bg-base-100 dark:bg-base-900 size-6 text-3xs font-regular relative rounded-full ring-white dark:ring-base-700 last:me-0 ring -me-0.5"><img role="img" src="https://github.com/romhml.png" alt="Romain Hamel" width="32" height="32" class="h-full w-full rounded-[inherit] object-cover"></span><span class="inline-flex items-center justify-center shrink-0 select-none overflow-hidden align-middle bg-base-100 dark:bg-base-900 size-6 text-3xs font-regular relative rounded-full ring-white dark:ring-base-700 last:me-0 ring -me-0.5"><img role="img" src="https://github.com/noook.png" alt="Neil Richter" width="32" height="32" class="h-full w-full rounded-[inherit] object-cover"></span>
  <!--v-if-->
</div>"
`;
