// Vitest Snapshot v1, https://vitest.dev/guide/snapshot.html

exports[`AvatarGroup > renders with as correctly 1`] = `
"<span class="inline-flex justify-end"><span class="air-secondary-accent inline-flex items-center justify-center shrink-0 select-none align-middle bg-(--ui-color-base-8) ring ring-(--ui-color-base-7) size-[32px] text-(length:--ui-font-size-sm)/(--ui-font-line-height-reset) relative rounded-full last:me-0 -me-1.5"><img role="img" src="https://github.com/IgorShevchik.png" alt="Igor Shevchik" width="32" height="32" class="h-full w-full rounded-[inherit] object-cover"></span><span class="air-secondary-accent inline-flex items-center justify-center shrink-0 select-none align-middle bg-(--ui-color-base-8) ring ring-(--ui-color-base-7) size-[32px] text-(length:--ui-font-size-sm)/(--ui-font-line-height-reset) relative rounded-full last:me-0 -me-1.5"><img role="img" src="https://github.com/romhml.png" alt="Romain Hamel" width="32" height="32" class="h-full w-full rounded-[inherit] object-cover"></span><span class="air-secondary-accent inline-flex items-center justify-center shrink-0 select-none align-middle bg-(--ui-color-base-8) ring ring-(--ui-color-base-7) size-[32px] text-(length:--ui-font-size-sm)/(--ui-font-line-height-reset) relative rounded-full last:me-0 -me-1.5"><img role="img" src="https://github.com/noook.png" alt="Neil Richter" width="32" height="32" class="h-full w-full rounded-[inherit] object-cover"></span>
<!--v-if--></span>"
`;

exports[`AvatarGroup > renders with b24ui correctly 1`] = `
"<div class="inline-flex justify-end"><span class="air-secondary-accent inline-flex items-center justify-center shrink-0 select-none align-middle bg-(--ui-color-base-8) ring ring-(--ui-color-base-7) size-[32px] text-(length:--ui-font-size-sm)/(--ui-font-line-height-reset) relative last:me-0 -me-1.5 rounded-lg"><img role="img" src="https://github.com/IgorShevchik.png" alt="Igor Shevchik" width="32" height="32" class="h-full w-full rounded-[inherit] object-cover"></span><span class="air-secondary-accent inline-flex items-center justify-center shrink-0 select-none align-middle bg-(--ui-color-base-8) ring ring-(--ui-color-base-7) size-[32px] text-(length:--ui-font-size-sm)/(--ui-font-line-height-reset) relative last:me-0 -me-1.5 rounded-lg"><img role="img" src="https://github.com/romhml.png" alt="Romain Hamel" width="32" height="32" class="h-full w-full rounded-[inherit] object-cover"></span><span class="air-secondary-accent inline-flex items-center justify-center shrink-0 select-none align-middle bg-(--ui-color-base-8) ring ring-(--ui-color-base-7) size-[32px] text-(length:--ui-font-size-sm)/(--ui-font-line-height-reset) relative last:me-0 -me-1.5 rounded-lg"><img role="img" src="https://github.com/noook.png" alt="Neil Richter" width="32" height="32" class="h-full w-full rounded-[inherit] object-cover"></span>
  <!--v-if-->
</div>"
`;

exports[`AvatarGroup > renders with class correctly 1`] = `
"<div class="inline-flex justify-start"><span class="air-secondary-accent inline-flex items-center justify-center shrink-0 select-none align-middle bg-(--ui-color-base-8) ring ring-(--ui-color-base-7) size-[32px] text-(length:--ui-font-size-sm)/(--ui-font-line-height-reset) relative rounded-full last:me-0 -me-1.5"><img role="img" src="https://github.com/IgorShevchik.png" alt="Igor Shevchik" width="32" height="32" class="h-full w-full rounded-[inherit] object-cover"></span><span class="air-secondary-accent inline-flex items-center justify-center shrink-0 select-none align-middle bg-(--ui-color-base-8) ring ring-(--ui-color-base-7) size-[32px] text-(length:--ui-font-size-sm)/(--ui-font-line-height-reset) relative rounded-full last:me-0 -me-1.5"><img role="img" src="https://github.com/romhml.png" alt="Romain Hamel" width="32" height="32" class="h-full w-full rounded-[inherit] object-cover"></span><span class="air-secondary-accent inline-flex items-center justify-center shrink-0 select-none align-middle bg-(--ui-color-base-8) ring ring-(--ui-color-base-7) size-[32px] text-(length:--ui-font-size-sm)/(--ui-font-line-height-reset) relative rounded-full last:me-0 -me-1.5"><img role="img" src="https://github.com/noook.png" alt="Neil Richter" width="32" height="32" class="h-full w-full rounded-[inherit] object-cover"></span>
  <!--v-if-->
</div>"
`;

exports[`AvatarGroup > renders with default slot correctly 1`] = `
"<div class="inline-flex justify-end"><span class="air-secondary-accent inline-flex items-center justify-center shrink-0 select-none align-middle bg-(--ui-color-base-8) ring ring-(--ui-color-base-7) size-[32px] text-(length:--ui-font-size-sm)/(--ui-font-line-height-reset) relative rounded-full last:me-0 -me-1.5"><img role="img" src="https://github.com/IgorShevchik.png" alt="Igor Shevchik" width="32" height="32" class="h-full w-full rounded-[inherit] object-cover"></span><span class="air-secondary-accent inline-flex items-center justify-center shrink-0 select-none align-middle bg-(--ui-color-base-8) ring ring-(--ui-color-base-7) size-[32px] text-(length:--ui-font-size-sm)/(--ui-font-line-height-reset) relative rounded-full last:me-0 -me-1.5"><img role="img" src="https://github.com/romhml.png" alt="Romain Hamel" width="32" height="32" class="h-full w-full rounded-[inherit] object-cover"></span><span class="air-secondary-accent inline-flex items-center justify-center shrink-0 select-none align-middle bg-(--ui-color-base-8) ring ring-(--ui-color-base-7) size-[32px] text-(length:--ui-font-size-sm)/(--ui-font-line-height-reset) relative rounded-full last:me-0 -me-1.5"><img role="img" src="https://github.com/noook.png" alt="Neil Richter" width="32" height="32" class="h-full w-full rounded-[inherit] object-cover"></span>
  <!--v-if-->
</div>"
`;

exports[`AvatarGroup > renders with max correctly 1`] = `"<div class="inline-flex justify-end"><span class="air-secondary-accent inline-flex items-center justify-center shrink-0 select-none align-middle bg-(--ui-color-base-8) ring ring-(--ui-color-base-7) size-[32px] text-(length:--ui-font-size-sm)/(--ui-font-line-height-reset) relative rounded-full last:me-0 -me-1.5"><img role="img" src="https://github.com/IgorShevchik.png" alt="Igor Shevchik" width="32" height="32" class="h-full w-full rounded-[inherit] object-cover"></span><span class="air-secondary-accent inline-flex items-center justify-center shrink-0 select-none align-middle bg-(--ui-color-base-8) ring ring-(--ui-color-base-7) size-[32px] text-(length:--ui-font-size-sm)/(--ui-font-line-height-reset) relative rounded-full last:me-0 -me-1.5"><img role="img" src="https://github.com/romhml.png" alt="Romain Hamel" width="32" height="32" class="h-full w-full rounded-[inherit] object-cover"></span><span class="air-secondary-accent inline-flex items-center justify-center shrink-0 select-none align-middle bg-(--ui-color-base-8) ring ring-(--ui-color-base-7) size-[32px] text-(length:--ui-font-size-sm)/(--ui-font-line-height-reset) relative rounded-full last:me-0 -me-1.5"><span class="font-(--ui-font-weight-medium) text-(--ui-color-design-plain-content-icon-secondary) truncate">+1</span></span></div>"`;

exports[`AvatarGroup > renders with size 2xl correctly 1`] = `
"<div class="inline-flex justify-end"><span class="air-secondary-accent inline-flex items-center justify-center shrink-0 select-none align-middle bg-(--ui-color-base-8) ring-(--ui-color-base-7) ring-2 size-[60px] text-(length:--ui-font-size-5xl)/(--ui-font-line-height-reset) relative rounded-full last:me-0 -me-2"><img role="img" src="https://github.com/IgorShevchik.png" alt="Igor Shevchik" width="32" height="32" class="h-full w-full rounded-[inherit] object-cover"></span><span class="air-secondary-accent inline-flex items-center justify-center shrink-0 select-none align-middle bg-(--ui-color-base-8) ring-(--ui-color-base-7) ring-2 size-[60px] text-(length:--ui-font-size-5xl)/(--ui-font-line-height-reset) relative rounded-full last:me-0 -me-2"><img role="img" src="https://github.com/romhml.png" alt="Romain Hamel" width="32" height="32" class="h-full w-full rounded-[inherit] object-cover"></span><span class="air-secondary-accent inline-flex items-center justify-center shrink-0 select-none align-middle bg-(--ui-color-base-8) ring-(--ui-color-base-7) ring-2 size-[60px] text-(length:--ui-font-size-5xl)/(--ui-font-line-height-reset) relative rounded-full last:me-0 -me-2"><img role="img" src="https://github.com/noook.png" alt="Neil Richter" width="32" height="32" class="h-full w-full rounded-[inherit] object-cover"></span>
  <!--v-if-->
</div>"
`;

exports[`AvatarGroup > renders with size 2xs correctly 1`] = `
"<div class="inline-flex justify-end"><span class="air-secondary-accent inline-flex items-center justify-center shrink-0 select-none align-middle bg-(--ui-color-base-8) ring ring-(--ui-color-base-7) size-[20px] text-(length:--ui-font-size-4xs)/(--ui-font-line-height-reset) font-(--ui-font-weight-regular) relative rounded-full last:me-0 -me-0.5"><img role="img" src="https://github.com/IgorShevchik.png" alt="Igor Shevchik" width="32" height="32" class="h-full w-full rounded-[inherit] object-cover"></span><span class="air-secondary-accent inline-flex items-center justify-center shrink-0 select-none align-middle bg-(--ui-color-base-8) ring ring-(--ui-color-base-7) size-[20px] text-(length:--ui-font-size-4xs)/(--ui-font-line-height-reset) font-(--ui-font-weight-regular) relative rounded-full last:me-0 -me-0.5"><img role="img" src="https://github.com/romhml.png" alt="Romain Hamel" width="32" height="32" class="h-full w-full rounded-[inherit] object-cover"></span><span class="air-secondary-accent inline-flex items-center justify-center shrink-0 select-none align-middle bg-(--ui-color-base-8) ring ring-(--ui-color-base-7) size-[20px] text-(length:--ui-font-size-4xs)/(--ui-font-line-height-reset) font-(--ui-font-weight-regular) relative rounded-full last:me-0 -me-0.5"><img role="img" src="https://github.com/noook.png" alt="Neil Richter" width="32" height="32" class="h-full w-full rounded-[inherit] object-cover"></span>
  <!--v-if-->
</div>"
`;

exports[`AvatarGroup > renders with size 3xl correctly 1`] = `
"<div class="inline-flex justify-end"><span class="air-secondary-accent inline-flex items-center justify-center shrink-0 select-none align-middle bg-(--ui-color-base-8) ring-(--ui-color-base-7) ring-2 size-[94px] text-[34px]/(--ui-font-line-height-reset) relative rounded-full last:me-0 -me-2"><img role="img" src="https://github.com/IgorShevchik.png" alt="Igor Shevchik" width="32" height="32" class="h-full w-full rounded-[inherit] object-cover"></span><span class="air-secondary-accent inline-flex items-center justify-center shrink-0 select-none align-middle bg-(--ui-color-base-8) ring-(--ui-color-base-7) ring-2 size-[94px] text-[34px]/(--ui-font-line-height-reset) relative rounded-full last:me-0 -me-2"><img role="img" src="https://github.com/romhml.png" alt="Romain Hamel" width="32" height="32" class="h-full w-full rounded-[inherit] object-cover"></span><span class="air-secondary-accent inline-flex items-center justify-center shrink-0 select-none align-middle bg-(--ui-color-base-8) ring-(--ui-color-base-7) ring-2 size-[94px] text-[34px]/(--ui-font-line-height-reset) relative rounded-full last:me-0 -me-2"><img role="img" src="https://github.com/noook.png" alt="Neil Richter" width="32" height="32" class="h-full w-full rounded-[inherit] object-cover"></span>
  <!--v-if-->
</div>"
`;

exports[`AvatarGroup > renders with size 3xs correctly 1`] = `
"<div class="inline-flex justify-end"><span class="air-secondary-accent inline-flex items-center justify-center shrink-0 select-none align-middle bg-(--ui-color-base-8) ring ring-(--ui-color-base-7) size-[10px] text-4xs font-(--ui-font-weight-regular) relative rounded-full last:me-0 -me-0.5"><img role="img" src="https://github.com/IgorShevchik.png" alt="Igor Shevchik" width="32" height="32" class="h-full w-full rounded-[inherit] object-cover"></span><span class="air-secondary-accent inline-flex items-center justify-center shrink-0 select-none align-middle bg-(--ui-color-base-8) ring ring-(--ui-color-base-7) size-[10px] text-4xs font-(--ui-font-weight-regular) relative rounded-full last:me-0 -me-0.5"><img role="img" src="https://github.com/romhml.png" alt="Romain Hamel" width="32" height="32" class="h-full w-full rounded-[inherit] object-cover"></span><span class="air-secondary-accent inline-flex items-center justify-center shrink-0 select-none align-middle bg-(--ui-color-base-8) ring ring-(--ui-color-base-7) size-[10px] text-4xs font-(--ui-font-weight-regular) relative rounded-full last:me-0 -me-0.5"><img role="img" src="https://github.com/noook.png" alt="Neil Richter" width="32" height="32" class="h-full w-full rounded-[inherit] object-cover"></span>
  <!--v-if-->
</div>"
`;

exports[`AvatarGroup > renders with size lg correctly 1`] = `
"<div class="inline-flex justify-end"><span class="air-secondary-accent inline-flex items-center justify-center shrink-0 select-none align-middle bg-(--ui-color-base-8) ring ring-(--ui-color-base-7) size-[42px] text-(length:--ui-font-size-2xl)/(--ui-font-line-height-reset) relative rounded-full last:me-0 -me-1.5"><img role="img" src="https://github.com/IgorShevchik.png" alt="Igor Shevchik" width="32" height="32" class="h-full w-full rounded-[inherit] object-cover"></span><span class="air-secondary-accent inline-flex items-center justify-center shrink-0 select-none align-middle bg-(--ui-color-base-8) ring ring-(--ui-color-base-7) size-[42px] text-(length:--ui-font-size-2xl)/(--ui-font-line-height-reset) relative rounded-full last:me-0 -me-1.5"><img role="img" src="https://github.com/romhml.png" alt="Romain Hamel" width="32" height="32" class="h-full w-full rounded-[inherit] object-cover"></span><span class="air-secondary-accent inline-flex items-center justify-center shrink-0 select-none align-middle bg-(--ui-color-base-8) ring ring-(--ui-color-base-7) size-[42px] text-(length:--ui-font-size-2xl)/(--ui-font-line-height-reset) relative rounded-full last:me-0 -me-1.5"><img role="img" src="https://github.com/noook.png" alt="Neil Richter" width="32" height="32" class="h-full w-full rounded-[inherit] object-cover"></span>
  <!--v-if-->
</div>"
`;

exports[`AvatarGroup > renders with size md correctly 1`] = `
"<div class="inline-flex justify-end"><span class="air-secondary-accent inline-flex items-center justify-center shrink-0 select-none align-middle bg-(--ui-color-base-8) ring ring-(--ui-color-base-7) size-[32px] text-(length:--ui-font-size-sm)/(--ui-font-line-height-reset) relative rounded-full last:me-0 -me-1.5"><img role="img" src="https://github.com/IgorShevchik.png" alt="Igor Shevchik" width="32" height="32" class="h-full w-full rounded-[inherit] object-cover"></span><span class="air-secondary-accent inline-flex items-center justify-center shrink-0 select-none align-middle bg-(--ui-color-base-8) ring ring-(--ui-color-base-7) size-[32px] text-(length:--ui-font-size-sm)/(--ui-font-line-height-reset) relative rounded-full last:me-0 -me-1.5"><img role="img" src="https://github.com/romhml.png" alt="Romain Hamel" width="32" height="32" class="h-full w-full rounded-[inherit] object-cover"></span><span class="air-secondary-accent inline-flex items-center justify-center shrink-0 select-none align-middle bg-(--ui-color-base-8) ring ring-(--ui-color-base-7) size-[32px] text-(length:--ui-font-size-sm)/(--ui-font-line-height-reset) relative rounded-full last:me-0 -me-1.5"><img role="img" src="https://github.com/noook.png" alt="Neil Richter" width="32" height="32" class="h-full w-full rounded-[inherit] object-cover"></span>
  <!--v-if-->
</div>"
`;

exports[`AvatarGroup > renders with size sm correctly 1`] = `
"<div class="inline-flex justify-end"><span class="air-secondary-accent inline-flex items-center justify-center shrink-0 select-none align-middle bg-(--ui-color-base-8) ring ring-(--ui-color-base-7) size-[28px] text-(length:--ui-font-size-xs)/(--ui-font-line-height-reset) relative rounded-full last:me-0 -me-1.5"><img role="img" src="https://github.com/IgorShevchik.png" alt="Igor Shevchik" width="32" height="32" class="h-full w-full rounded-[inherit] object-cover"></span><span class="air-secondary-accent inline-flex items-center justify-center shrink-0 select-none align-middle bg-(--ui-color-base-8) ring ring-(--ui-color-base-7) size-[28px] text-(length:--ui-font-size-xs)/(--ui-font-line-height-reset) relative rounded-full last:me-0 -me-1.5"><img role="img" src="https://github.com/romhml.png" alt="Romain Hamel" width="32" height="32" class="h-full w-full rounded-[inherit] object-cover"></span><span class="air-secondary-accent inline-flex items-center justify-center shrink-0 select-none align-middle bg-(--ui-color-base-8) ring ring-(--ui-color-base-7) size-[28px] text-(length:--ui-font-size-xs)/(--ui-font-line-height-reset) relative rounded-full last:me-0 -me-1.5"><img role="img" src="https://github.com/noook.png" alt="Neil Richter" width="32" height="32" class="h-full w-full rounded-[inherit] object-cover"></span>
  <!--v-if-->
</div>"
`;

exports[`AvatarGroup > renders with size xl correctly 1`] = `
"<div class="inline-flex justify-end"><span class="air-secondary-accent inline-flex items-center justify-center shrink-0 select-none align-middle bg-(--ui-color-base-8) ring-(--ui-color-base-7) ring-2 size-[48px] text-(length:--ui-font-size-2xl)/(--ui-font-line-height-reset) relative rounded-full last:me-0 -me-2"><img role="img" src="https://github.com/IgorShevchik.png" alt="Igor Shevchik" width="32" height="32" class="h-full w-full rounded-[inherit] object-cover"></span><span class="air-secondary-accent inline-flex items-center justify-center shrink-0 select-none align-middle bg-(--ui-color-base-8) ring-(--ui-color-base-7) ring-2 size-[48px] text-(length:--ui-font-size-2xl)/(--ui-font-line-height-reset) relative rounded-full last:me-0 -me-2"><img role="img" src="https://github.com/romhml.png" alt="Romain Hamel" width="32" height="32" class="h-full w-full rounded-[inherit] object-cover"></span><span class="air-secondary-accent inline-flex items-center justify-center shrink-0 select-none align-middle bg-(--ui-color-base-8) ring-(--ui-color-base-7) ring-2 size-[48px] text-(length:--ui-font-size-2xl)/(--ui-font-line-height-reset) relative rounded-full last:me-0 -me-2"><img role="img" src="https://github.com/noook.png" alt="Neil Richter" width="32" height="32" class="h-full w-full rounded-[inherit] object-cover"></span>
  <!--v-if-->
</div>"
`;

exports[`AvatarGroup > renders with size xs correctly 1`] = `
"<div class="inline-flex justify-end"><span class="air-secondary-accent inline-flex items-center justify-center shrink-0 select-none align-middle bg-(--ui-color-base-8) ring ring-(--ui-color-base-7) size-[24px] text-(length:--ui-font-size-3xs)/(--ui-font-line-height-reset) font-(--ui-font-weight-regular) relative rounded-full last:me-0 -me-0.5"><img role="img" src="https://github.com/IgorShevchik.png" alt="Igor Shevchik" width="32" height="32" class="h-full w-full rounded-[inherit] object-cover"></span><span class="air-secondary-accent inline-flex items-center justify-center shrink-0 select-none align-middle bg-(--ui-color-base-8) ring ring-(--ui-color-base-7) size-[24px] text-(length:--ui-font-size-3xs)/(--ui-font-line-height-reset) font-(--ui-font-weight-regular) relative rounded-full last:me-0 -me-0.5"><img role="img" src="https://github.com/romhml.png" alt="Romain Hamel" width="32" height="32" class="h-full w-full rounded-[inherit] object-cover"></span><span class="air-secondary-accent inline-flex items-center justify-center shrink-0 select-none align-middle bg-(--ui-color-base-8) ring ring-(--ui-color-base-7) size-[24px] text-(length:--ui-font-size-3xs)/(--ui-font-line-height-reset) font-(--ui-font-weight-regular) relative rounded-full last:me-0 -me-0.5"><img role="img" src="https://github.com/noook.png" alt="Neil Richter" width="32" height="32" class="h-full w-full rounded-[inherit] object-cover"></span>
  <!--v-if-->
</div>"
`;
