// Vitest Snapshot v1, https://vitest.dev/guide/snapshot.html

exports[`Badge > renders with as correctly 1`] = `
"<div class="ui-label__scope --air select-none font-[family-name:var(--ui-font-family-secondary)] font-(--ui-label-font-weight) text-(length:--ui-label-font-size)/normal inline-flex items-center transition-all duration-200 ease-linear px-(--ui-label-inline-space) text-(--b24ui-color) bg-(--b24ui-background) border-(--b24ui-border-color) border-(length:--b24ui-border-width) group-[.is-field-group]/items:not-only:not-first:after:content-[''] group-[.is-field-group]/items:not-only:not-first:after:absolute group-[.is-field-group]/items:not-only:not-first:after:top-[7px] group-[.is-field-group]/items:not-only:not-first:after:bottom-[6px] group-[.is-field-group]/items:not-only:not-first:after:left-0 group-[.is-field-group]/items:not-only:not-first:after:w-px group-[.is-field-group]/items:not-only:not-first:after:bg-current/30 style-filled ui-label-md gap-1 rounded-[calc(var(--ui-label-height)_/_2)]">
  <div class="h-(--ui-label-height) inline-flex items-center gap-1">
    <!--v-if--><span class="max-w-full whitespace-nowrap text-ellipsis decoration-from-font underline-offset-1">Badge</span>
  </div>
  <!--v-if-->
</div>"
`;

exports[`Badge > renders with avatar and leadingIcon correctly 1`] = `
"<span class="ui-label__scope --air select-none font-[family-name:var(--ui-font-family-secondary)] font-(--ui-label-font-weight) text-(length:--ui-label-font-size)/normal inline-flex items-center transition-all duration-200 ease-linear text-(--b24ui-color) bg-(--b24ui-background) border-(--b24ui-border-color) border-(length:--b24ui-border-width) group-[.is-field-group]/items:not-only:not-first:after:content-[''] group-[.is-field-group]/items:not-only:not-first:after:absolute group-[.is-field-group]/items:not-only:not-first:after:top-[7px] group-[.is-field-group]/items:not-only:not-first:after:bottom-[6px] group-[.is-field-group]/items:not-only:not-first:after:left-0 group-[.is-field-group]/items:not-only:not-first:after:w-px group-[.is-field-group]/items:not-only:not-first:after:bg-current/30 style-filled ui-label-md gap-1 rounded-[calc(var(--ui-label-height)_/_4)] p-0 ps-0 pe-0" leadingicon="function render(_ctx, _cache) {
  return (_openBlock(), _createElementBlock(&quot;svg&quot;, {
    xmlns: &quot;http://www.w3.org/2000/svg&quot;,
    fill: &quot;none&quot;,
    viewBox: &quot;0 0 24 24&quot;,
    &quot;aria-hidden&quot;: &quot;true&quot;,
    &quot;data-slot&quot;: &quot;icon&quot;
  }, [
    _createElementVNode(&quot;path&quot;, {
      fill: &quot;currentColor&quot;,
      &quot;fill-rule&quot;: &quot;evenodd&quot;,
      d: &quot;M11.985 3a1.706 1.706 0 0 0-1.699 1.825L6.774 7.304h-1.7a1 1 0 0 0-1 1v9.203a1 1 0 0 0 1 1h13.822a1 1 0 0 0 1-1V8.304a1 1 0 0 0-1-1H17.19l-3.51-2.447q.006-.075.007-.15c0-.94-.763-1.707-1.703-1.707M10.8 5.931a1.694 1.694 0 0 0 2.35.019l1.943 1.354H8.855zm-4.231 4.744a.8.8 0 0 1 .8-.8h7.115a.8.8 0 0 1 .8.8v.137a.8.8 0 0 1-.8.8H7.37a.8.8 0 0 1-.8-.8zm.8 2.845a.8.8 0 0 0-.8.8v.137a.8.8 0 0 0 .8.8H13.1a.8.8 0 0 0 .8-.8v-.138a.8.8 0 0 0-.8-.8z&quot;,
      &quot;clip-rule&quot;: &quot;evenodd&quot;
    })
  ]))
}"><span class="h-(--ui-label-height) inline-flex items-center w-(--ui-label-height) p-[1px] gap-0"><span class="air-secondary-accent inline-flex items-center justify-center select-none rounded-full align-middle bg-(--ui-color-base-8) ring ring-(--ui-color-base-7) size-[10px] text-4xs font-(--ui-font-weight-regular) shrink-0"><img role="img" src="https://github.com/bitrix24.png" width="10" height="10" class="h-full w-full rounded-[inherit] object-cover"></span>
<!--v-if--></span>
<!--v-if--></span>"
`;

exports[`Badge > renders with avatar and trailingIcon correctly 1`] = `
"<span class="ui-label__scope --air select-none font-[family-name:var(--ui-font-family-secondary)] font-(--ui-label-font-weight) text-(length:--ui-label-font-size)/normal inline-flex items-center transition-all duration-200 ease-linear text-(--b24ui-color) bg-(--b24ui-background) border-(--b24ui-border-color) border-(length:--b24ui-border-width) group-[.is-field-group]/items:not-only:not-first:after:content-[''] group-[.is-field-group]/items:not-only:not-first:after:absolute group-[.is-field-group]/items:not-only:not-first:after:top-[7px] group-[.is-field-group]/items:not-only:not-first:after:bottom-[6px] group-[.is-field-group]/items:not-only:not-first:after:left-0 group-[.is-field-group]/items:not-only:not-first:after:w-px group-[.is-field-group]/items:not-only:not-first:after:bg-current/30 style-filled ui-label-md gap-1 rounded-[calc(var(--ui-label-height)_/_4)] p-0 ps-0 pe-0"><span class="h-(--ui-label-height) inline-flex items-center w-(--ui-label-height) p-[1px] gap-0"><span class="air-secondary-accent inline-flex items-center justify-center select-none rounded-full align-middle bg-(--ui-color-base-8) ring ring-(--ui-color-base-7) size-[10px] text-4xs font-(--ui-font-weight-regular) shrink-0"><img role="img" src="https://github.com/bitrix24.png" width="10" height="10" class="h-full w-full rounded-[inherit] object-cover"></span>
<!--v-if--></span>
<!--v-if--></span>"
`;

exports[`Badge > renders with avatar correctly 1`] = `
"<span class="ui-label__scope --air select-none font-[family-name:var(--ui-font-family-secondary)] font-(--ui-label-font-weight) text-(length:--ui-label-font-size)/normal inline-flex items-center transition-all duration-200 ease-linear text-(--b24ui-color) bg-(--b24ui-background) border-(--b24ui-border-color) border-(length:--b24ui-border-width) group-[.is-field-group]/items:not-only:not-first:after:content-[''] group-[.is-field-group]/items:not-only:not-first:after:absolute group-[.is-field-group]/items:not-only:not-first:after:top-[7px] group-[.is-field-group]/items:not-only:not-first:after:bottom-[6px] group-[.is-field-group]/items:not-only:not-first:after:left-0 group-[.is-field-group]/items:not-only:not-first:after:w-px group-[.is-field-group]/items:not-only:not-first:after:bg-current/30 style-filled ui-label-md gap-1 rounded-[calc(var(--ui-label-height)_/_4)] p-0 ps-0 pe-0"><span class="h-(--ui-label-height) inline-flex items-center w-(--ui-label-height) p-[1px] gap-0"><span class="air-secondary-accent inline-flex items-center justify-center select-none rounded-full align-middle bg-(--ui-color-base-8) ring ring-(--ui-color-base-7) size-[10px] text-4xs font-(--ui-font-weight-regular) shrink-0"><img role="img" src="https://github.com/bitrix24.png" width="10" height="10" class="h-full w-full rounded-[inherit] object-cover"></span>
<!--v-if--></span>
<!--v-if--></span>"
`;

exports[`Badge > renders with b24ui correctly 1`] = `
"<span class="ui-label__scope --air select-none font-[family-name:var(--ui-font-family-secondary)] font-(--ui-label-font-weight) text-(length:--ui-label-font-size)/normal inline-flex items-center transition-all duration-200 ease-linear px-(--ui-label-inline-space) text-(--b24ui-color) bg-(--b24ui-background) border-(--b24ui-border-color) border-(length:--b24ui-border-width) group-[.is-field-group]/items:not-only:not-first:after:content-[''] group-[.is-field-group]/items:not-only:not-first:after:absolute group-[.is-field-group]/items:not-only:not-first:after:top-[7px] group-[.is-field-group]/items:not-only:not-first:after:bottom-[6px] group-[.is-field-group]/items:not-only:not-first:after:left-0 group-[.is-field-group]/items:not-only:not-first:after:w-px group-[.is-field-group]/items:not-only:not-first:after:bg-current/30 style-filled ui-label-md gap-1 rounded-[calc(var(--ui-label-height)_/_2)]"><span class="h-(--ui-label-height) inline-flex items-center gap-1"><!--v-if--><span class="max-w-full whitespace-nowrap text-ellipsis decoration-from-font underline-offset-1 font-bold">Badge</span></span>
<!--v-if--></span>"
`;

exports[`Badge > renders with class correctly 1`] = `
"<span class="ui-label__scope --air select-none font-[family-name:var(--ui-font-family-secondary)] text-(length:--ui-label-font-size)/normal inline-flex items-center transition-all duration-200 ease-linear px-(--ui-label-inline-space) text-(--b24ui-color) bg-(--b24ui-background) border-(--b24ui-border-color) border-(length:--b24ui-border-width) group-[.is-field-group]/items:not-only:not-first:after:content-[''] group-[.is-field-group]/items:not-only:not-first:after:absolute group-[.is-field-group]/items:not-only:not-first:after:top-[7px] group-[.is-field-group]/items:not-only:not-first:after:bottom-[6px] group-[.is-field-group]/items:not-only:not-first:after:left-0 group-[.is-field-group]/items:not-only:not-first:after:w-px group-[.is-field-group]/items:not-only:not-first:after:bg-current/30 style-filled ui-label-md gap-1 rounded-full font-bold"><span class="h-(--ui-label-height) inline-flex items-center gap-1"><!--v-if--><span class="max-w-full whitespace-nowrap text-ellipsis decoration-from-font underline-offset-1">Badge</span></span>
<!--v-if--></span>"
`;

exports[`Badge > renders with default slot correctly 1`] = `
"<span class="ui-label__scope --air select-none font-[family-name:var(--ui-font-family-secondary)] font-(--ui-label-font-weight) text-(length:--ui-label-font-size)/normal inline-flex items-center transition-all duration-200 ease-linear px-(--ui-label-inline-space) text-(--b24ui-color) bg-(--b24ui-background) border-(--b24ui-border-color) border-(length:--b24ui-border-width) group-[.is-field-group]/items:not-only:not-first:after:content-[''] group-[.is-field-group]/items:not-only:not-first:after:absolute group-[.is-field-group]/items:not-only:not-first:after:top-[7px] group-[.is-field-group]/items:not-only:not-first:after:bottom-[6px] group-[.is-field-group]/items:not-only:not-first:after:left-0 group-[.is-field-group]/items:not-only:not-first:after:w-px group-[.is-field-group]/items:not-only:not-first:after:bg-current/30 style-filled ui-label-md gap-1 rounded-[calc(var(--ui-label-height)_/_2)]"><span class="h-(--ui-label-height) inline-flex items-center gap-1"><!--v-if-->Default slot</span>
<!--v-if--></span>"
`;

exports[`Badge > renders with icon correctly 1`] = `
"<span class="ui-label__scope --air select-none font-[family-name:var(--ui-font-family-secondary)] font-(--ui-label-font-weight) text-(length:--ui-label-font-size)/normal inline-flex items-center transition-all duration-200 ease-linear text-(--b24ui-color) bg-(--b24ui-background) border-(--b24ui-border-color) border-(length:--b24ui-border-width) group-[.is-field-group]/items:not-only:not-first:after:content-[''] group-[.is-field-group]/items:not-only:not-first:after:absolute group-[.is-field-group]/items:not-only:not-first:after:top-[7px] group-[.is-field-group]/items:not-only:not-first:after:bottom-[6px] group-[.is-field-group]/items:not-only:not-first:after:left-0 group-[.is-field-group]/items:not-only:not-first:after:w-px group-[.is-field-group]/items:not-only:not-first:after:bg-current/30 style-filled ui-label-md gap-1 rounded-[calc(var(--ui-label-height)_/_4)] p-0 ps-0 pe-0"><span class="h-(--ui-label-height) inline-flex items-center w-(--ui-label-height) p-[1px] gap-0"><svg xmlns="http://www.w3.org/2000/svg" fill="none" viewBox="0 0 24 24" aria-hidden="true" data-slot="icon" class="shrink-0 size-[18px]"><path fill="currentColor" fill-rule="evenodd" d="M11.985 3a1.706 1.706 0 0 0-1.699 1.825L6.774 7.304h-1.7a1 1 0 0 0-1 1v9.203a1 1 0 0 0 1 1h13.822a1 1 0 0 0 1-1V8.304a1 1 0 0 0-1-1H17.19l-3.51-2.447q.006-.075.007-.15c0-.94-.763-1.707-1.703-1.707M10.8 5.931a1.694 1.694 0 0 0 2.35.019l1.943 1.354H8.855zm-4.231 4.744a.8.8 0 0 1 .8-.8h7.115a.8.8 0 0 1 .8.8v.137a.8.8 0 0 1-.8.8H7.37a.8.8 0 0 1-.8-.8zm.8 2.845a.8.8 0 0 0-.8.8v.137a.8.8 0 0 0 .8.8H13.1a.8.8 0 0 0 .8-.8v-.138a.8.8 0 0 0-.8-.8z" clip-rule="evenodd"></path></svg><!--v-if--></span>
<!--v-if--></span>"
`;

exports[`Badge > renders with label correctly 1`] = `
"<span class="ui-label__scope --air select-none font-[family-name:var(--ui-font-family-secondary)] font-(--ui-label-font-weight) text-(length:--ui-label-font-size)/normal inline-flex items-center transition-all duration-200 ease-linear px-(--ui-label-inline-space) text-(--b24ui-color) bg-(--b24ui-background) border-(--b24ui-border-color) border-(length:--b24ui-border-width) group-[.is-field-group]/items:not-only:not-first:after:content-[''] group-[.is-field-group]/items:not-only:not-first:after:absolute group-[.is-field-group]/items:not-only:not-first:after:top-[7px] group-[.is-field-group]/items:not-only:not-first:after:bottom-[6px] group-[.is-field-group]/items:not-only:not-first:after:left-0 group-[.is-field-group]/items:not-only:not-first:after:w-px group-[.is-field-group]/items:not-only:not-first:after:bg-current/30 style-filled ui-label-md gap-1 rounded-[calc(var(--ui-label-height)_/_2)]"><span class="h-(--ui-label-height) inline-flex items-center gap-1"><!--v-if--><span class="max-w-full whitespace-nowrap text-ellipsis decoration-from-font underline-offset-1">Badge</span></span>
<!--v-if--></span>"
`;

exports[`Badge > renders with leading and icon correctly 1`] = `
"<span class="ui-label__scope --air select-none font-[family-name:var(--ui-font-family-secondary)] font-(--ui-label-font-weight) text-(length:--ui-label-font-size)/normal inline-flex items-center transition-all duration-200 ease-linear text-(--b24ui-color) bg-(--b24ui-background) border-(--b24ui-border-color) border-(length:--b24ui-border-width) group-[.is-field-group]/items:not-only:not-first:after:content-[''] group-[.is-field-group]/items:not-only:not-first:after:absolute group-[.is-field-group]/items:not-only:not-first:after:top-[7px] group-[.is-field-group]/items:not-only:not-first:after:bottom-[6px] group-[.is-field-group]/items:not-only:not-first:after:left-0 group-[.is-field-group]/items:not-only:not-first:after:w-px group-[.is-field-group]/items:not-only:not-first:after:bg-current/30 style-filled ui-label-md gap-1 rounded-[calc(var(--ui-label-height)_/_4)] p-0 ps-0 pe-0" leading="true"><span class="h-(--ui-label-height) inline-flex items-center w-(--ui-label-height) p-[1px] gap-0"><svg xmlns="http://www.w3.org/2000/svg" fill="none" viewBox="0 0 24 24" aria-hidden="true" data-slot="icon" class="shrink-0 size-[18px]"><path fill="currentColor" fill-rule="evenodd" d="M11.985 3a1.706 1.706 0 0 0-1.699 1.825L6.774 7.304h-1.7a1 1 0 0 0-1 1v9.203a1 1 0 0 0 1 1h13.822a1 1 0 0 0 1-1V8.304a1 1 0 0 0-1-1H17.19l-3.51-2.447q.006-.075.007-.15c0-.94-.763-1.707-1.703-1.707M10.8 5.931a1.694 1.694 0 0 0 2.35.019l1.943 1.354H8.855zm-4.231 4.744a.8.8 0 0 1 .8-.8h7.115a.8.8 0 0 1 .8.8v.137a.8.8 0 0 1-.8.8H7.37a.8.8 0 0 1-.8-.8zm.8 2.845a.8.8 0 0 0-.8.8v.137a.8.8 0 0 0 .8.8H13.1a.8.8 0 0 0 .8-.8v-.138a.8.8 0 0 0-.8-.8z" clip-rule="evenodd"></path></svg><!--v-if--></span>
<!--v-if--></span>"
`;

exports[`Badge > renders with leading slot correctly 1`] = `
"<span class="ui-label__scope --air select-none font-[family-name:var(--ui-font-family-secondary)] font-(--ui-label-font-weight) text-(length:--ui-label-font-size)/normal inline-flex items-center transition-all duration-200 ease-linear text-(--b24ui-color) bg-(--b24ui-background) border-(--b24ui-border-color) border-(length:--b24ui-border-width) group-[.is-field-group]/items:not-only:not-first:after:content-[''] group-[.is-field-group]/items:not-only:not-first:after:absolute group-[.is-field-group]/items:not-only:not-first:after:top-[7px] group-[.is-field-group]/items:not-only:not-first:after:bottom-[6px] group-[.is-field-group]/items:not-only:not-first:after:left-0 group-[.is-field-group]/items:not-only:not-first:after:w-px group-[.is-field-group]/items:not-only:not-first:after:bg-current/30 style-filled ui-label-md gap-1 rounded-[calc(var(--ui-label-height)_/_4)] p-0 ps-0 pe-0"><span class="h-(--ui-label-height) inline-flex items-center w-(--ui-label-height) p-[1px] gap-0">Leading slot<!--v-if--></span>
<!--v-if--></span>"
`;

exports[`Badge > renders with leadingIcon correctly 1`] = `
"<span class="ui-label__scope --air select-none font-[family-name:var(--ui-font-family-secondary)] font-(--ui-label-font-weight) text-(length:--ui-label-font-size)/normal inline-flex items-center transition-all duration-200 ease-linear text-(--b24ui-color) bg-(--b24ui-background) border-(--b24ui-border-color) border-(length:--b24ui-border-width) group-[.is-field-group]/items:not-only:not-first:after:content-[''] group-[.is-field-group]/items:not-only:not-first:after:absolute group-[.is-field-group]/items:not-only:not-first:after:top-[7px] group-[.is-field-group]/items:not-only:not-first:after:bottom-[6px] group-[.is-field-group]/items:not-only:not-first:after:left-0 group-[.is-field-group]/items:not-only:not-first:after:w-px group-[.is-field-group]/items:not-only:not-first:after:bg-current/30 style-filled ui-label-md gap-1 rounded-[calc(var(--ui-label-height)_/_4)] p-0 ps-0 pe-0" leadingicon="function render(_ctx, _cache) {
  return (_openBlock(), _createElementBlock(&quot;svg&quot;, {
    xmlns: &quot;http://www.w3.org/2000/svg&quot;,
    fill: &quot;none&quot;,
    viewBox: &quot;0 0 24 24&quot;,
    &quot;aria-hidden&quot;: &quot;true&quot;,
    &quot;data-slot&quot;: &quot;icon&quot;
  }, [
    _createElementVNode(&quot;path&quot;, {
      fill: &quot;currentColor&quot;,
      &quot;fill-rule&quot;: &quot;evenodd&quot;,
      d: &quot;M11.985 3a1.706 1.706 0 0 0-1.699 1.825L6.774 7.304h-1.7a1 1 0 0 0-1 1v9.203a1 1 0 0 0 1 1h13.822a1 1 0 0 0 1-1V8.304a1 1 0 0 0-1-1H17.19l-3.51-2.447q.006-.075.007-.15c0-.94-.763-1.707-1.703-1.707M10.8 5.931a1.694 1.694 0 0 0 2.35.019l1.943 1.354H8.855zm-4.231 4.744a.8.8 0 0 1 .8-.8h7.115a.8.8 0 0 1 .8.8v.137a.8.8 0 0 1-.8.8H7.37a.8.8 0 0 1-.8-.8zm.8 2.845a.8.8 0 0 0-.8.8v.137a.8.8 0 0 0 .8.8H13.1a.8.8 0 0 0 .8-.8v-.138a.8.8 0 0 0-.8-.8z&quot;,
      &quot;clip-rule&quot;: &quot;evenodd&quot;
    })
  ]))
}"><span class="h-(--ui-label-height) inline-flex items-center w-(--ui-label-height) p-[1px] gap-0"><!--v-if--><!--v-if--></span>
<!--v-if--></span>"
`;

exports[`Badge > renders with size lg correctly 1`] = `
"<span class="ui-label__scope --air select-none font-[family-name:var(--ui-font-family-secondary)] font-(--ui-label-font-weight) text-(length:--ui-label-font-size)/normal inline-flex items-center transition-all duration-200 ease-linear px-(--ui-label-inline-space) text-(--b24ui-color) bg-(--b24ui-background) border-(--b24ui-border-color) border-(length:--b24ui-border-width) group-[.is-field-group]/items:not-only:not-first:after:content-[''] group-[.is-field-group]/items:not-only:not-first:after:absolute group-[.is-field-group]/items:not-only:not-first:after:top-[7px] group-[.is-field-group]/items:not-only:not-first:after:bottom-[6px] group-[.is-field-group]/items:not-only:not-first:after:left-0 group-[.is-field-group]/items:not-only:not-first:after:w-px group-[.is-field-group]/items:not-only:not-first:after:bg-current/30 style-filled ui-label-lg gap-1 rounded-[calc(var(--ui-label-height)_/_2)]"><span class="h-(--ui-label-height) inline-flex items-center gap-1"><!--v-if--><span class="max-w-full whitespace-nowrap text-ellipsis decoration-from-font">Badge</span></span>
<!--v-if--></span>"
`;

exports[`Badge > renders with size md correctly 1`] = `
"<span class="ui-label__scope --air select-none font-[family-name:var(--ui-font-family-secondary)] font-(--ui-label-font-weight) text-(length:--ui-label-font-size)/normal inline-flex items-center transition-all duration-200 ease-linear px-(--ui-label-inline-space) text-(--b24ui-color) bg-(--b24ui-background) border-(--b24ui-border-color) border-(length:--b24ui-border-width) group-[.is-field-group]/items:not-only:not-first:after:content-[''] group-[.is-field-group]/items:not-only:not-first:after:absolute group-[.is-field-group]/items:not-only:not-first:after:top-[7px] group-[.is-field-group]/items:not-only:not-first:after:bottom-[6px] group-[.is-field-group]/items:not-only:not-first:after:left-0 group-[.is-field-group]/items:not-only:not-first:after:w-px group-[.is-field-group]/items:not-only:not-first:after:bg-current/30 style-filled ui-label-md gap-1 rounded-[calc(var(--ui-label-height)_/_2)]"><span class="h-(--ui-label-height) inline-flex items-center gap-1"><!--v-if--><span class="max-w-full whitespace-nowrap text-ellipsis decoration-from-font underline-offset-1">Badge</span></span>
<!--v-if--></span>"
`;

exports[`Badge > renders with size sm correctly 1`] = `
"<span class="ui-label__scope --air select-none font-[family-name:var(--ui-font-family-secondary)] font-(--ui-label-font-weight) text-(length:--ui-label-font-size)/normal inline-flex items-center transition-all duration-200 ease-linear px-(--ui-label-inline-space) text-(--b24ui-color) bg-(--b24ui-background) border-(--b24ui-border-color) border-(length:--b24ui-border-width) group-[.is-field-group]/items:not-only:not-first:after:content-[''] group-[.is-field-group]/items:not-only:not-first:after:absolute group-[.is-field-group]/items:not-only:not-first:after:top-[7px] group-[.is-field-group]/items:not-only:not-first:after:bottom-[6px] group-[.is-field-group]/items:not-only:not-first:after:left-0 group-[.is-field-group]/items:not-only:not-first:after:w-px group-[.is-field-group]/items:not-only:not-first:after:bg-current/30 style-filled ui-label-sm gap-1 rounded-[calc(var(--ui-label-height)_/_2)]"><span class="h-(--ui-label-height) inline-flex items-center gap-1"><!--v-if--><span class="max-w-full whitespace-nowrap text-ellipsis decoration-from-font underline-offset-1">Badge</span></span>
<!--v-if--></span>"
`;

exports[`Badge > renders with size xl correctly 1`] = `
"<span class="ui-label__scope --air select-none font-[family-name:var(--ui-font-family-secondary)] font-(--ui-label-font-weight) text-(length:--ui-label-font-size)/normal inline-flex items-center transition-all duration-200 ease-linear px-(--ui-label-inline-space) text-(--b24ui-color) bg-(--b24ui-background) border-(--b24ui-border-color) border-(length:--b24ui-border-width) group-[.is-field-group]/items:not-only:not-first:after:content-[''] group-[.is-field-group]/items:not-only:not-first:after:absolute group-[.is-field-group]/items:not-only:not-first:after:top-[7px] group-[.is-field-group]/items:not-only:not-first:after:bottom-[6px] group-[.is-field-group]/items:not-only:not-first:after:left-0 group-[.is-field-group]/items:not-only:not-first:after:w-px group-[.is-field-group]/items:not-only:not-first:after:bg-current/30 style-filled ui-label-xl gap-1 rounded-[calc(var(--ui-label-height)_/_2)]"><span class="h-(--ui-label-height) inline-flex items-center gap-1"><!--v-if--><span class="max-w-full whitespace-nowrap text-ellipsis decoration-from-font">Badge</span></span>
<!--v-if--></span>"
`;

exports[`Badge > renders with size xs correctly 1`] = `
"<span class="ui-label__scope --air select-none font-[family-name:var(--ui-font-family-secondary)] font-(--ui-label-font-weight) text-(length:--ui-label-font-size)/normal inline-flex items-center transition-all duration-200 ease-linear px-(--ui-label-inline-space) text-(--b24ui-color) bg-(--b24ui-background) border-(--b24ui-border-color) border-(length:--b24ui-border-width) group-[.is-field-group]/items:not-only:not-first:after:content-[''] group-[.is-field-group]/items:not-only:not-first:after:absolute group-[.is-field-group]/items:not-only:not-first:after:top-[7px] group-[.is-field-group]/items:not-only:not-first:after:bottom-[6px] group-[.is-field-group]/items:not-only:not-first:after:left-0 group-[.is-field-group]/items:not-only:not-first:after:w-px group-[.is-field-group]/items:not-only:not-first:after:bg-current/30 style-filled ui-label-xs gap-0.5 rounded-[calc(var(--ui-label-height)_/_2)]"><span class="h-(--ui-label-height) inline-flex items-center gap-0.5"><!--v-if--><span class="max-w-full whitespace-nowrap text-ellipsis decoration-from-font underline-offset-1">Badge</span></span>
<!--v-if--></span>"
`;

exports[`Badge > renders with size xss correctly 1`] = `
"<span class="ui-label__scope --air select-none font-[family-name:var(--ui-font-family-secondary)] font-(--ui-label-font-weight) text-(length:--ui-label-font-size)/normal inline-flex items-center transition-all duration-200 ease-linear px-(--ui-label-inline-space) text-(--b24ui-color) bg-(--b24ui-background) border-(--b24ui-border-color) border-(length:--b24ui-border-width) group-[.is-field-group]/items:not-only:not-first:after:content-[''] group-[.is-field-group]/items:not-only:not-first:after:absolute group-[.is-field-group]/items:not-only:not-first:after:top-[7px] group-[.is-field-group]/items:not-only:not-first:after:bottom-[6px] group-[.is-field-group]/items:not-only:not-first:after:left-0 group-[.is-field-group]/items:not-only:not-first:after:w-px group-[.is-field-group]/items:not-only:not-first:after:bg-current/30 style-filled ui-label-xss gap-0.5 rounded-[calc(var(--ui-label-height)_/_2)]"><span class="h-(--ui-label-height) inline-flex items-center gap-0.5"><!--v-if--><span class="max-w-full whitespace-nowrap text-ellipsis decoration-from-font underline-offset-1">Badge</span></span>
<!--v-if--></span>"
`;

exports[`Badge > renders with square correctly 1`] = `
"<span class="ui-label__scope --air select-none font-[family-name:var(--ui-font-family-secondary)] font-(--ui-label-font-weight) text-(length:--ui-label-font-size)/normal inline-flex items-center transition-all duration-200 ease-linear text-(--b24ui-color) bg-(--b24ui-background) border-(--b24ui-border-color) border-(length:--b24ui-border-width) group-[.is-field-group]/items:not-only:not-first:after:content-[''] group-[.is-field-group]/items:not-only:not-first:after:absolute group-[.is-field-group]/items:not-only:not-first:after:top-[7px] group-[.is-field-group]/items:not-only:not-first:after:bottom-[6px] group-[.is-field-group]/items:not-only:not-first:after:left-0 group-[.is-field-group]/items:not-only:not-first:after:w-px group-[.is-field-group]/items:not-only:not-first:after:bg-current/30 style-filled ui-label-md gap-1 rounded-[calc(var(--ui-label-height)_/_4)] p-0 ps-0 pe-0"><span class="h-(--ui-label-height) inline-flex items-center w-(--ui-label-height) p-[1px] gap-0"><!--v-if--><span class="max-w-full whitespace-nowrap text-ellipsis decoration-from-font underline-offset-1 overflow-hidden">Badge</span></span>
<!--v-if--></span>"
`;

exports[`Badge > renders with trailing and icon correctly 1`] = `
"<span class="ui-label__scope --air select-none font-[family-name:var(--ui-font-family-secondary)] font-(--ui-label-font-weight) text-(length:--ui-label-font-size)/normal inline-flex items-center transition-all duration-200 ease-linear text-(--b24ui-color) bg-(--b24ui-background) border-(--b24ui-border-color) border-(length:--b24ui-border-width) group-[.is-field-group]/items:not-only:not-first:after:content-[''] group-[.is-field-group]/items:not-only:not-first:after:absolute group-[.is-field-group]/items:not-only:not-first:after:top-[7px] group-[.is-field-group]/items:not-only:not-first:after:bottom-[6px] group-[.is-field-group]/items:not-only:not-first:after:left-0 group-[.is-field-group]/items:not-only:not-first:after:w-px group-[.is-field-group]/items:not-only:not-first:after:bg-current/30 style-filled ui-label-md gap-1 rounded-[calc(var(--ui-label-height)_/_4)] p-0 ps-0 pe-0"><span class="h-(--ui-label-height) inline-flex items-center w-(--ui-label-height) p-[1px] gap-0"><!--v-if--><!--v-if--></span>
<!--v-if--></span>"
`;

exports[`Badge > renders with trailing slot correctly 1`] = `"<span class="ui-label__scope --air select-none font-[family-name:var(--ui-font-family-secondary)] font-(--ui-label-font-weight) text-(length:--ui-label-font-size)/normal inline-flex items-center transition-all duration-200 ease-linear text-(--b24ui-color) bg-(--b24ui-background) border-(--b24ui-border-color) border-(length:--b24ui-border-width) group-[.is-field-group]/items:not-only:not-first:after:content-[''] group-[.is-field-group]/items:not-only:not-first:after:absolute group-[.is-field-group]/items:not-only:not-first:after:top-[7px] group-[.is-field-group]/items:not-only:not-first:after:bottom-[6px] group-[.is-field-group]/items:not-only:not-first:after:left-0 group-[.is-field-group]/items:not-only:not-first:after:w-px group-[.is-field-group]/items:not-only:not-first:after:bg-current/30 style-filled ui-label-md gap-1 rounded-[calc(var(--ui-label-height)_/_4)] p-0 ps-0 pe-0"><span class="h-(--ui-label-height) inline-flex items-center w-(--ui-label-height) p-[1px] gap-0"><!--v-if--><!--v-if--></span>Trailing slot</span>"`;

exports[`Badge > renders with trailingIcon correctly 1`] = `
"<span class="ui-label__scope --air select-none font-[family-name:var(--ui-font-family-secondary)] font-(--ui-label-font-weight) text-(length:--ui-label-font-size)/normal inline-flex items-center transition-all duration-200 ease-linear text-(--b24ui-color) bg-(--b24ui-background) border-(--b24ui-border-color) border-(length:--b24ui-border-width) group-[.is-field-group]/items:not-only:not-first:after:content-[''] group-[.is-field-group]/items:not-only:not-first:after:absolute group-[.is-field-group]/items:not-only:not-first:after:top-[7px] group-[.is-field-group]/items:not-only:not-first:after:bottom-[6px] group-[.is-field-group]/items:not-only:not-first:after:left-0 group-[.is-field-group]/items:not-only:not-first:after:w-px group-[.is-field-group]/items:not-only:not-first:after:bg-current/30 style-filled ui-label-md gap-1 rounded-[calc(var(--ui-label-height)_/_4)] p-0 ps-0 pe-0"><span class="h-(--ui-label-height) inline-flex items-center w-(--ui-label-height) p-[1px] gap-0"><!--v-if--><!--v-if--></span>
<!--v-if--></span>"
`;
