// Vitest Snapshot v1, https://vitest.dev/guide/snapshot.html

exports[`ButtonGroup > renders orientation vertical with default slot correctly 1`] = `
"<div class="group/items is-button-group relative flex flex-col -space-y-px">
  <div class="relative inline-flex items-center w-full group">
    <!--v-if--><input type="text" class="px-3 w-full py-0 border-0 focus:outline-none disabled:cursor-not-allowed disabled:bg-base-30/37 disabled:resize-none disabled:text-base-500 dark:disabled:bg-base-900/37 dark:disabled:text-base-800 appearance-none transition duration-300 ease-linear ring-base-300 dark:ring-base-800 text-base-master bg-white placeholder:text-base-400 hover:text-base-900 focus:text-base-900 active:text-base-900 dark:text-base-150 dark:bg-transparent dark:placeholder:text-base-300 dark:hover:text-base-350 dark:focus:text-base-350 dark:active:text-base-350 font-regular text-md leading-none align-middle text-ellipsis whitespace-nowrap focus-visible:outline-none ring-inset ring-1 group-not-only:group-first:rounded-b-none group-not-only:group-last:rounded-t-none group-not-last:group-not-first:rounded-none group-not-only:not-first:after:content-[''] group-not-only:not-first:after:absolute group-not-only:not-first:after:top-[7px] group-not-only:not-first:after:bottom-[6px] group-not-only:not-first:after:left-0 group-not-only:not-first:after:w-px group-not-only:not-first:after:bg-current/30 h-10 gap-1.5 rounded-2xs focus-visible:ring-1 focus-visible:ring-inset focus-visible:ring-blue-500 dark:focus-visible:ring-blue-600" autocomplete="off">
    <!--v-if-->
    <!--v-if-->
  </div> <button type="button" class="select-none cursor-pointer inline-flex items-center relative outline-transparent focus:outline-hidden focus-visible:outline-2 focus-visible:outline-offset-2 disabled:cursor-not-allowed aria-disabled:cursor-not-allowed disabled:opacity-50 aria-disabled:opacity-50 transition duration-150 ease-linear focus-visible:outline-none ring-inset ring-0 focus-visible:ring-2 not-only:first:rounded-b-none not-only:last:rounded-t-none not-last:not-first:rounded-none text-white dark:text-base-100 bg-base-650 border border-base-650 hover:bg-base-850 hover:border-base-850 hover:focus-visible:ring-0 active:bg-slate-850 active:border-slate-850 active:focus-visible:ring-0 disabled:bg-base-650 aria-disabled:bg-base-650 disabled:border-base-650 aria-disabled:border-base-650 focus-visible:outline-base-650 ring-base-850 focus-visible:ring-base-850 h-5xl ps-5 pe-5 text-xs leading-none rounded-2xs font-bold uppercase" isaction="false">
    <!--v-if-->
    <div class="inline-flex items-center gap-1.5">
      <!--v-if--> Click me!
      <!--v-if-->
    </div>
  </button>
</div>"
`;

exports[`ButtonGroup > renders with as correctly 1`] = `"<section class="group/items is-button-group relative flex flex-row -space-x-px"></section>"`;

exports[`ButtonGroup > renders with class correctly 1`] = `"<div class="group/items is-button-group flex flex-row -space-x-px absolute"></div>"`;

exports[`ButtonGroup > renders with default slot correctly 1`] = `
"<div class="group/items is-button-group relative flex flex-row -space-x-px">
  <div class="relative inline-flex items-center w-full group leading-none">
    <!--v-if--><input type="text" class="px-3 w-full py-0 border-0 focus:outline-none disabled:cursor-not-allowed disabled:bg-base-30/37 disabled:resize-none disabled:text-base-500 dark:disabled:bg-base-900/37 dark:disabled:text-base-800 appearance-none transition duration-300 ease-linear ring-base-300 dark:ring-base-800 text-base-master bg-white placeholder:text-base-400 hover:text-base-900 focus:text-base-900 active:text-base-900 dark:text-base-150 dark:bg-transparent dark:placeholder:text-base-300 dark:hover:text-base-350 dark:focus:text-base-350 dark:active:text-base-350 font-regular text-md leading-none align-middle text-ellipsis whitespace-nowrap focus-visible:outline-none ring-inset ring-1 group-not-only:group-first:rounded-e-none group-not-only:group-last:rounded-s-none group-not-last:group-not-first:rounded-none group-not-only:group-first:border-e-0 group-not-only:group-not-first:border-s-0 group-not-only:not-first:after:content-[''] group-not-only:not-first:after:absolute group-not-only:not-first:after:top-[7px] group-not-only:not-first:after:bottom-[6px] group-not-only:not-first:after:left-0 group-not-only:not-first:after:w-px group-not-only:not-first:after:bg-current/30 h-10 gap-1.5 rounded-2xs focus-visible:ring-1 focus-visible:ring-inset focus-visible:ring-blue-500 dark:focus-visible:ring-blue-600" autocomplete="off">
    <!--v-if-->
    <!--v-if-->
  </div> <button type="button" class="select-none cursor-pointer inline-flex items-center relative outline-transparent focus:outline-hidden focus-visible:outline-2 focus-visible:outline-offset-2 disabled:cursor-not-allowed aria-disabled:cursor-not-allowed disabled:opacity-50 aria-disabled:opacity-50 transition duration-150 ease-linear focus-visible:outline-none ring-inset ring-0 focus-visible:ring-2 group-[.is-button-group]/items:not-only:first:rounded-e-none group-[.is-button-group]/items:not-only:last:rounded-s-none group-[.is-button-group]/items:not-last:not-first:rounded-none group-[.is-button-group]/items:not-only:first:border-e-0 group-[.is-button-group]/items:not-only:not-first:border-s-0 group-[.is-button-group]/items:not-only:not-first:after:content-[''] group-[.is-button-group]/items:not-only:not-first:after:absolute group-[.is-button-group]/items:not-only:not-first:after:top-[7px] group-[.is-button-group]/items:not-only:not-first:after:bottom-[6px] group-[.is-button-group]/items:not-only:not-first:after:left-0 group-[.is-button-group]/items:not-only:not-first:after:w-px group-[.is-button-group]/items:not-only:not-first:after:bg-current/30 text-white dark:text-base-100 bg-base-650 border border-base-650 hover:bg-base-850 hover:border-base-850 hover:focus-visible:ring-0 active:bg-slate-850 active:border-slate-850 active:focus-visible:ring-0 disabled:bg-base-650 aria-disabled:bg-base-650 disabled:border-base-650 aria-disabled:border-base-650 focus-visible:outline-base-650 ring-base-850 focus-visible:ring-base-850 h-5xl ps-5 pe-5 text-xs leading-none rounded-2xs font-bold uppercase" isaction="false">
    <!--v-if-->
    <div class="inline-flex items-center gap-1.5">
      <!--v-if--> Click me!
      <!--v-if-->
    </div>
  </button>
</div>"
`;

exports[`ButtonGroup > renders with size lg correctly 1`] = `
"<div class="group/items is-button-group relative flex flex-row -space-x-px">
  <div class="relative inline-flex items-center w-full group leading-none">
    <!--v-if--><input type="text" class="px-3 w-full py-0 border-0 focus:outline-none disabled:cursor-not-allowed disabled:bg-base-30/37 disabled:resize-none disabled:text-base-500 dark:disabled:bg-base-900/37 dark:disabled:text-base-800 appearance-none transition duration-300 ease-linear ring-base-300 dark:ring-base-800 text-base-master bg-white placeholder:text-base-400 hover:text-base-900 focus:text-base-900 active:text-base-900 dark:text-base-150 dark:bg-transparent dark:placeholder:text-base-300 dark:hover:text-base-350 dark:focus:text-base-350 dark:active:text-base-350 font-regular text-md leading-none align-middle text-ellipsis whitespace-nowrap focus-visible:outline-none ring-inset ring-1 group-not-only:group-first:rounded-e-none group-not-only:group-last:rounded-s-none group-not-last:group-not-first:rounded-none group-not-only:group-first:border-e-0 group-not-only:group-not-first:border-s-0 group-not-only:not-first:after:content-[''] group-not-only:not-first:after:absolute group-not-only:not-first:after:top-[7px] group-not-only:not-first:after:bottom-[6px] group-not-only:not-first:after:left-0 group-not-only:not-first:after:w-px group-not-only:not-first:after:bg-current/30 h-12 gap-2 rounded-2xs focus-visible:ring-1 focus-visible:ring-inset focus-visible:ring-blue-500 dark:focus-visible:ring-blue-600" autocomplete="off">
    <!--v-if-->
    <!--v-if-->
  </div> <button type="button" class="select-none cursor-pointer inline-flex items-center relative outline-transparent focus:outline-hidden focus-visible:outline-2 focus-visible:outline-offset-2 disabled:cursor-not-allowed aria-disabled:cursor-not-allowed disabled:opacity-50 aria-disabled:opacity-50 transition duration-150 ease-linear focus-visible:outline-none ring-inset ring-0 focus-visible:ring-2 group-[.is-button-group]/items:not-only:first:rounded-e-none group-[.is-button-group]/items:not-only:last:rounded-s-none group-[.is-button-group]/items:not-last:not-first:rounded-none group-[.is-button-group]/items:not-only:first:border-e-0 group-[.is-button-group]/items:not-only:not-first:border-s-0 group-[.is-button-group]/items:not-only:not-first:after:content-[''] group-[.is-button-group]/items:not-only:not-first:after:absolute group-[.is-button-group]/items:not-only:not-first:after:top-[7px] group-[.is-button-group]/items:not-only:not-first:after:bottom-[6px] group-[.is-button-group]/items:not-only:not-first:after:left-0 group-[.is-button-group]/items:not-only:not-first:after:w-px group-[.is-button-group]/items:not-only:not-first:after:bg-current/30 text-white dark:text-base-100 bg-base-650 border border-base-650 hover:bg-base-850 hover:border-base-850 hover:focus-visible:ring-0 active:bg-slate-850 active:border-slate-850 active:focus-visible:ring-0 disabled:bg-base-650 aria-disabled:bg-base-650 disabled:border-base-650 aria-disabled:border-base-650 focus-visible:outline-base-650 ring-base-850 focus-visible:ring-base-850 h-6xl ps-[28px] pe-[28px] text-xs leading-none rounded-2xs font-bold uppercase" isaction="false">
    <!--v-if-->
    <div class="inline-flex items-center gap-2">
      <!--v-if--> Click me!
      <!--v-if-->
    </div>
  </button>
</div>"
`;

exports[`ButtonGroup > renders with size md correctly 1`] = `
"<div class="group/items is-button-group relative flex flex-row -space-x-px">
  <div class="relative inline-flex items-center w-full group leading-none">
    <!--v-if--><input type="text" class="px-3 w-full py-0 border-0 focus:outline-none disabled:cursor-not-allowed disabled:bg-base-30/37 disabled:resize-none disabled:text-base-500 dark:disabled:bg-base-900/37 dark:disabled:text-base-800 appearance-none transition duration-300 ease-linear ring-base-300 dark:ring-base-800 text-base-master bg-white placeholder:text-base-400 hover:text-base-900 focus:text-base-900 active:text-base-900 dark:text-base-150 dark:bg-transparent dark:placeholder:text-base-300 dark:hover:text-base-350 dark:focus:text-base-350 dark:active:text-base-350 font-regular text-md leading-none align-middle text-ellipsis whitespace-nowrap focus-visible:outline-none ring-inset ring-1 group-not-only:group-first:rounded-e-none group-not-only:group-last:rounded-s-none group-not-last:group-not-first:rounded-none group-not-only:group-first:border-e-0 group-not-only:group-not-first:border-s-0 group-not-only:not-first:after:content-[''] group-not-only:not-first:after:absolute group-not-only:not-first:after:top-[7px] group-not-only:not-first:after:bottom-[6px] group-not-only:not-first:after:left-0 group-not-only:not-first:after:w-px group-not-only:not-first:after:bg-current/30 h-10 gap-1.5 rounded-2xs focus-visible:ring-1 focus-visible:ring-inset focus-visible:ring-blue-500 dark:focus-visible:ring-blue-600" autocomplete="off">
    <!--v-if-->
    <!--v-if-->
  </div> <button type="button" class="select-none cursor-pointer inline-flex items-center relative outline-transparent focus:outline-hidden focus-visible:outline-2 focus-visible:outline-offset-2 disabled:cursor-not-allowed aria-disabled:cursor-not-allowed disabled:opacity-50 aria-disabled:opacity-50 transition duration-150 ease-linear focus-visible:outline-none ring-inset ring-0 focus-visible:ring-2 group-[.is-button-group]/items:not-only:first:rounded-e-none group-[.is-button-group]/items:not-only:last:rounded-s-none group-[.is-button-group]/items:not-last:not-first:rounded-none group-[.is-button-group]/items:not-only:first:border-e-0 group-[.is-button-group]/items:not-only:not-first:border-s-0 group-[.is-button-group]/items:not-only:not-first:after:content-[''] group-[.is-button-group]/items:not-only:not-first:after:absolute group-[.is-button-group]/items:not-only:not-first:after:top-[7px] group-[.is-button-group]/items:not-only:not-first:after:bottom-[6px] group-[.is-button-group]/items:not-only:not-first:after:left-0 group-[.is-button-group]/items:not-only:not-first:after:w-px group-[.is-button-group]/items:not-only:not-first:after:bg-current/30 text-white dark:text-base-100 bg-base-650 border border-base-650 hover:bg-base-850 hover:border-base-850 hover:focus-visible:ring-0 active:bg-slate-850 active:border-slate-850 active:focus-visible:ring-0 disabled:bg-base-650 aria-disabled:bg-base-650 disabled:border-base-650 aria-disabled:border-base-650 focus-visible:outline-base-650 ring-base-850 focus-visible:ring-base-850 h-5xl ps-5 pe-5 text-xs leading-none rounded-2xs font-bold uppercase" isaction="false">
    <!--v-if-->
    <div class="inline-flex items-center gap-1.5">
      <!--v-if--> Click me!
      <!--v-if-->
    </div>
  </button>
</div>"
`;

exports[`ButtonGroup > renders with size sm correctly 1`] = `
"<div class="group/items is-button-group relative flex flex-row -space-x-px">
  <div class="relative inline-flex items-center w-full group leading-none">
    <!--v-if--><input type="text" class="px-3 w-full py-0 border-0 focus:outline-none disabled:cursor-not-allowed disabled:bg-base-30/37 disabled:resize-none disabled:text-base-500 dark:disabled:bg-base-900/37 dark:disabled:text-base-800 appearance-none transition duration-300 ease-linear ring-base-300 dark:ring-base-800 text-base-master bg-white placeholder:text-base-400 hover:text-base-900 focus:text-base-900 active:text-base-900 dark:text-base-150 dark:bg-transparent dark:placeholder:text-base-300 dark:hover:text-base-350 dark:focus:text-base-350 dark:active:text-base-350 font-regular text-md leading-none align-middle text-ellipsis whitespace-nowrap focus-visible:outline-none ring-inset ring-1 group-not-only:group-first:rounded-e-none group-not-only:group-last:rounded-s-none group-not-last:group-not-first:rounded-none group-not-only:group-first:border-e-0 group-not-only:group-not-first:border-s-0 group-not-only:not-first:after:content-[''] group-not-only:not-first:after:absolute group-not-only:not-first:after:top-[7px] group-not-only:not-first:after:bottom-[6px] group-not-only:not-first:after:left-0 group-not-only:not-first:after:w-px group-not-only:not-first:after:bg-current/30 h-8 gap-1.5 rounded-2xs focus-visible:ring-1 focus-visible:ring-inset focus-visible:ring-blue-500 dark:focus-visible:ring-blue-600" autocomplete="off">
    <!--v-if-->
    <!--v-if-->
  </div> <button type="button" class="select-none cursor-pointer inline-flex items-center relative outline-transparent focus:outline-hidden focus-visible:outline-2 focus-visible:outline-offset-2 disabled:cursor-not-allowed aria-disabled:cursor-not-allowed disabled:opacity-50 aria-disabled:opacity-50 transition duration-150 ease-linear focus-visible:outline-none ring-inset ring-0 focus-visible:ring-2 group-[.is-button-group]/items:not-only:first:rounded-e-none group-[.is-button-group]/items:not-only:last:rounded-s-none group-[.is-button-group]/items:not-last:not-first:rounded-none group-[.is-button-group]/items:not-only:first:border-e-0 group-[.is-button-group]/items:not-only:not-first:border-s-0 group-[.is-button-group]/items:not-only:not-first:after:content-[''] group-[.is-button-group]/items:not-only:not-first:after:absolute group-[.is-button-group]/items:not-only:not-first:after:top-[7px] group-[.is-button-group]/items:not-only:not-first:after:bottom-[6px] group-[.is-button-group]/items:not-only:not-first:after:left-0 group-[.is-button-group]/items:not-only:not-first:after:w-px group-[.is-button-group]/items:not-only:not-first:after:bg-current/30 text-white dark:text-base-100 bg-base-650 border border-base-650 hover:bg-base-850 hover:border-base-850 hover:focus-visible:ring-0 active:bg-slate-850 active:border-slate-850 active:focus-visible:ring-0 disabled:bg-base-650 aria-disabled:bg-base-650 disabled:border-base-650 aria-disabled:border-base-650 focus-visible:outline-base-650 ring-base-850 focus-visible:ring-base-850 h-3xl ps-[18px] pe-[18px] text-xs leading-none rounded-2xs font-bold uppercase" isaction="false">
    <!--v-if-->
    <div class="inline-flex items-center gap-1.5">
      <!--v-if--> Click me!
      <!--v-if-->
    </div>
  </button>
</div>"
`;

exports[`ButtonGroup > renders with size xs correctly 1`] = `
"<div class="group/items is-button-group relative flex flex-row -space-x-px">
  <div class="relative inline-flex items-center w-full group leading-none">
    <!--v-if--><input type="text" class="px-3 w-full py-0 border-0 focus:outline-none disabled:cursor-not-allowed disabled:bg-base-30/37 disabled:resize-none disabled:text-base-500 dark:disabled:bg-base-900/37 dark:disabled:text-base-800 appearance-none transition duration-300 ease-linear ring-base-300 dark:ring-base-800 text-base-master bg-white placeholder:text-base-400 hover:text-base-900 focus:text-base-900 active:text-base-900 dark:text-base-150 dark:bg-transparent dark:placeholder:text-base-300 dark:hover:text-base-350 dark:focus:text-base-350 dark:active:text-base-350 font-regular text-md leading-none align-middle text-ellipsis whitespace-nowrap focus-visible:outline-none ring-inset ring-1 group-not-only:group-first:rounded-e-none group-not-only:group-last:rounded-s-none group-not-last:group-not-first:rounded-none group-not-only:group-first:border-e-0 group-not-only:group-not-first:border-s-0 group-not-only:not-first:after:content-[''] group-not-only:not-first:after:absolute group-not-only:not-first:after:top-[7px] group-not-only:not-first:after:bottom-[6px] group-not-only:not-first:after:left-0 group-not-only:not-first:after:w-px group-not-only:not-first:after:bg-current/30 h-xl2 gap-1 rounded-2xs focus-visible:ring-1 focus-visible:ring-inset focus-visible:ring-blue-500 dark:focus-visible:ring-blue-600" autocomplete="off">
    <!--v-if-->
    <!--v-if-->
  </div> <button type="button" class="select-none cursor-pointer inline-flex items-center relative outline-transparent focus:outline-hidden focus-visible:outline-2 focus-visible:outline-offset-2 disabled:cursor-not-allowed aria-disabled:cursor-not-allowed disabled:opacity-50 aria-disabled:opacity-50 transition duration-150 ease-linear focus-visible:outline-none ring-inset ring-0 focus-visible:ring-2 group-[.is-button-group]/items:not-only:first:rounded-e-none group-[.is-button-group]/items:not-only:last:rounded-s-none group-[.is-button-group]/items:not-last:not-first:rounded-none group-[.is-button-group]/items:not-only:first:border-e-0 group-[.is-button-group]/items:not-only:not-first:border-s-0 group-[.is-button-group]/items:not-only:not-first:after:content-[''] group-[.is-button-group]/items:not-only:not-first:after:absolute group-[.is-button-group]/items:not-only:not-first:after:top-[7px] group-[.is-button-group]/items:not-only:not-first:after:bottom-[6px] group-[.is-button-group]/items:not-only:not-first:after:left-0 group-[.is-button-group]/items:not-only:not-first:after:w-px group-[.is-button-group]/items:not-only:not-first:after:bg-current/30 text-white dark:text-base-100 bg-base-650 border border-base-650 hover:bg-base-850 hover:border-base-850 hover:focus-visible:ring-0 active:bg-slate-850 active:border-slate-850 active:focus-visible:ring-0 disabled:bg-base-650 aria-disabled:bg-base-650 disabled:border-base-650 aria-disabled:border-base-650 focus-visible:outline-base-650 ring-base-850 focus-visible:ring-base-850 h-xl2 ps-4 pe-4 text-3xs leading-none rounded-2xs font-bold uppercase" isaction="false">
    <!--v-if-->
    <div class="inline-flex items-center gap-1">
      <!--v-if--> Click me!
      <!--v-if-->
    </div>
  </button>
</div>"
`;
