// Vitest Snapshot v1, https://vitest.dev/guide/snapshot.html

exports[`ChatPalette > renders with as correctly 1`] = `
"<section class="relative flex-1 flex flex-col min-h-0 min-w-0">
  <div class="overflow-y-auto flex-1 flex flex-col py-3"></div>
  <!--v-if-->
</section>"
`;

exports[`ChatPalette > renders with b24ui correctly 1`] = `
"<div class="relative flex-1 flex flex-col min-h-0 min-w-0">
  <div class="overflow-y-auto flex-1 flex flex-col py-3"></div>
  <!--v-if-->
</div>"
`;

exports[`ChatPalette > renders with class correctly 1`] = `
"<div class="flex-1 flex flex-col min-h-0 min-w-0 absolute">
  <div class="overflow-y-auto flex-1 flex flex-col py-3"></div>
  <!--v-if-->
</div>"
`;

exports[`ChatPalette > renders with default slot correctly 1`] = `
"<div class="relative flex-1 flex flex-col min-h-0 min-w-0">
  <div class="overflow-y-auto flex-1 flex flex-col py-3">Default slot</div>
  <!--v-if-->
</div>"
`;

exports[`ChatPalette > renders with prompt slot correctly 1`] = `
"<div class="relative flex-1 flex flex-col min-h-0 min-w-0">
  <div class="overflow-y-auto flex-1 flex flex-col py-3"></div>Prompt slot
</div>"
`;
