// Vitest Snapshot v1, https://vitest.dev/guide/snapshot.html

exports[`ChatPromptSubmit > renders with class correctly 1`] = `
"<button type="submit" aria-label="Send" class="ui-btn font-[family-name:var(--ui-font-family-primary)] select-none cursor-pointer inline-flex items-center relative outline-transparent focus-visible:outline-2 focus-visible:outline-offset-2 disabled:cursor-not-allowed aria-disabled:cursor-not-allowed disabled:opacity-30 aria-disabled:opacity-30 transition duration-0 ease-linear border-(length:--ui-btn-border-width) text-(--ui-btn-color) bg-(--ui-btn-background) border-(--ui-btn-border-color) hover:text-(--ui-btn-color-hover) hover:bg-(--ui-btn-background-hover) hover:border-(--ui-btn-border-color-hover) focus:text-(--ui-btn-color-hover) focus:bg-(--ui-btn-background-hover) focus:border-(--ui-btn-border-color-hover) active:text-(--ui-btn-color-active) active:bg-(--ui-btn-background-active) active:border-(--ui-btn-border-color-active) disabled:bg-(--ui-btn-background) disabled:border-(--ui-btn-border-color) aria-disabled:bg-(--ui-btn-background) aria-disabled:border-(--ui-btn-border-color) focus-visible:outline-(--ui-btn-background) ring-(--ui-btn-background-hover) focus:outline-none focus-visible:ring-(--ui-btn-background-hover) h-(--ui-btn-height) text-(length:--ui-btn-font-size) leading-(--ui-btn-height) font-(--ui-btn-font-weight) --style-filled ui-btn-md normal-case --air w-(--ui-btn-height) rounded-full">
  <!--v-if-->
  <div class="w-full inline-flex items-center justify-center gap-(--ui-btn-icon-space) ps-[4px] pe-[4px]"><svg xmlns="http://www.w3.org/2000/svg" fill="none" viewBox="0 0 24 24" aria-hidden="true" data-slot="icon" class="text-(--ui-btn-color) shrink-0 size-(--ui-btn-icon-size)">
      <path fill="currentColor" d="m7.986 11.103 6.697.618a.247.247 0 0 1-.002.492l-6.686.56a1 1 0 0 0-.903.834l-.732 4.418a1 1 0 0 0 1.448 1.05l11.56-6.016a1 1 0 0 0 .019-1.764L7.84 4.988a1 1 0 0 0-1.466 1.044l.716 4.242a1 1 0 0 0 .895.829"></path>
    </svg>
    <!--v-if-->
    <!--v-if-->
  </div>
</button>"
`;

exports[`ChatPromptSubmit > renders with icon correctly 1`] = `
"<button type="submit" aria-label="Send" class="ui-btn font-[family-name:var(--ui-font-family-primary)] select-none cursor-pointer inline-flex items-center relative outline-transparent focus-visible:outline-2 focus-visible:outline-offset-2 disabled:cursor-not-allowed aria-disabled:cursor-not-allowed disabled:opacity-30 aria-disabled:opacity-30 transition duration-0 ease-linear border-(length:--ui-btn-border-width) text-(--ui-btn-color) bg-(--ui-btn-background) border-(--ui-btn-border-color) hover:text-(--ui-btn-color-hover) hover:bg-(--ui-btn-background-hover) hover:border-(--ui-btn-border-color-hover) focus:text-(--ui-btn-color-hover) focus:bg-(--ui-btn-background-hover) focus:border-(--ui-btn-border-color-hover) active:text-(--ui-btn-color-active) active:bg-(--ui-btn-background-active) active:border-(--ui-btn-border-color-active) disabled:bg-(--ui-btn-background) disabled:border-(--ui-btn-border-color) aria-disabled:bg-(--ui-btn-background) aria-disabled:border-(--ui-btn-border-color) focus-visible:outline-(--ui-btn-background) ring-(--ui-btn-background-hover) focus:outline-none focus-visible:ring-(--ui-btn-background-hover) h-(--ui-btn-height) text-(length:--ui-btn-font-size) leading-(--ui-btn-height) font-(--ui-btn-font-weight) --style-filled ui-btn-md normal-case --air w-(--ui-btn-height) rounded-full">
  <!--v-if-->
  <div class="w-full inline-flex items-center justify-center gap-(--ui-btn-icon-space) ps-[4px] pe-[4px]"><svg xmlns="http://www.w3.org/2000/svg" fill="none" viewBox="0 0 24 24" aria-hidden="true" data-slot="icon" class="text-(--ui-btn-color) shrink-0 size-(--ui-btn-icon-size)">
      <path fill="currentColor" fill-rule="evenodd" d="M14.05 15.886a6.37 6.37 0 1 1 1.836-1.837l3.311 3.311a1 1 0 0 1 0 1.414l-.422.423a1 1 0 0 1-1.414 0zm1.058-5.328a4.55 4.55 0 1 1-9.098 0 4.55 4.55 0 0 1 9.099 0" clip-rule="evenodd"></path>
    </svg>
    <!--v-if-->
    <!--v-if-->
  </div>
</button>"
`;

exports[`ChatPromptSubmit > renders with status error correctly 1`] = `
"<button type="button" aria-label="Send" class="ui-btn font-[family-name:var(--ui-font-family-primary)] select-none cursor-pointer inline-flex items-center relative outline-transparent focus-visible:outline-2 focus-visible:outline-offset-2 disabled:cursor-not-allowed aria-disabled:cursor-not-allowed disabled:opacity-30 aria-disabled:opacity-30 transition duration-0 ease-linear border-(length:--ui-btn-border-width) text-(--ui-btn-color) bg-(--ui-btn-background) border-(--ui-btn-border-color) hover:text-(--ui-btn-color-hover) hover:bg-(--ui-btn-background-hover) hover:border-(--ui-btn-border-color-hover) focus:text-(--ui-btn-color-hover) focus:bg-(--ui-btn-background-hover) focus:border-(--ui-btn-border-color-hover) active:text-(--ui-btn-color-active) active:bg-(--ui-btn-background-active) active:border-(--ui-btn-border-color-active) disabled:bg-(--ui-btn-background) disabled:border-(--ui-btn-border-color) aria-disabled:bg-(--ui-btn-background) aria-disabled:border-(--ui-btn-border-color) focus-visible:outline-(--ui-btn-background) ring-(--ui-btn-background-hover) focus:outline-none focus-visible:ring-(--ui-btn-background-hover) h-(--ui-btn-height) text-(length:--ui-btn-font-size) leading-(--ui-btn-height) font-(--ui-btn-font-weight) --style-filled-alert ui-btn-md normal-case --air w-(--ui-btn-height) rounded-full">
  <!--v-if-->
  <div class="w-full inline-flex items-center justify-center gap-(--ui-btn-icon-space) ps-[4px] pe-[4px]"><svg xmlns="http://www.w3.org/2000/svg" fill="none" viewBox="0 0 24 24" aria-hidden="true" data-slot="icon" class="text-(--ui-btn-color) shrink-0 size-(--ui-btn-icon-size)">
      <path fill="currentColor" d="M19.203 4.633a.7.7 0 1 0-1.4 0V6.59c-2.016-2.16-5.18-2.994-8.108-2.163-3.351.95-5.054 3.918-5.431 7.153a.7.7 0 0 0 1.39.162c.337-2.887 1.798-5.224 4.423-5.968 2.492-.707 5.146.037 6.782 1.859h-2.055a.7.7 0 1 0 0 1.4h3.699a.7.7 0 0 0 .55-.268l.013-.016a.7.7 0 0 0 .137-.417zM4.946 15.634a.7.7 0 0 1 .7-.7h3.7a.7.7 0 1 1 0 1.4H7.288c1.64 1.807 4.287 2.544 6.775 1.84 2.628-.744 4.09-3.079 4.427-5.961a.7.7 0 0 1 1.39.162c-.377 3.233-2.083 6.197-5.436 7.146-2.922.827-6.079.002-8.097-2.143v1.956a.7.7 0 1 1-1.4 0v-3.7"></path>
    </svg>
    <!--v-if-->
    <!--v-if-->
  </div>
</button>"
`;

exports[`ChatPromptSubmit > renders with status ready correctly 1`] = `
"<button type="submit" aria-label="Send" class="ui-btn font-[family-name:var(--ui-font-family-primary)] select-none cursor-pointer inline-flex items-center relative outline-transparent focus-visible:outline-2 focus-visible:outline-offset-2 disabled:cursor-not-allowed aria-disabled:cursor-not-allowed disabled:opacity-30 aria-disabled:opacity-30 transition duration-0 ease-linear border-(length:--ui-btn-border-width) text-(--ui-btn-color) bg-(--ui-btn-background) border-(--ui-btn-border-color) hover:text-(--ui-btn-color-hover) hover:bg-(--ui-btn-background-hover) hover:border-(--ui-btn-border-color-hover) focus:text-(--ui-btn-color-hover) focus:bg-(--ui-btn-background-hover) focus:border-(--ui-btn-border-color-hover) active:text-(--ui-btn-color-active) active:bg-(--ui-btn-background-active) active:border-(--ui-btn-border-color-active) disabled:bg-(--ui-btn-background) disabled:border-(--ui-btn-border-color) aria-disabled:bg-(--ui-btn-background) aria-disabled:border-(--ui-btn-border-color) focus-visible:outline-(--ui-btn-background) ring-(--ui-btn-background-hover) focus:outline-none focus-visible:ring-(--ui-btn-background-hover) h-(--ui-btn-height) text-(length:--ui-btn-font-size) leading-(--ui-btn-height) font-(--ui-btn-font-weight) --style-filled ui-btn-md normal-case --air w-(--ui-btn-height) rounded-full">
  <!--v-if-->
  <div class="w-full inline-flex items-center justify-center gap-(--ui-btn-icon-space) ps-[4px] pe-[4px]"><svg xmlns="http://www.w3.org/2000/svg" fill="none" viewBox="0 0 24 24" aria-hidden="true" data-slot="icon" class="text-(--ui-btn-color) shrink-0 size-(--ui-btn-icon-size)">
      <path fill="currentColor" d="m7.986 11.103 6.697.618a.247.247 0 0 1-.002.492l-6.686.56a1 1 0 0 0-.903.834l-.732 4.418a1 1 0 0 0 1.448 1.05l11.56-6.016a1 1 0 0 0 .019-1.764L7.84 4.988a1 1 0 0 0-1.466 1.044l.716 4.242a1 1 0 0 0 .895.829"></path>
    </svg>
    <!--v-if-->
    <!--v-if-->
  </div>
</button>"
`;

exports[`ChatPromptSubmit > renders with status streaming correctly 1`] = `
"<button type="button" aria-label="Send" class="ui-btn font-[family-name:var(--ui-font-family-primary)] select-none cursor-pointer inline-flex items-center relative outline-transparent focus-visible:outline-2 focus-visible:outline-offset-2 disabled:cursor-not-allowed aria-disabled:cursor-not-allowed disabled:opacity-30 aria-disabled:opacity-30 transition duration-0 ease-linear border-(length:--ui-btn-border-width) text-(--ui-btn-color) bg-(--ui-btn-background) border-(--ui-btn-border-color) hover:text-(--ui-btn-color-hover) hover:bg-(--ui-btn-background-hover) hover:border-(--ui-btn-border-color-hover) focus:text-(--ui-btn-color-hover) focus:bg-(--ui-btn-background-hover) focus:border-(--ui-btn-border-color-hover) active:text-(--ui-btn-color-active) active:bg-(--ui-btn-background-active) active:border-(--ui-btn-border-color-active) disabled:bg-(--ui-btn-background) disabled:border-(--ui-btn-border-color) aria-disabled:bg-(--ui-btn-background) aria-disabled:border-(--ui-btn-border-color) focus-visible:outline-(--ui-btn-background) ring-(--ui-btn-background-hover) focus:outline-none focus-visible:ring-(--ui-btn-background-hover) h-(--ui-btn-height) text-(length:--ui-btn-font-size) leading-(--ui-btn-height) font-(--ui-btn-font-weight) --style-outline-accent-2 ui-btn-md normal-case --air w-(--ui-btn-height) rounded-full">
  <!--v-if-->
  <div class="w-full inline-flex items-center justify-center gap-(--ui-btn-icon-space) ps-[4px] pe-[4px]"><svg xmlns="http://www.w3.org/2000/svg" fill="none" viewBox="0 0 24 24" aria-hidden="true" data-slot="icon" class="text-(--ui-btn-color) shrink-0 size-(--ui-btn-icon-size)">
      <path fill="currentColor" fill-rule="evenodd" d="M7.5 5.5a2 2 0 0 0-2 2v9.002a2 2 0 0 0 2 2h9.002a2 2 0 0 0 2-2V7.5a2 2 0 0 0-2-2zm9.002 1.4H7.5a.6.6 0 0 0-.6.6v9.002a.6.6 0 0 0 .6.6h9.002a.6.6 0 0 0 .6-.6V7.5a.6.6 0 0 0-.6-.6" clip-rule="evenodd"></path>
    </svg>
    <!--v-if-->
    <!--v-if-->
  </div>
</button>"
`;

exports[`ChatPromptSubmit > renders with status submitted correctly 1`] = `
"<button type="button" aria-label="Send" class="ui-btn font-[family-name:var(--ui-font-family-primary)] select-none cursor-pointer inline-flex items-center relative outline-transparent focus-visible:outline-2 focus-visible:outline-offset-2 disabled:cursor-not-allowed aria-disabled:cursor-not-allowed disabled:opacity-30 aria-disabled:opacity-30 transition duration-0 ease-linear border-(length:--ui-btn-border-width) text-(--ui-btn-color) bg-(--ui-btn-background) border-(--ui-btn-border-color) hover:text-(--ui-btn-color-hover) hover:bg-(--ui-btn-background-hover) hover:border-(--ui-btn-border-color-hover) focus:text-(--ui-btn-color-hover) focus:bg-(--ui-btn-background-hover) focus:border-(--ui-btn-border-color-hover) active:text-(--ui-btn-color-active) active:bg-(--ui-btn-background-active) active:border-(--ui-btn-border-color-active) disabled:bg-(--ui-btn-background) disabled:border-(--ui-btn-border-color) aria-disabled:bg-(--ui-btn-background) aria-disabled:border-(--ui-btn-border-color) focus-visible:outline-(--ui-btn-background) ring-(--ui-btn-background-hover) focus:outline-none focus-visible:ring-(--ui-btn-background-hover) h-(--ui-btn-height) text-(length:--ui-btn-font-size) leading-(--ui-btn-height) font-(--ui-btn-font-weight) --style-outline-no-accent ui-btn-md normal-case --air w-(--ui-btn-height) rounded-full">
  <!--v-if-->
  <div class="w-full inline-flex items-center justify-center gap-(--ui-btn-icon-space) ps-[4px] pe-[4px]"><svg xmlns="http://www.w3.org/2000/svg" fill="none" viewBox="0 0 24 24" aria-hidden="true" data-slot="icon" class="text-(--ui-btn-color) shrink-0 size-(--ui-btn-icon-size)">
      <path fill="currentColor" fill-rule="evenodd" d="M7.5 5.5a2 2 0 0 0-2 2v9.002a2 2 0 0 0 2 2h9.002a2 2 0 0 0 2-2V7.5a2 2 0 0 0-2-2zm9.002 1.4H7.5a.6.6 0 0 0-.6.6v9.002a.6.6 0 0 0 .6.6h9.002a.6.6 0 0 0 .6-.6V7.5a.6.6 0 0 0-.6-.6" clip-rule="evenodd"></path>
    </svg>
    <!--v-if-->
    <!--v-if-->
  </div>
</button>"
`;
