// Vitest Snapshot v1, https://vitest.dev/guide/snapshot.html

exports[`Chip > renders with as correctly 1`] = `"<span class="relative inline-flex items-center justify-center shrink-0"><span class="select-none rounded-sm flex items-center justify-center p-1 text-white font-semibold font-b24-secondary whitespace-nowrap bg-red-500 dark:bg-red-600 dark:text-red-250 h-md min-w-md text-3xs top-0 right-0 ring ring-white dark:ring-base-700 absolute -translate-y-1/2 translate-x-1/2 transform"></span></span>"`;

exports[`Chip > renders with b24ui correctly 1`] = `"<div class="relative inline-flex items-center justify-center shrink-0"><span class="select-none rounded-sm flex items-center justify-center p-1 font-semibold font-b24-secondary whitespace-nowrap bg-red-500 dark:bg-red-600 dark:text-red-250 h-md min-w-md text-3xs top-0 right-0 ring ring-white dark:ring-base-700 absolute -translate-y-1/2 translate-x-1/2 transform text-base-500"></span></div>"`;

exports[`Chip > renders with class correctly 1`] = `"<div class="relative inline-flex items-center justify-center shrink-0 mx-auto"><span class="select-none rounded-sm flex items-center justify-center p-1 text-white font-semibold font-b24-secondary whitespace-nowrap bg-red-500 dark:bg-red-600 dark:text-red-250 h-md min-w-md text-3xs top-0 right-0 ring ring-white dark:ring-base-700 absolute -translate-y-1/2 translate-x-1/2 transform"></span></div>"`;

exports[`Chip > renders with color ai correctly 1`] = `"<div class="relative inline-flex items-center justify-center shrink-0"><span class="select-none rounded-sm flex items-center justify-center p-1 text-white font-semibold font-b24-secondary whitespace-nowrap bg-ai-500 dark:bg-ai-800 dark:text-ai-250 h-md min-w-md text-3xs top-0 right-0 ring ring-white dark:ring-base-700 absolute -translate-y-1/2 translate-x-1/2 transform"></span></div>"`;

exports[`Chip > renders with content slot correctly 1`] = `"<div class="relative inline-flex items-center justify-center shrink-0"><span class="select-none rounded-sm flex items-center justify-center p-1 text-white font-semibold font-b24-secondary whitespace-nowrap bg-red-500 dark:bg-red-600 dark:text-red-250 h-md min-w-md text-3xs top-0 right-0 ring ring-white dark:ring-base-700 absolute -translate-y-1/2 translate-x-1/2 transform">Content slot</span></div>"`;

exports[`Chip > renders with default slot correctly 1`] = `"<div class="relative inline-flex items-center justify-center shrink-0">Default slot<span class="select-none rounded-sm flex items-center justify-center p-1 text-white font-semibold font-b24-secondary whitespace-nowrap bg-red-500 dark:bg-red-600 dark:text-red-250 h-md min-w-md text-3xs top-0 right-0 ring ring-white dark:ring-base-700 absolute -translate-y-1/2 translate-x-1/2 transform"></span></div>"`;

exports[`Chip > renders with inset correctly 1`] = `"<div class="relative inline-flex items-center justify-center shrink-0"><span class="select-none rounded-sm flex items-center justify-center p-1 text-white font-semibold font-b24-secondary whitespace-nowrap bg-red-500 dark:bg-red-600 dark:text-red-250 h-md min-w-md text-3xs top-0 right-0 ring ring-white dark:ring-base-700 absolute -translate-y-1/3 translate-x-1/3 transform"></span></div>"`;

exports[`Chip > renders with position bottom-left correctly 1`] = `"<div class="relative inline-flex items-center justify-center shrink-0"><span class="select-none rounded-sm flex items-center justify-center p-1 text-white font-semibold font-b24-secondary whitespace-nowrap bg-red-500 dark:bg-red-600 dark:text-red-250 h-md min-w-md text-3xs bottom-0 left-0 ring ring-white dark:ring-base-700 absolute translate-y-1/2 -translate-x-1/2 transform"></span></div>"`;

exports[`Chip > renders with position bottom-right correctly 1`] = `"<div class="relative inline-flex items-center justify-center shrink-0"><span class="select-none rounded-sm flex items-center justify-center p-1 text-white font-semibold font-b24-secondary whitespace-nowrap bg-red-500 dark:bg-red-600 dark:text-red-250 h-md min-w-md text-3xs bottom-0 right-0 ring ring-white dark:ring-base-700 absolute translate-y-1/2 translate-x-1/2 transform"></span></div>"`;

exports[`Chip > renders with position top-left correctly 1`] = `"<div class="relative inline-flex items-center justify-center shrink-0"><span class="select-none rounded-sm flex items-center justify-center p-1 text-white font-semibold font-b24-secondary whitespace-nowrap bg-red-500 dark:bg-red-600 dark:text-red-250 h-md min-w-md text-3xs top-0 left-0 ring ring-white dark:ring-base-700 absolute -translate-y-1/2 -translate-x-1/2 transform"></span></div>"`;

exports[`Chip > renders with position top-right correctly 1`] = `"<div class="relative inline-flex items-center justify-center shrink-0"><span class="select-none rounded-sm flex items-center justify-center p-1 text-white font-semibold font-b24-secondary whitespace-nowrap bg-red-500 dark:bg-red-600 dark:text-red-250 h-md min-w-md text-3xs top-0 right-0 ring ring-white dark:ring-base-700 absolute -translate-y-1/2 translate-x-1/2 transform"></span></div>"`;

exports[`Chip > renders with size 2xl correctly 1`] = `"<div class="relative inline-flex items-center justify-center shrink-0"><span class="select-none flex items-center justify-center p-1 text-white font-semibold font-b24-secondary whitespace-nowrap bg-red-500 dark:bg-red-600 dark:text-red-250 h-lg min-w-lg rounded-md text-xs top-0 right-0 ring ring-white dark:ring-base-700 absolute -translate-y-1/2 translate-x-1/2 transform"></span></div>"`;

exports[`Chip > renders with size 2xs correctly 1`] = `"<div class="relative inline-flex items-center justify-center shrink-0"><span class="select-none rounded-sm flex items-center justify-center font-semibold font-b24-secondary whitespace-nowrap bg-red-500 dark:bg-red-600 dark:text-red-250 h-1.5 min-w-1.5 text-[0px] text-transparent p-0 top-0 right-0 ring ring-white dark:ring-base-700 absolute -translate-y-1/2 translate-x-1/2 transform"></span></div>"`;

exports[`Chip > renders with size 3xl correctly 1`] = `"<div class="relative inline-flex items-center justify-center shrink-0"><span class="select-none flex items-center justify-center p-1 text-white font-semibold font-b24-secondary whitespace-nowrap bg-red-500 dark:bg-red-600 dark:text-red-250 h-lg min-w-lg rounded-md text-xs top-0 right-0 ring ring-white dark:ring-base-700 absolute -translate-y-1/2 translate-x-1/2 transform"></span></div>"`;

exports[`Chip > renders with size 3xs correctly 1`] = `"<div class="relative inline-flex items-center justify-center shrink-0"><span class="select-none rounded-sm flex items-center justify-center font-semibold font-b24-secondary whitespace-nowrap bg-red-500 dark:bg-red-600 dark:text-red-250 h-1 min-w-1 text-[0px] text-transparent p-0 top-0 right-0 ring ring-white dark:ring-base-700 absolute -translate-y-1/2 translate-x-1/2 transform"></span></div>"`;

exports[`Chip > renders with size lg correctly 1`] = `"<div class="relative inline-flex items-center justify-center shrink-0"><span class="select-none flex items-center justify-center p-1 text-white font-semibold font-b24-secondary whitespace-nowrap bg-red-500 dark:bg-red-600 dark:text-red-250 h-lg min-w-lg rounded-md text-xs top-0 right-0 ring ring-white dark:ring-base-700 absolute -translate-y-1/2 translate-x-1/2 transform"></span></div>"`;

exports[`Chip > renders with size md correctly 1`] = `"<div class="relative inline-flex items-center justify-center shrink-0"><span class="select-none rounded-sm flex items-center justify-center p-1 text-white font-semibold font-b24-secondary whitespace-nowrap bg-red-500 dark:bg-red-600 dark:text-red-250 h-md min-w-md text-3xs top-0 right-0 ring ring-white dark:ring-base-700 absolute -translate-y-1/2 translate-x-1/2 transform"></span></div>"`;

exports[`Chip > renders with size sm correctly 1`] = `"<div class="relative inline-flex items-center justify-center shrink-0"><span class="select-none rounded-sm flex items-center justify-center p-1 text-white font-semibold whitespace-nowrap bg-red-500 dark:bg-red-600 dark:text-red-250 h-sm min-w-sm text-4xs font-regular top-0 right-0 ring ring-white dark:ring-base-700 absolute -translate-y-1/2 translate-x-1/2 transform"></span></div>"`;

exports[`Chip > renders with size xl correctly 1`] = `"<div class="relative inline-flex items-center justify-center shrink-0"><span class="select-none flex items-center justify-center p-1 text-white font-semibold font-b24-secondary whitespace-nowrap bg-red-500 dark:bg-red-600 dark:text-red-250 h-lg min-w-lg rounded-md text-xs top-0 right-0 ring ring-white dark:ring-base-700 absolute -translate-y-1/2 translate-x-1/2 transform"></span></div>"`;

exports[`Chip > renders with size xs correctly 1`] = `"<div class="relative inline-flex items-center justify-center shrink-0"><span class="select-none rounded-sm flex items-center justify-center font-semibold font-b24-secondary whitespace-nowrap bg-red-500 dark:bg-red-600 dark:text-red-250 h-xs2 min-w-xs2 text-[0px] text-transparent p-0 top-0 right-0 ring ring-white dark:ring-base-700 absolute -translate-y-1/2 translate-x-1/2 transform"></span></div>"`;

exports[`Chip > renders with text correctly 1`] = `"<div class="relative inline-flex items-center justify-center shrink-0"><span class="select-none rounded-sm flex items-center justify-center p-1 text-white font-semibold font-b24-secondary whitespace-nowrap bg-red-500 dark:bg-red-600 dark:text-red-250 h-md min-w-md text-3xs top-0 right-0 ring ring-white dark:ring-base-700 absolute -translate-y-1/2 translate-x-1/2 transform">Text</span></div>"`;

exports[`Chip > renders without show correctly 1`] = `
"<div class="relative inline-flex items-center justify-center shrink-0">
  <!--v-if-->
</div>"
`;
