// Vitest Snapshot v1, https://vitest.dev/guide/snapshot.html

exports[`Chip > renders with as correctly 1`] = `
"<span class="relative shrink-0 isolate inline-flex items-center justify-center"><span class="ui-counter__scope --air font-[family-name:var(--ui-font-family-primary)] select-none min-w-(--ui-counter-size) h-(--ui-counter-size) py-0 px-(--ui-counter-inline-space) inline-flex items-center justify-center bg-(--b24ui-background) rounded-(--ui-counter-current-size) ring-(length:--b24ui-border-width) ring-(--b24ui-border-color) text-center align-middle text-(length:--ui-counter-font-size) text-(--b24ui-color) leading-(--ui-counter-current-size) overflow-hidden z-1 style-filled-alert ui-counter-sm font-(--ui-font-weight-regular) top-0 right-0 absolute -translate-y-1/2 translate-x-1/2 transform"><span></span>
<!----></span></span>"
`;

exports[`Chip > renders with b24ui correctly 1`] = `
"<div class="relative shrink-0 isolate inline-flex items-center justify-center"><span class="ui-counter__scope --air font-[family-name:var(--ui-font-family-primary)] select-none min-w-(--ui-counter-size) h-(--ui-counter-size) py-0 px-(--ui-counter-inline-space) inline-flex items-center justify-center bg-(--b24ui-background) rounded-(--ui-counter-current-size) ring-(length:--b24ui-border-width) ring-(--b24ui-border-color) text-center align-middle text-(length:--ui-counter-font-size) leading-(--ui-counter-current-size) overflow-hidden z-1 style-filled-alert ui-counter-sm font-(--ui-font-weight-regular) top-0 right-0 absolute -translate-y-1/2 translate-x-1/2 transform text-base-500"><span></span>
  <!----></span>
</div>"
`;

exports[`Chip > renders with class correctly 1`] = `
"<div class="relative shrink-0 isolate inline-flex items-center justify-center mx-auto"><span class="ui-counter__scope --air font-[family-name:var(--ui-font-family-primary)] select-none min-w-(--ui-counter-size) h-(--ui-counter-size) py-0 px-(--ui-counter-inline-space) inline-flex items-center justify-center bg-(--b24ui-background) rounded-(--ui-counter-current-size) ring-(length:--b24ui-border-width) ring-(--b24ui-border-color) text-center align-middle text-(length:--ui-counter-font-size) text-(--b24ui-color) leading-(--ui-counter-current-size) overflow-hidden z-1 style-filled-alert ui-counter-sm font-(--ui-font-weight-regular) top-0 right-0 absolute -translate-y-1/2 translate-x-1/2 transform"><span></span>
  <!----></span>
</div>"
`;

exports[`Chip > renders with color ai correctly 1`] = `
"<div class="relative shrink-0 isolate inline-flex items-center justify-center"><span class="ui-counter__scope --air font-[family-name:var(--ui-font-family-primary)] select-none min-w-(--ui-counter-size) h-(--ui-counter-size) py-0 px-(--ui-counter-inline-space) inline-flex items-center justify-center bg-(--b24ui-background) rounded-(--ui-counter-current-size) ring-(length:--b24ui-border-width) ring-(--b24ui-border-color) text-center align-middle text-(length:--ui-counter-font-size) text-(--b24ui-color) leading-(--ui-counter-current-size) overflow-hidden z-1 style-old-ai ui-counter-sm font-(--ui-font-weight-regular) top-0 right-0 absolute -translate-y-1/2 translate-x-1/2 transform"><span></span>
  <!----></span>
</div>"
`;

exports[`Chip > renders with content slot correctly 1`] = `"<div class="relative shrink-0 isolate inline-flex items-center justify-center"><span class="ui-counter__scope --air font-[family-name:var(--ui-font-family-primary)] select-none min-w-(--ui-counter-size) h-(--ui-counter-size) py-0 px-(--ui-counter-inline-space) inline-flex items-center justify-center bg-(--b24ui-background) rounded-(--ui-counter-current-size) ring-(length:--b24ui-border-width) ring-(--b24ui-border-color) text-center align-middle text-(length:--ui-counter-font-size) text-(--b24ui-color) leading-(--ui-counter-current-size) overflow-hidden z-1 style-filled-alert ui-counter-sm font-(--ui-font-weight-regular) top-0 right-0 absolute -translate-y-1/2 translate-x-1/2 transform">Content slot<!----></span></div>"`;

exports[`Chip > renders with default slot correctly 1`] = `
"<div class="relative shrink-0 isolate inline-flex items-center justify-center">Default slot<span class="ui-counter__scope --air font-[family-name:var(--ui-font-family-primary)] select-none min-w-(--ui-counter-size) h-(--ui-counter-size) py-0 px-(--ui-counter-inline-space) inline-flex items-center justify-center bg-(--b24ui-background) rounded-(--ui-counter-current-size) ring-(length:--b24ui-border-width) ring-(--b24ui-border-color) text-center align-middle text-(length:--ui-counter-font-size) text-(--b24ui-color) leading-(--ui-counter-current-size) overflow-hidden z-1 style-filled-alert ui-counter-sm font-(--ui-font-weight-regular) top-0 right-0 absolute -translate-y-1/2 translate-x-1/2 transform"><span></span>
  <!----></span>
</div>"
`;

exports[`Chip > renders with inset correctly 1`] = `
"<div class="relative shrink-0 isolate inline-flex items-center justify-center"><span class="ui-counter__scope --air font-[family-name:var(--ui-font-family-primary)] select-none min-w-(--ui-counter-size) h-(--ui-counter-size) py-0 px-(--ui-counter-inline-space) inline-flex items-center justify-center bg-(--b24ui-background) rounded-(--ui-counter-current-size) ring-(length:--b24ui-border-width) ring-(--b24ui-border-color) text-center align-middle text-(length:--ui-counter-font-size) text-(--b24ui-color) leading-(--ui-counter-current-size) overflow-hidden z-1 style-filled-alert ui-counter-sm font-(--ui-font-weight-regular) top-0 right-0 absolute -translate-y-1/3 translate-x-1/3 transform"><span></span>
  <!----></span>
</div>"
`;

exports[`Chip > renders with position bottom-left correctly 1`] = `
"<div class="relative shrink-0 isolate inline-flex items-center justify-center"><span class="ui-counter__scope --air font-[family-name:var(--ui-font-family-primary)] select-none min-w-(--ui-counter-size) h-(--ui-counter-size) py-0 px-(--ui-counter-inline-space) inline-flex items-center justify-center bg-(--b24ui-background) rounded-(--ui-counter-current-size) ring-(length:--b24ui-border-width) ring-(--b24ui-border-color) text-center align-middle text-(length:--ui-counter-font-size) text-(--b24ui-color) leading-(--ui-counter-current-size) overflow-hidden z-1 style-filled-alert ui-counter-sm font-(--ui-font-weight-regular) bottom-0 left-0 absolute translate-y-1/2 -translate-x-1/2 transform"><span></span>
  <!----></span>
</div>"
`;

exports[`Chip > renders with position bottom-right correctly 1`] = `
"<div class="relative shrink-0 isolate inline-flex items-center justify-center"><span class="ui-counter__scope --air font-[family-name:var(--ui-font-family-primary)] select-none min-w-(--ui-counter-size) h-(--ui-counter-size) py-0 px-(--ui-counter-inline-space) inline-flex items-center justify-center bg-(--b24ui-background) rounded-(--ui-counter-current-size) ring-(length:--b24ui-border-width) ring-(--b24ui-border-color) text-center align-middle text-(length:--ui-counter-font-size) text-(--b24ui-color) leading-(--ui-counter-current-size) overflow-hidden z-1 style-filled-alert ui-counter-sm font-(--ui-font-weight-regular) bottom-0 right-0 absolute translate-y-1/2 translate-x-1/2 transform"><span></span>
  <!----></span>
</div>"
`;

exports[`Chip > renders with position top-left correctly 1`] = `
"<div class="relative shrink-0 isolate inline-flex items-center justify-center"><span class="ui-counter__scope --air font-[family-name:var(--ui-font-family-primary)] select-none min-w-(--ui-counter-size) h-(--ui-counter-size) py-0 px-(--ui-counter-inline-space) inline-flex items-center justify-center bg-(--b24ui-background) rounded-(--ui-counter-current-size) ring-(length:--b24ui-border-width) ring-(--b24ui-border-color) text-center align-middle text-(length:--ui-counter-font-size) text-(--b24ui-color) leading-(--ui-counter-current-size) overflow-hidden z-1 style-filled-alert ui-counter-sm font-(--ui-font-weight-regular) top-0 left-0 absolute -translate-y-1/2 -translate-x-1/2 transform"><span></span>
  <!----></span>
</div>"
`;

exports[`Chip > renders with position top-right correctly 1`] = `
"<div class="relative shrink-0 isolate inline-flex items-center justify-center"><span class="ui-counter__scope --air font-[family-name:var(--ui-font-family-primary)] select-none min-w-(--ui-counter-size) h-(--ui-counter-size) py-0 px-(--ui-counter-inline-space) inline-flex items-center justify-center bg-(--b24ui-background) rounded-(--ui-counter-current-size) ring-(length:--b24ui-border-width) ring-(--b24ui-border-color) text-center align-middle text-(length:--ui-counter-font-size) text-(--b24ui-color) leading-(--ui-counter-current-size) overflow-hidden z-1 style-filled-alert ui-counter-sm font-(--ui-font-weight-regular) top-0 right-0 absolute -translate-y-1/2 translate-x-1/2 transform"><span></span>
  <!----></span>
</div>"
`;

exports[`Chip > renders with size lg correctly 1`] = `
"<div class="relative shrink-0 isolate inline-flex items-center justify-center"><span class="ui-counter__scope --air font-[family-name:var(--ui-font-family-primary)] font-(--ui-font-weight-medium) select-none min-w-(--ui-counter-size) h-(--ui-counter-size) py-0 px-(--ui-counter-inline-space) inline-flex items-center justify-center bg-(--b24ui-background) rounded-(--ui-counter-current-size) ring-(length:--b24ui-border-width) ring-(--b24ui-border-color) text-center align-middle text-(length:--ui-counter-font-size) text-(--b24ui-color) leading-(--ui-counter-current-size) overflow-hidden z-1 style-filled-alert ui-counter-lg top-0 right-0 absolute -translate-y-1/2 translate-x-1/2 transform"><span></span>
  <!----></span>
</div>"
`;

exports[`Chip > renders with size md correctly 1`] = `
"<div class="relative shrink-0 isolate inline-flex items-center justify-center"><span class="ui-counter__scope --air font-[family-name:var(--ui-font-family-primary)] font-(--ui-font-weight-medium) select-none min-w-(--ui-counter-size) h-(--ui-counter-size) py-0 px-(--ui-counter-inline-space) inline-flex items-center justify-center bg-(--b24ui-background) rounded-(--ui-counter-current-size) ring-(length:--b24ui-border-width) ring-(--b24ui-border-color) text-center align-middle text-(length:--ui-counter-font-size) text-(--b24ui-color) leading-(--ui-counter-current-size) overflow-hidden z-1 style-filled-alert ui-counter-md top-0 right-0 absolute -translate-y-1/2 translate-x-1/2 transform"><span></span>
  <!----></span>
</div>"
`;

exports[`Chip > renders with size sm correctly 1`] = `
"<div class="relative shrink-0 isolate inline-flex items-center justify-center"><span class="ui-counter__scope --air font-[family-name:var(--ui-font-family-primary)] select-none min-w-(--ui-counter-size) h-(--ui-counter-size) py-0 px-(--ui-counter-inline-space) inline-flex items-center justify-center bg-(--b24ui-background) rounded-(--ui-counter-current-size) ring-(length:--b24ui-border-width) ring-(--b24ui-border-color) text-center align-middle text-(length:--ui-counter-font-size) text-(--b24ui-color) leading-(--ui-counter-current-size) overflow-hidden z-1 style-filled-alert ui-counter-sm font-(--ui-font-weight-regular) top-0 right-0 absolute -translate-y-1/2 translate-x-1/2 transform"><span></span>
  <!----></span>
</div>"
`;

exports[`Chip > renders with text correctly 1`] = `
"<div class="relative shrink-0 isolate inline-flex items-center justify-center"><span class="ui-counter__scope --air font-[family-name:var(--ui-font-family-primary)] select-none min-w-(--ui-counter-size) h-(--ui-counter-size) py-0 px-(--ui-counter-inline-space) inline-flex items-center justify-center bg-(--b24ui-background) rounded-(--ui-counter-current-size) ring-(length:--b24ui-border-width) ring-(--b24ui-border-color) text-center align-middle text-(length:--ui-counter-font-size) text-(--b24ui-color) leading-(--ui-counter-current-size) overflow-hidden z-1 style-filled-alert ui-counter-sm font-(--ui-font-weight-regular) top-0 right-0 absolute -translate-y-1/2 translate-x-1/2 transform" data-value="Text"><span>Text</span>
  <!----></span>
</div>"
`;

exports[`Chip > renders without show correctly 1`] = `
"<div class="relative shrink-0 isolate inline-flex items-center justify-center">
  <!--v-if-->
</div>"
`;
