// Vitest Snapshot v1, https://vitest.dev/guide/snapshot.html

exports[`DescriptionList > renders with as correctly 1`] = `
"<div class="w-full shrink-0" as="section">
  <!--v-if-->
  <!--v-if-->
  <dl class="grid grid-cols-1 sm:grid-cols-[min(50%,theme(spacing.80))_auto] mt-3 text-lg">
    <dt class="col-start-1 border-t first:border-none sm:border-t flex flex-nowrap flex-row items-center justify-start gap-1.5 border-base-950/5 text-base-500 sm:border-base-950/5 dark:border-white/5 dark:text-base-400 sm:dark:border-white/5 pt-3 sm:py-3"><span class="inline-flex items-center justify-center select-none overflow-hidden rounded-full align-middle bg-base-100 dark:bg-base-900 size-6 text-3xs font-regular shrink-0"><img role="img" src="https://github.com/bitrix24.png" width="18" height="18" class="h-full w-full rounded-[inherit] object-cover"></span><span class="">Item 1</span></dt>
    <dd data-orientation="vertical" class="sm:border-t sm:[&amp;:nth-child(2)]:border-none text-base-900 sm:border-base-950/5 dark:text-base-150 dark:sm:border-white/5 pb-3 pt-1 sm:py-3"><span class="">This is the content shown for Item 1</span>
      <!--v-if-->
    </dd>
    <dt class="col-start-1 border-t first:border-none sm:border-t flex flex-nowrap flex-row items-center justify-start gap-1.5 border-base-950/5 text-base-500 sm:border-base-950/5 dark:border-white/5 dark:text-base-400 sm:dark:border-white/5 pt-3 sm:py-3"><svg xmlns="http://www.w3.org/2000/svg" fill="none" viewBox="0 0 24 24" aria-hidden="true" data-slot="icon" class="shrink-0 size-6 text-base-500 dark:text-base-400">
        <path fill="currentColor" fill-rule="evenodd" d="M11.985 3a1.706 1.706 0 0 0-1.699 1.825L6.774 7.304h-1.7a1 1 0 0 0-1 1v9.203a1 1 0 0 0 1 1h13.822a1 1 0 0 0 1-1V8.304a1 1 0 0 0-1-1H17.19l-3.51-2.447q.006-.075.007-.15c0-.94-.763-1.707-1.703-1.707M10.8 5.931a1.694 1.694 0 0 0 2.35.019l1.943 1.354H8.855zm-4.231 4.744a.8.8 0 0 1 .8-.8h7.115a.8.8 0 0 1 .8.8v.137a.8.8 0 0 1-.8.8H7.37a.8.8 0 0 1-.8-.8zm.8 2.845a.8.8 0 0 0-.8.8v.137a.8.8 0 0 0 .8.8H13.1a.8.8 0 0 0 .8-.8v-.138a.8.8 0 0 0-.8-.8z" clip-rule="evenodd"></path>
      </svg><span class="">Item 2</span></dt>
    <dd data-orientation="vertical" class="sm:border-t sm:[&amp;:nth-child(2)]:border-none text-base-900 sm:border-base-950/5 dark:text-base-150 dark:sm:border-white/5 pb-3 pt-1 sm:py-3"><span class="">And, this is the content for Item 2</span>
      <!--v-if-->
    </dd>
    <dt class="col-start-1 border-t first:border-none sm:border-t flex flex-nowrap flex-row items-center justify-start gap-1.5 border-base-950/5 text-base-500 sm:border-base-950/5 dark:border-white/5 dark:text-base-400 sm:dark:border-white/5 pt-3 sm:py-3"><svg xmlns="http://www.w3.org/2000/svg" fill="none" viewBox="0 0 24 24" aria-hidden="true" data-slot="icon" class="shrink-0 size-6 text-base-500 dark:text-base-400">
        <path fill="currentColor" fill-rule="evenodd" d="M11.985 3a1.706 1.706 0 0 0-1.699 1.825L6.774 7.304h-1.7a1 1 0 0 0-1 1v9.203a1 1 0 0 0 1 1h13.822a1 1 0 0 0 1-1V8.304a1 1 0 0 0-1-1H17.19l-3.51-2.447q.006-.075.007-.15c0-.94-.763-1.707-1.703-1.707M10.8 5.931a1.694 1.694 0 0 0 2.35.019l1.943 1.354H8.855zm-4.231 4.744a.8.8 0 0 1 .8-.8h7.115a.8.8 0 0 1 .8.8v.137a.8.8 0 0 1-.8.8H7.37a.8.8 0 0 1-.8-.8zm.8 2.845a.8.8 0 0 0-.8.8v.137a.8.8 0 0 0 .8.8H13.1a.8.8 0 0 0 .8-.8v-.138a.8.8 0 0 0-.8-.8z" clip-rule="evenodd"></path>
      </svg><span class="">Action vertical</span></dt>
    <dd data-orientation="vertical" class="sm:border-t sm:[&amp;:nth-child(2)]:border-none text-base-900 sm:border-base-950/5 dark:text-base-150 dark:sm:border-white/5 pb-3 pt-1 sm:py-3"><span class="">And, this is the content for Action vertical</span><span class="flex flex-wrap gap-1.5 shrink-0 items-start mt-2.5"><button type="button" class="select-none cursor-pointer inline-flex items-center relative outline-transparent focus:outline-hidden focus-visible:outline-2 focus-visible:outline-offset-2 disabled:cursor-not-allowed aria-disabled:cursor-not-allowed disabled:opacity-50 aria-disabled:opacity-50 transition duration-150 ease-linear text-white dark:text-base-100 bg-base-650 border border-base-650 hover:bg-base-850 hover:border-base-850 hover:focus-visible:ring-0 active:bg-slate-850 active:border-slate-850 active:focus-visible:ring-0 disabled:bg-base-650 aria-disabled:bg-base-650 disabled:border-base-650 aria-disabled:border-base-650 focus-visible:outline-base-650 ring-base-850 focus-visible:ring-base-850 h-xl2 ps-4 pe-4 text-3xs leading-none rounded-2xs font-bold uppercase" isaction="false"><!--v-if--><div class="inline-flex items-center gap-1"><!--v-if--><span class="truncate">Action</span>
      <!--v-if-->
</div></button></span></dd>
<dt class="col-start-1 border-t first:border-none sm:border-t flex flex-nowrap flex-row items-center justify-start gap-1.5 border-base-950/5 text-base-500 sm:border-base-950/5 dark:border-white/5 dark:text-base-400 sm:dark:border-white/5 pt-3 sm:py-3"><svg xmlns="http://www.w3.org/2000/svg" fill="none" viewBox="0 0 24 24" aria-hidden="true" data-slot="icon" class="shrink-0 size-6 text-base-500 dark:text-base-400">
    <path fill="currentColor" fill-rule="evenodd" d="M11.985 3a1.706 1.706 0 0 0-1.699 1.825L6.774 7.304h-1.7a1 1 0 0 0-1 1v9.203a1 1 0 0 0 1 1h13.822a1 1 0 0 0 1-1V8.304a1 1 0 0 0-1-1H17.19l-3.51-2.447q.006-.075.007-.15c0-.94-.763-1.707-1.703-1.707M10.8 5.931a1.694 1.694 0 0 0 2.35.019l1.943 1.354H8.855zm-4.231 4.744a.8.8 0 0 1 .8-.8h7.115a.8.8 0 0 1 .8.8v.137a.8.8 0 0 1-.8.8H7.37a.8.8 0 0 1-.8-.8zm.8 2.845a.8.8 0 0 0-.8.8v.137a.8.8 0 0 0 .8.8H13.1a.8.8 0 0 0 .8-.8v-.138a.8.8 0 0 0-.8-.8z" clip-rule="evenodd"></path>
  </svg><span class="">Action horizontal</span></dt>
<dd data-orientation="horizontal" class="sm:border-t sm:[&amp;:nth-child(2)]:border-none text-base-900 sm:border-base-950/5 dark:text-base-150 dark:sm:border-white/5 pb-3 pt-1 sm:py-3 w-full flex flex-row items-center justify-between gap-4"><span class="">And, this is the content for Action horizontal</span><span class="flex flex-wrap gap-1.5 shrink-0 items-center"><button type="button" class="select-none cursor-pointer inline-flex items-center relative outline-transparent focus:outline-hidden focus-visible:outline-2 focus-visible:outline-offset-2 disabled:cursor-not-allowed aria-disabled:cursor-not-allowed disabled:opacity-50 aria-disabled:opacity-50 transition duration-150 ease-linear text-white dark:text-base-100 bg-base-650 border border-base-650 hover:bg-base-850 hover:border-base-850 hover:focus-visible:ring-0 active:bg-slate-850 active:border-slate-850 active:focus-visible:ring-0 disabled:bg-base-650 aria-disabled:bg-base-650 disabled:border-base-650 aria-disabled:border-base-650 focus-visible:outline-base-650 ring-base-850 focus-visible:ring-base-850 h-xl2 ps-4 pe-4 text-3xs leading-none rounded-2xs font-bold uppercase" isaction="false"><!--v-if--><div class="inline-flex items-center gap-1"><!--v-if--><span class="truncate">Action</span>
  <!--v-if-->
  </div></button></span>
</dd>
<dt class="col-start-1 border-t first:border-none sm:border-t flex flex-nowrap flex-row items-center justify-start gap-1.5 border-base-950/5 text-base-500 sm:border-base-950/5 dark:border-white/5 dark:text-base-400 sm:dark:border-white/5 pt-3 sm:py-3"><svg xmlns="http://www.w3.org/2000/svg" fill="none" viewBox="0 0 24 24" aria-hidden="true" data-slot="icon" class="shrink-0 size-6 text-base-500 dark:text-base-400">
    <path fill="currentColor" fill-rule="evenodd" d="M11.985 3a1.706 1.706 0 0 0-1.699 1.825L6.774 7.304h-1.7a1 1 0 0 0-1 1v9.203a1 1 0 0 0 1 1h13.822a1 1 0 0 0 1-1V8.304a1 1 0 0 0-1-1H17.19l-3.51-2.447q.006-.075.007-.15c0-.94-.763-1.707-1.703-1.707M10.8 5.931a1.694 1.694 0 0 0 2.35.019l1.943 1.354H8.855zm-4.231 4.744a.8.8 0 0 1 .8-.8h7.115a.8.8 0 0 1 .8.8v.137a.8.8 0 0 1-.8.8H7.37a.8.8 0 0 1-.8-.8zm.8 2.845a.8.8 0 0 0-.8.8v.137a.8.8 0 0 0 .8.8H13.1a.8.8 0 0 0 .8-.8v-.138a.8.8 0 0 0-.8-.8z" clip-rule="evenodd"></path>
  </svg><span class="">Item 3</span></dt>
<dd data-orientation="vertical" class="sm:border-t sm:[&amp;:nth-child(2)]:border-none text-base-900 sm:border-base-950/5 dark:text-base-150 dark:sm:border-white/5 pb-3 pt-1 sm:py-3"><span class="">Finally, this is the content for Item3</span>
  <!--v-if-->
</dd>
</dl>
<!--v-if-->
</div>"
`;

exports[`DescriptionList > renders with b24ui correctly 1`] = `
"<div class="w-full shrink-0">
  <!--v-if-->
  <!--v-if-->
  <dl class="grid grid-cols-1 sm:grid-cols-[min(50%,theme(spacing.80))_auto] mt-3 text-lg">
    <dt class="col-start-1 border-t first:border-none sm:border-t flex flex-nowrap flex-row items-center justify-start gap-1.5 border-base-950/5 text-base-500 sm:border-base-950/5 dark:border-white/5 dark:text-base-400 sm:dark:border-white/5 pt-3 sm:py-3"><span class="inline-flex items-center justify-center select-none overflow-hidden rounded-full align-middle bg-base-100 dark:bg-base-900 size-6 text-3xs font-regular shrink-0"><img role="img" src="https://github.com/bitrix24.png" width="18" height="18" class="h-full w-full rounded-[inherit] object-cover"></span><span class="">Item 1</span></dt>
    <dd data-orientation="vertical" class="sm:border-t sm:[&amp;:nth-child(2)]:border-none text-base-900 sm:border-base-950/5 dark:text-base-150 dark:sm:border-white/5 pb-3 pt-1 sm:py-3"><span class="">This is the content shown for Item 1</span>
      <!--v-if-->
    </dd>
    <dt class="col-start-1 border-t first:border-none sm:border-t flex flex-nowrap flex-row items-center justify-start gap-1.5 border-base-950/5 text-base-500 sm:border-base-950/5 dark:border-white/5 dark:text-base-400 sm:dark:border-white/5 pt-3 sm:py-3"><svg xmlns="http://www.w3.org/2000/svg" fill="none" viewBox="0 0 24 24" aria-hidden="true" data-slot="icon" class="shrink-0 size-6 text-base-500 dark:text-base-400">
        <path fill="currentColor" fill-rule="evenodd" d="M11.985 3a1.706 1.706 0 0 0-1.699 1.825L6.774 7.304h-1.7a1 1 0 0 0-1 1v9.203a1 1 0 0 0 1 1h13.822a1 1 0 0 0 1-1V8.304a1 1 0 0 0-1-1H17.19l-3.51-2.447q.006-.075.007-.15c0-.94-.763-1.707-1.703-1.707M10.8 5.931a1.694 1.694 0 0 0 2.35.019l1.943 1.354H8.855zm-4.231 4.744a.8.8 0 0 1 .8-.8h7.115a.8.8 0 0 1 .8.8v.137a.8.8 0 0 1-.8.8H7.37a.8.8 0 0 1-.8-.8zm.8 2.845a.8.8 0 0 0-.8.8v.137a.8.8 0 0 0 .8.8H13.1a.8.8 0 0 0 .8-.8v-.138a.8.8 0 0 0-.8-.8z" clip-rule="evenodd"></path>
      </svg><span class="">Item 2</span></dt>
    <dd data-orientation="vertical" class="sm:border-t sm:[&amp;:nth-child(2)]:border-none text-base-900 sm:border-base-950/5 dark:text-base-150 dark:sm:border-white/5 pb-3 pt-1 sm:py-3"><span class="">And, this is the content for Item 2</span>
      <!--v-if-->
    </dd>
    <dt class="col-start-1 border-t first:border-none sm:border-t flex flex-nowrap flex-row items-center justify-start gap-1.5 border-base-950/5 text-base-500 sm:border-base-950/5 dark:border-white/5 dark:text-base-400 sm:dark:border-white/5 pt-3 sm:py-3"><svg xmlns="http://www.w3.org/2000/svg" fill="none" viewBox="0 0 24 24" aria-hidden="true" data-slot="icon" class="shrink-0 size-6 text-base-500 dark:text-base-400">
        <path fill="currentColor" fill-rule="evenodd" d="M11.985 3a1.706 1.706 0 0 0-1.699 1.825L6.774 7.304h-1.7a1 1 0 0 0-1 1v9.203a1 1 0 0 0 1 1h13.822a1 1 0 0 0 1-1V8.304a1 1 0 0 0-1-1H17.19l-3.51-2.447q.006-.075.007-.15c0-.94-.763-1.707-1.703-1.707M10.8 5.931a1.694 1.694 0 0 0 2.35.019l1.943 1.354H8.855zm-4.231 4.744a.8.8 0 0 1 .8-.8h7.115a.8.8 0 0 1 .8.8v.137a.8.8 0 0 1-.8.8H7.37a.8.8 0 0 1-.8-.8zm.8 2.845a.8.8 0 0 0-.8.8v.137a.8.8 0 0 0 .8.8H13.1a.8.8 0 0 0 .8-.8v-.138a.8.8 0 0 0-.8-.8z" clip-rule="evenodd"></path>
      </svg><span class="">Action vertical</span></dt>
    <dd data-orientation="vertical" class="sm:border-t sm:[&amp;:nth-child(2)]:border-none text-base-900 sm:border-base-950/5 dark:text-base-150 dark:sm:border-white/5 pb-3 pt-1 sm:py-3"><span class="">And, this is the content for Action vertical</span><span class="flex flex-wrap gap-1.5 shrink-0 items-start mt-2.5"><button type="button" class="select-none cursor-pointer inline-flex items-center relative outline-transparent focus:outline-hidden focus-visible:outline-2 focus-visible:outline-offset-2 disabled:cursor-not-allowed aria-disabled:cursor-not-allowed disabled:opacity-50 aria-disabled:opacity-50 transition duration-150 ease-linear text-white dark:text-base-100 bg-base-650 border border-base-650 hover:bg-base-850 hover:border-base-850 hover:focus-visible:ring-0 active:bg-slate-850 active:border-slate-850 active:focus-visible:ring-0 disabled:bg-base-650 aria-disabled:bg-base-650 disabled:border-base-650 aria-disabled:border-base-650 focus-visible:outline-base-650 ring-base-850 focus-visible:ring-base-850 h-xl2 ps-4 pe-4 text-3xs leading-none rounded-2xs font-bold uppercase" isaction="false"><!--v-if--><div class="inline-flex items-center gap-1"><!--v-if--><span class="truncate">Action</span>
      <!--v-if-->
</div></button></span></dd>
<dt class="col-start-1 border-t first:border-none sm:border-t flex flex-nowrap flex-row items-center justify-start gap-1.5 border-base-950/5 text-base-500 sm:border-base-950/5 dark:border-white/5 dark:text-base-400 sm:dark:border-white/5 pt-3 sm:py-3"><svg xmlns="http://www.w3.org/2000/svg" fill="none" viewBox="0 0 24 24" aria-hidden="true" data-slot="icon" class="shrink-0 size-6 text-base-500 dark:text-base-400">
    <path fill="currentColor" fill-rule="evenodd" d="M11.985 3a1.706 1.706 0 0 0-1.699 1.825L6.774 7.304h-1.7a1 1 0 0 0-1 1v9.203a1 1 0 0 0 1 1h13.822a1 1 0 0 0 1-1V8.304a1 1 0 0 0-1-1H17.19l-3.51-2.447q.006-.075.007-.15c0-.94-.763-1.707-1.703-1.707M10.8 5.931a1.694 1.694 0 0 0 2.35.019l1.943 1.354H8.855zm-4.231 4.744a.8.8 0 0 1 .8-.8h7.115a.8.8 0 0 1 .8.8v.137a.8.8 0 0 1-.8.8H7.37a.8.8 0 0 1-.8-.8zm.8 2.845a.8.8 0 0 0-.8.8v.137a.8.8 0 0 0 .8.8H13.1a.8.8 0 0 0 .8-.8v-.138a.8.8 0 0 0-.8-.8z" clip-rule="evenodd"></path>
  </svg><span class="">Action horizontal</span></dt>
<dd data-orientation="horizontal" class="sm:border-t sm:[&amp;:nth-child(2)]:border-none text-base-900 sm:border-base-950/5 dark:text-base-150 dark:sm:border-white/5 pb-3 pt-1 sm:py-3 w-full flex flex-row items-center justify-between gap-4"><span class="">And, this is the content for Action horizontal</span><span class="flex flex-wrap gap-1.5 shrink-0 items-center"><button type="button" class="select-none cursor-pointer inline-flex items-center relative outline-transparent focus:outline-hidden focus-visible:outline-2 focus-visible:outline-offset-2 disabled:cursor-not-allowed aria-disabled:cursor-not-allowed disabled:opacity-50 aria-disabled:opacity-50 transition duration-150 ease-linear text-white dark:text-base-100 bg-base-650 border border-base-650 hover:bg-base-850 hover:border-base-850 hover:focus-visible:ring-0 active:bg-slate-850 active:border-slate-850 active:focus-visible:ring-0 disabled:bg-base-650 aria-disabled:bg-base-650 disabled:border-base-650 aria-disabled:border-base-650 focus-visible:outline-base-650 ring-base-850 focus-visible:ring-base-850 h-xl2 ps-4 pe-4 text-3xs leading-none rounded-2xs font-bold uppercase" isaction="false"><!--v-if--><div class="inline-flex items-center gap-1"><!--v-if--><span class="truncate">Action</span>
  <!--v-if-->
  </div></button></span>
</dd>
<dt class="col-start-1 border-t first:border-none sm:border-t flex flex-nowrap flex-row items-center justify-start gap-1.5 border-base-950/5 text-base-500 sm:border-base-950/5 dark:border-white/5 dark:text-base-400 sm:dark:border-white/5 pt-3 sm:py-3"><svg xmlns="http://www.w3.org/2000/svg" fill="none" viewBox="0 0 24 24" aria-hidden="true" data-slot="icon" class="shrink-0 size-6 text-base-500 dark:text-base-400">
    <path fill="currentColor" fill-rule="evenodd" d="M11.985 3a1.706 1.706 0 0 0-1.699 1.825L6.774 7.304h-1.7a1 1 0 0 0-1 1v9.203a1 1 0 0 0 1 1h13.822a1 1 0 0 0 1-1V8.304a1 1 0 0 0-1-1H17.19l-3.51-2.447q.006-.075.007-.15c0-.94-.763-1.707-1.703-1.707M10.8 5.931a1.694 1.694 0 0 0 2.35.019l1.943 1.354H8.855zm-4.231 4.744a.8.8 0 0 1 .8-.8h7.115a.8.8 0 0 1 .8.8v.137a.8.8 0 0 1-.8.8H7.37a.8.8 0 0 1-.8-.8zm.8 2.845a.8.8 0 0 0-.8.8v.137a.8.8 0 0 0 .8.8H13.1a.8.8 0 0 0 .8-.8v-.138a.8.8 0 0 0-.8-.8z" clip-rule="evenodd"></path>
  </svg><span class="">Item 3</span></dt>
<dd data-orientation="vertical" class="sm:border-t sm:[&amp;:nth-child(2)]:border-none text-base-900 sm:border-base-950/5 dark:text-base-150 dark:sm:border-white/5 pb-3 pt-1 sm:py-3"><span class="">Finally, this is the content for Item3</span>
  <!--v-if-->
</dd>
</dl>
<!--v-if-->
</div>"
`;

exports[`DescriptionList > renders with class correctly 1`] = `
"<div class="w-full shrink-0">
  <!--v-if-->
  <!--v-if-->
  <dl class="grid grid-cols-1 sm:grid-cols-[min(50%,theme(spacing.80))_auto] mt-3 text-lg">
    <dt class="col-start-1 border-t first:border-none sm:border-t flex flex-nowrap flex-row items-center justify-start gap-1.5 border-base-950/5 text-base-500 sm:border-base-950/5 dark:border-white/5 dark:text-base-400 sm:dark:border-white/5 pt-3 sm:py-3"><span class="inline-flex items-center justify-center select-none overflow-hidden rounded-full align-middle bg-base-100 dark:bg-base-900 size-6 text-3xs font-regular shrink-0"><img role="img" src="https://github.com/bitrix24.png" width="18" height="18" class="h-full w-full rounded-[inherit] object-cover"></span><span class="">Item 1</span></dt>
    <dd data-orientation="vertical" class="sm:border-t sm:[&amp;:nth-child(2)]:border-none text-base-900 sm:border-base-950/5 dark:text-base-150 dark:sm:border-white/5 pb-3 pt-1 sm:py-3"><span class="">This is the content shown for Item 1</span>
      <!--v-if-->
    </dd>
    <dt class="col-start-1 border-t first:border-none sm:border-t flex flex-nowrap flex-row items-center justify-start gap-1.5 border-base-950/5 text-base-500 sm:border-base-950/5 dark:border-white/5 dark:text-base-400 sm:dark:border-white/5 pt-3 sm:py-3"><svg xmlns="http://www.w3.org/2000/svg" fill="none" viewBox="0 0 24 24" aria-hidden="true" data-slot="icon" class="shrink-0 size-6 text-base-500 dark:text-base-400">
        <path fill="currentColor" fill-rule="evenodd" d="M11.985 3a1.706 1.706 0 0 0-1.699 1.825L6.774 7.304h-1.7a1 1 0 0 0-1 1v9.203a1 1 0 0 0 1 1h13.822a1 1 0 0 0 1-1V8.304a1 1 0 0 0-1-1H17.19l-3.51-2.447q.006-.075.007-.15c0-.94-.763-1.707-1.703-1.707M10.8 5.931a1.694 1.694 0 0 0 2.35.019l1.943 1.354H8.855zm-4.231 4.744a.8.8 0 0 1 .8-.8h7.115a.8.8 0 0 1 .8.8v.137a.8.8 0 0 1-.8.8H7.37a.8.8 0 0 1-.8-.8zm.8 2.845a.8.8 0 0 0-.8.8v.137a.8.8 0 0 0 .8.8H13.1a.8.8 0 0 0 .8-.8v-.138a.8.8 0 0 0-.8-.8z" clip-rule="evenodd"></path>
      </svg><span class="">Item 2</span></dt>
    <dd data-orientation="vertical" class="sm:border-t sm:[&amp;:nth-child(2)]:border-none text-base-900 sm:border-base-950/5 dark:text-base-150 dark:sm:border-white/5 pb-3 pt-1 sm:py-3"><span class="">And, this is the content for Item 2</span>
      <!--v-if-->
    </dd>
    <dt class="col-start-1 border-t first:border-none sm:border-t flex flex-nowrap flex-row items-center justify-start gap-1.5 border-base-950/5 text-base-500 sm:border-base-950/5 dark:border-white/5 dark:text-base-400 sm:dark:border-white/5 pt-3 sm:py-3"><svg xmlns="http://www.w3.org/2000/svg" fill="none" viewBox="0 0 24 24" aria-hidden="true" data-slot="icon" class="shrink-0 size-6 text-base-500 dark:text-base-400">
        <path fill="currentColor" fill-rule="evenodd" d="M11.985 3a1.706 1.706 0 0 0-1.699 1.825L6.774 7.304h-1.7a1 1 0 0 0-1 1v9.203a1 1 0 0 0 1 1h13.822a1 1 0 0 0 1-1V8.304a1 1 0 0 0-1-1H17.19l-3.51-2.447q.006-.075.007-.15c0-.94-.763-1.707-1.703-1.707M10.8 5.931a1.694 1.694 0 0 0 2.35.019l1.943 1.354H8.855zm-4.231 4.744a.8.8 0 0 1 .8-.8h7.115a.8.8 0 0 1 .8.8v.137a.8.8 0 0 1-.8.8H7.37a.8.8 0 0 1-.8-.8zm.8 2.845a.8.8 0 0 0-.8.8v.137a.8.8 0 0 0 .8.8H13.1a.8.8 0 0 0 .8-.8v-.138a.8.8 0 0 0-.8-.8z" clip-rule="evenodd"></path>
      </svg><span class="">Action vertical</span></dt>
    <dd data-orientation="vertical" class="sm:border-t sm:[&amp;:nth-child(2)]:border-none text-base-900 sm:border-base-950/5 dark:text-base-150 dark:sm:border-white/5 pb-3 pt-1 sm:py-3"><span class="">And, this is the content for Action vertical</span><span class="flex flex-wrap gap-1.5 shrink-0 items-start mt-2.5"><button type="button" class="select-none cursor-pointer inline-flex items-center relative outline-transparent focus:outline-hidden focus-visible:outline-2 focus-visible:outline-offset-2 disabled:cursor-not-allowed aria-disabled:cursor-not-allowed disabled:opacity-50 aria-disabled:opacity-50 transition duration-150 ease-linear text-white dark:text-base-100 bg-base-650 border border-base-650 hover:bg-base-850 hover:border-base-850 hover:focus-visible:ring-0 active:bg-slate-850 active:border-slate-850 active:focus-visible:ring-0 disabled:bg-base-650 aria-disabled:bg-base-650 disabled:border-base-650 aria-disabled:border-base-650 focus-visible:outline-base-650 ring-base-850 focus-visible:ring-base-850 h-xl2 ps-4 pe-4 text-3xs leading-none rounded-2xs font-bold uppercase" isaction="false"><!--v-if--><div class="inline-flex items-center gap-1"><!--v-if--><span class="truncate">Action</span>
      <!--v-if-->
</div></button></span></dd>
<dt class="col-start-1 border-t first:border-none sm:border-t flex flex-nowrap flex-row items-center justify-start gap-1.5 border-base-950/5 text-base-500 sm:border-base-950/5 dark:border-white/5 dark:text-base-400 sm:dark:border-white/5 pt-3 sm:py-3"><svg xmlns="http://www.w3.org/2000/svg" fill="none" viewBox="0 0 24 24" aria-hidden="true" data-slot="icon" class="shrink-0 size-6 text-base-500 dark:text-base-400">
    <path fill="currentColor" fill-rule="evenodd" d="M11.985 3a1.706 1.706 0 0 0-1.699 1.825L6.774 7.304h-1.7a1 1 0 0 0-1 1v9.203a1 1 0 0 0 1 1h13.822a1 1 0 0 0 1-1V8.304a1 1 0 0 0-1-1H17.19l-3.51-2.447q.006-.075.007-.15c0-.94-.763-1.707-1.703-1.707M10.8 5.931a1.694 1.694 0 0 0 2.35.019l1.943 1.354H8.855zm-4.231 4.744a.8.8 0 0 1 .8-.8h7.115a.8.8 0 0 1 .8.8v.137a.8.8 0 0 1-.8.8H7.37a.8.8 0 0 1-.8-.8zm.8 2.845a.8.8 0 0 0-.8.8v.137a.8.8 0 0 0 .8.8H13.1a.8.8 0 0 0 .8-.8v-.138a.8.8 0 0 0-.8-.8z" clip-rule="evenodd"></path>
  </svg><span class="">Action horizontal</span></dt>
<dd data-orientation="horizontal" class="sm:border-t sm:[&amp;:nth-child(2)]:border-none text-base-900 sm:border-base-950/5 dark:text-base-150 dark:sm:border-white/5 pb-3 pt-1 sm:py-3 w-full flex flex-row items-center justify-between gap-4"><span class="">And, this is the content for Action horizontal</span><span class="flex flex-wrap gap-1.5 shrink-0 items-center"><button type="button" class="select-none cursor-pointer inline-flex items-center relative outline-transparent focus:outline-hidden focus-visible:outline-2 focus-visible:outline-offset-2 disabled:cursor-not-allowed aria-disabled:cursor-not-allowed disabled:opacity-50 aria-disabled:opacity-50 transition duration-150 ease-linear text-white dark:text-base-100 bg-base-650 border border-base-650 hover:bg-base-850 hover:border-base-850 hover:focus-visible:ring-0 active:bg-slate-850 active:border-slate-850 active:focus-visible:ring-0 disabled:bg-base-650 aria-disabled:bg-base-650 disabled:border-base-650 aria-disabled:border-base-650 focus-visible:outline-base-650 ring-base-850 focus-visible:ring-base-850 h-xl2 ps-4 pe-4 text-3xs leading-none rounded-2xs font-bold uppercase" isaction="false"><!--v-if--><div class="inline-flex items-center gap-1"><!--v-if--><span class="truncate">Action</span>
  <!--v-if-->
  </div></button></span>
</dd>
<dt class="col-start-1 border-t first:border-none sm:border-t flex flex-nowrap flex-row items-center justify-start gap-1.5 border-base-950/5 text-base-500 sm:border-base-950/5 dark:border-white/5 dark:text-base-400 sm:dark:border-white/5 pt-3 sm:py-3"><svg xmlns="http://www.w3.org/2000/svg" fill="none" viewBox="0 0 24 24" aria-hidden="true" data-slot="icon" class="shrink-0 size-6 text-base-500 dark:text-base-400">
    <path fill="currentColor" fill-rule="evenodd" d="M11.985 3a1.706 1.706 0 0 0-1.699 1.825L6.774 7.304h-1.7a1 1 0 0 0-1 1v9.203a1 1 0 0 0 1 1h13.822a1 1 0 0 0 1-1V8.304a1 1 0 0 0-1-1H17.19l-3.51-2.447q.006-.075.007-.15c0-.94-.763-1.707-1.703-1.707M10.8 5.931a1.694 1.694 0 0 0 2.35.019l1.943 1.354H8.855zm-4.231 4.744a.8.8 0 0 1 .8-.8h7.115a.8.8 0 0 1 .8.8v.137a.8.8 0 0 1-.8.8H7.37a.8.8 0 0 1-.8-.8zm.8 2.845a.8.8 0 0 0-.8.8v.137a.8.8 0 0 0 .8.8H13.1a.8.8 0 0 0 .8-.8v-.138a.8.8 0 0 0-.8-.8z" clip-rule="evenodd"></path>
  </svg><span class="">Item 3</span></dt>
<dd data-orientation="vertical" class="sm:border-t sm:[&amp;:nth-child(2)]:border-none text-base-900 sm:border-base-950/5 dark:text-base-150 dark:sm:border-white/5 pb-3 pt-1 sm:py-3"><span class="">Finally, this is the content for Item3</span>
  <!--v-if-->
</dd>
</dl>
<!--v-if-->
</div>"
`;

exports[`DescriptionList > renders with default slot correctly 1`] = `
"<div class="w-full shrink-0">
  <!--v-if-->
  <!--v-if-->
  <dl class="grid grid-cols-1 sm:grid-cols-[min(50%,theme(spacing.80))_auto] mt-3 text-lg"></dl>
  <!--v-if-->
</div>"
`;

exports[`DescriptionList > renders with items correctly 1`] = `
"<div class="w-full shrink-0">
  <!--v-if-->
  <!--v-if-->
  <dl class="grid grid-cols-1 sm:grid-cols-[min(50%,theme(spacing.80))_auto] mt-3 text-lg">
    <dt class="col-start-1 border-t first:border-none sm:border-t flex flex-nowrap flex-row items-center justify-start gap-1.5 border-base-950/5 text-base-500 sm:border-base-950/5 dark:border-white/5 dark:text-base-400 sm:dark:border-white/5 pt-3 sm:py-3"><span class="inline-flex items-center justify-center select-none overflow-hidden rounded-full align-middle bg-base-100 dark:bg-base-900 size-6 text-3xs font-regular shrink-0"><img role="img" src="https://github.com/bitrix24.png" width="18" height="18" class="h-full w-full rounded-[inherit] object-cover"></span><span class="">Item 1</span></dt>
    <dd data-orientation="vertical" class="sm:border-t sm:[&amp;:nth-child(2)]:border-none text-base-900 sm:border-base-950/5 dark:text-base-150 dark:sm:border-white/5 pb-3 pt-1 sm:py-3"><span class="">This is the content shown for Item 1</span>
      <!--v-if-->
    </dd>
    <dt class="col-start-1 border-t first:border-none sm:border-t flex flex-nowrap flex-row items-center justify-start gap-1.5 border-base-950/5 text-base-500 sm:border-base-950/5 dark:border-white/5 dark:text-base-400 sm:dark:border-white/5 pt-3 sm:py-3"><svg xmlns="http://www.w3.org/2000/svg" fill="none" viewBox="0 0 24 24" aria-hidden="true" data-slot="icon" class="shrink-0 size-6 text-base-500 dark:text-base-400">
        <path fill="currentColor" fill-rule="evenodd" d="M11.985 3a1.706 1.706 0 0 0-1.699 1.825L6.774 7.304h-1.7a1 1 0 0 0-1 1v9.203a1 1 0 0 0 1 1h13.822a1 1 0 0 0 1-1V8.304a1 1 0 0 0-1-1H17.19l-3.51-2.447q.006-.075.007-.15c0-.94-.763-1.707-1.703-1.707M10.8 5.931a1.694 1.694 0 0 0 2.35.019l1.943 1.354H8.855zm-4.231 4.744a.8.8 0 0 1 .8-.8h7.115a.8.8 0 0 1 .8.8v.137a.8.8 0 0 1-.8.8H7.37a.8.8 0 0 1-.8-.8zm.8 2.845a.8.8 0 0 0-.8.8v.137a.8.8 0 0 0 .8.8H13.1a.8.8 0 0 0 .8-.8v-.138a.8.8 0 0 0-.8-.8z" clip-rule="evenodd"></path>
      </svg><span class="">Item 2</span></dt>
    <dd data-orientation="vertical" class="sm:border-t sm:[&amp;:nth-child(2)]:border-none text-base-900 sm:border-base-950/5 dark:text-base-150 dark:sm:border-white/5 pb-3 pt-1 sm:py-3"><span class="">And, this is the content for Item 2</span>
      <!--v-if-->
    </dd>
    <dt class="col-start-1 border-t first:border-none sm:border-t flex flex-nowrap flex-row items-center justify-start gap-1.5 border-base-950/5 text-base-500 sm:border-base-950/5 dark:border-white/5 dark:text-base-400 sm:dark:border-white/5 pt-3 sm:py-3"><svg xmlns="http://www.w3.org/2000/svg" fill="none" viewBox="0 0 24 24" aria-hidden="true" data-slot="icon" class="shrink-0 size-6 text-base-500 dark:text-base-400">
        <path fill="currentColor" fill-rule="evenodd" d="M11.985 3a1.706 1.706 0 0 0-1.699 1.825L6.774 7.304h-1.7a1 1 0 0 0-1 1v9.203a1 1 0 0 0 1 1h13.822a1 1 0 0 0 1-1V8.304a1 1 0 0 0-1-1H17.19l-3.51-2.447q.006-.075.007-.15c0-.94-.763-1.707-1.703-1.707M10.8 5.931a1.694 1.694 0 0 0 2.35.019l1.943 1.354H8.855zm-4.231 4.744a.8.8 0 0 1 .8-.8h7.115a.8.8 0 0 1 .8.8v.137a.8.8 0 0 1-.8.8H7.37a.8.8 0 0 1-.8-.8zm.8 2.845a.8.8 0 0 0-.8.8v.137a.8.8 0 0 0 .8.8H13.1a.8.8 0 0 0 .8-.8v-.138a.8.8 0 0 0-.8-.8z" clip-rule="evenodd"></path>
      </svg><span class="">Action vertical</span></dt>
    <dd data-orientation="vertical" class="sm:border-t sm:[&amp;:nth-child(2)]:border-none text-base-900 sm:border-base-950/5 dark:text-base-150 dark:sm:border-white/5 pb-3 pt-1 sm:py-3"><span class="">And, this is the content for Action vertical</span><span class="flex flex-wrap gap-1.5 shrink-0 items-start mt-2.5"><button type="button" class="select-none cursor-pointer inline-flex items-center relative outline-transparent focus:outline-hidden focus-visible:outline-2 focus-visible:outline-offset-2 disabled:cursor-not-allowed aria-disabled:cursor-not-allowed disabled:opacity-50 aria-disabled:opacity-50 transition duration-150 ease-linear text-white dark:text-base-100 bg-base-650 border border-base-650 hover:bg-base-850 hover:border-base-850 hover:focus-visible:ring-0 active:bg-slate-850 active:border-slate-850 active:focus-visible:ring-0 disabled:bg-base-650 aria-disabled:bg-base-650 disabled:border-base-650 aria-disabled:border-base-650 focus-visible:outline-base-650 ring-base-850 focus-visible:ring-base-850 h-xl2 ps-4 pe-4 text-3xs leading-none rounded-2xs font-bold uppercase" isaction="false"><!--v-if--><div class="inline-flex items-center gap-1"><!--v-if--><span class="truncate">Action</span>
      <!--v-if-->
</div></button></span></dd>
<dt class="col-start-1 border-t first:border-none sm:border-t flex flex-nowrap flex-row items-center justify-start gap-1.5 border-base-950/5 text-base-500 sm:border-base-950/5 dark:border-white/5 dark:text-base-400 sm:dark:border-white/5 pt-3 sm:py-3"><svg xmlns="http://www.w3.org/2000/svg" fill="none" viewBox="0 0 24 24" aria-hidden="true" data-slot="icon" class="shrink-0 size-6 text-base-500 dark:text-base-400">
    <path fill="currentColor" fill-rule="evenodd" d="M11.985 3a1.706 1.706 0 0 0-1.699 1.825L6.774 7.304h-1.7a1 1 0 0 0-1 1v9.203a1 1 0 0 0 1 1h13.822a1 1 0 0 0 1-1V8.304a1 1 0 0 0-1-1H17.19l-3.51-2.447q.006-.075.007-.15c0-.94-.763-1.707-1.703-1.707M10.8 5.931a1.694 1.694 0 0 0 2.35.019l1.943 1.354H8.855zm-4.231 4.744a.8.8 0 0 1 .8-.8h7.115a.8.8 0 0 1 .8.8v.137a.8.8 0 0 1-.8.8H7.37a.8.8 0 0 1-.8-.8zm.8 2.845a.8.8 0 0 0-.8.8v.137a.8.8 0 0 0 .8.8H13.1a.8.8 0 0 0 .8-.8v-.138a.8.8 0 0 0-.8-.8z" clip-rule="evenodd"></path>
  </svg><span class="">Action horizontal</span></dt>
<dd data-orientation="horizontal" class="sm:border-t sm:[&amp;:nth-child(2)]:border-none text-base-900 sm:border-base-950/5 dark:text-base-150 dark:sm:border-white/5 pb-3 pt-1 sm:py-3 w-full flex flex-row items-center justify-between gap-4"><span class="">And, this is the content for Action horizontal</span><span class="flex flex-wrap gap-1.5 shrink-0 items-center"><button type="button" class="select-none cursor-pointer inline-flex items-center relative outline-transparent focus:outline-hidden focus-visible:outline-2 focus-visible:outline-offset-2 disabled:cursor-not-allowed aria-disabled:cursor-not-allowed disabled:opacity-50 aria-disabled:opacity-50 transition duration-150 ease-linear text-white dark:text-base-100 bg-base-650 border border-base-650 hover:bg-base-850 hover:border-base-850 hover:focus-visible:ring-0 active:bg-slate-850 active:border-slate-850 active:focus-visible:ring-0 disabled:bg-base-650 aria-disabled:bg-base-650 disabled:border-base-650 aria-disabled:border-base-650 focus-visible:outline-base-650 ring-base-850 focus-visible:ring-base-850 h-xl2 ps-4 pe-4 text-3xs leading-none rounded-2xs font-bold uppercase" isaction="false"><!--v-if--><div class="inline-flex items-center gap-1"><!--v-if--><span class="truncate">Action</span>
  <!--v-if-->
  </div></button></span>
</dd>
<dt class="col-start-1 border-t first:border-none sm:border-t flex flex-nowrap flex-row items-center justify-start gap-1.5 border-base-950/5 text-base-500 sm:border-base-950/5 dark:border-white/5 dark:text-base-400 sm:dark:border-white/5 pt-3 sm:py-3"><svg xmlns="http://www.w3.org/2000/svg" fill="none" viewBox="0 0 24 24" aria-hidden="true" data-slot="icon" class="shrink-0 size-6 text-base-500 dark:text-base-400">
    <path fill="currentColor" fill-rule="evenodd" d="M11.985 3a1.706 1.706 0 0 0-1.699 1.825L6.774 7.304h-1.7a1 1 0 0 0-1 1v9.203a1 1 0 0 0 1 1h13.822a1 1 0 0 0 1-1V8.304a1 1 0 0 0-1-1H17.19l-3.51-2.447q.006-.075.007-.15c0-.94-.763-1.707-1.703-1.707M10.8 5.931a1.694 1.694 0 0 0 2.35.019l1.943 1.354H8.855zm-4.231 4.744a.8.8 0 0 1 .8-.8h7.115a.8.8 0 0 1 .8.8v.137a.8.8 0 0 1-.8.8H7.37a.8.8 0 0 1-.8-.8zm.8 2.845a.8.8 0 0 0-.8.8v.137a.8.8 0 0 0 .8.8H13.1a.8.8 0 0 0 .8-.8v-.138a.8.8 0 0 0-.8-.8z" clip-rule="evenodd"></path>
  </svg><span class="">Item 3</span></dt>
<dd data-orientation="vertical" class="sm:border-t sm:[&amp;:nth-child(2)]:border-none text-base-900 sm:border-base-950/5 dark:text-base-150 dark:sm:border-white/5 pb-3 pt-1 sm:py-3"><span class="">Finally, this is the content for Item3</span>
  <!--v-if-->
</dd>
</dl>
<!--v-if-->
</div>"
`;
