// Vitest Snapshot v1, https://vitest.dev/guide/snapshot.html

exports[`FieldGroup > renders orientation vertical with default slot correctly 1`] = `
"<div data-orientation="vertical" class="group/items is-field-group relative flex flex-col -space-y-px">
  <div class="isolate relative inline-flex items-center group has-focus-visible:z-[1]">
    <!--v-if--><input type="text" class="px-3 w-full py-0 border-0 focus:outline-none disabled:cursor-not-allowed disabled:pointer-events-none disabled:select-none disabled:opacity-30 disabled:resize-none appearance-none transition duration-300 ease-linear text-(--ui-color-base-1) style-blurred-bg-input placeholder:text-(--ui-color-design-plain-na-content-secondary) hover:text-(--ui-color-base-1) focus:text-(--ui-color-base-1) active:text-(--ui-color-base-1) font-[family-name:var(--ui-font-family-primary)] font-(--ui-font-weight-regular) align-middle text-ellipsis whitespace-nowrap focus-visible:outline-none group-not-only:group-first:rounded-b-none group-not-only:group-last:rounded-t-none group-not-last:group-not-first:rounded-none group-not-only:not-first:after:content-[''] group-not-only:not-first:after:absolute group-not-only:not-first:after:top-[7px] group-not-only:not-first:after:bottom-[6px] group-not-only:not-first:after:left-0 group-not-only:not-first:after:w-px group-not-only:not-first:after:bg-current/30 h-[34px] gap-1.5 text-(length:--ui-font-size-lg)/[normal] style-filled ring ring-inset ring-(--ui-color-design-outline-stroke) focus-visible:ring-1 focus-visible:ring-inset focus-visible:ring-(--b24ui-border-color) hover:not-disabled:not-data-disabled:ring-1 hover:not-disabled:not-data-disabled:ring-inset hover:not-disabled:not-data-disabled:ring-(--b24ui-border-color) data-[state=open]:ring-1 data-[state=open]:ring-inset data-[state=open]:ring-(--b24ui-border-color) rounded-(--ui-border-radius-md)" autocomplete="off">
    <!--v-if-->
    <!--v-if-->
  </div> <button type="button" class="ui-btn font-[family-name:var(--ui-font-family-primary)] select-none cursor-pointer inline-flex items-center relative outline-transparent focus-visible:outline-2 focus-visible:outline-offset-2 disabled:cursor-not-allowed aria-disabled:cursor-not-allowed disabled:opacity-30 aria-disabled:opacity-30 transition duration-0 ease-linear border-(length:--ui-btn-border-width) text-(--ui-btn-color) bg-(--ui-btn-background) border-(--ui-btn-border-color) hover:text-(--ui-btn-color-hover) hover:bg-(--ui-btn-background-hover) hover:border-(--ui-btn-border-color-hover) focus:text-(--ui-btn-color-hover) focus:bg-(--ui-btn-background-hover) focus:border-(--ui-btn-border-color-hover) active:text-(--ui-btn-color-active) active:bg-(--ui-btn-background-active) active:border-(--ui-btn-border-color-active) disabled:bg-(--ui-btn-background) disabled:border-(--ui-btn-border-color) aria-disabled:bg-(--ui-btn-background) aria-disabled:border-(--ui-btn-border-color) focus-visible:outline-(--ui-btn-background) ring-(--ui-btn-background-hover) focus:outline-none focus-visible:ring-(--ui-btn-background-hover) h-(--ui-btn-height) text-(length:--ui-btn-font-size) leading-(--ui-btn-height) font-(--ui-btn-font-weight) focus-visible:outline-none ring-inset ring-0 focus-visible:ring-2 not-only:first:rounded-b-none not-only:last:rounded-t-none not-last:not-first:rounded-none focus-visible:z-[1] --style-outline-no-accent ui-btn-md rounded-(--ui-btn-radius) normal-case --air">
    <!--v-if-->
    <div class="w-full inline-flex items-center justify-center gap-(--ui-btn-icon-space) ps-(--ui-btn-padding-left) pe-(--ui-btn-padding-right)">
      <!--v-if--> Click me!
      <!--v-if-->
    </div>
  </button>
</div>"
`;

exports[`FieldGroup > renders with as correctly 1`] = `"<section data-orientation="horizontal" class="group/items is-field-group relative flex flex-row -space-x-px"></section>"`;

exports[`FieldGroup > renders with class correctly 1`] = `"<div data-orientation="horizontal" class="group/items is-field-group flex flex-row -space-x-px absolute"></div>"`;

exports[`FieldGroup > renders with default slot correctly 1`] = `
"<div data-orientation="horizontal" class="group/items is-field-group relative flex flex-row -space-x-px">
  <div class="isolate relative inline-flex items-center group leading-none has-focus-visible:z-[1]">
    <!--v-if--><input type="text" class="px-3 w-full py-0 border-0 focus:outline-none disabled:cursor-not-allowed disabled:pointer-events-none disabled:select-none disabled:opacity-30 disabled:resize-none appearance-none transition duration-300 ease-linear text-(--ui-color-base-1) style-blurred-bg-input placeholder:text-(--ui-color-design-plain-na-content-secondary) hover:text-(--ui-color-base-1) focus:text-(--ui-color-base-1) active:text-(--ui-color-base-1) font-[family-name:var(--ui-font-family-primary)] font-(--ui-font-weight-regular) align-middle text-ellipsis whitespace-nowrap focus-visible:outline-none group-not-only:group-first:rounded-e-none group-not-only:group-last:rounded-s-none group-not-last:group-not-first:rounded-none group-not-only:group-first:border-e-0 group-not-only:group-not-first:border-s-0 group-not-only:not-first:after:content-[''] group-not-only:not-first:after:absolute group-not-only:not-first:after:top-[7px] group-not-only:not-first:after:bottom-[6px] group-not-only:not-first:after:left-0 group-not-only:not-first:after:w-px group-not-only:not-first:after:bg-current/30 h-[34px] gap-1.5 text-(length:--ui-font-size-lg)/[normal] style-filled ring ring-inset ring-(--ui-color-design-outline-stroke) focus-visible:ring-1 focus-visible:ring-inset focus-visible:ring-(--b24ui-border-color) hover:not-disabled:not-data-disabled:ring-1 hover:not-disabled:not-data-disabled:ring-inset hover:not-disabled:not-data-disabled:ring-(--b24ui-border-color) data-[state=open]:ring-1 data-[state=open]:ring-inset data-[state=open]:ring-(--b24ui-border-color) rounded-(--ui-border-radius-md)" autocomplete="off">
    <!--v-if-->
    <!--v-if-->
  </div> <button type="button" class="ui-btn font-[family-name:var(--ui-font-family-primary)] select-none cursor-pointer inline-flex items-center relative outline-transparent focus-visible:outline-2 focus-visible:outline-offset-2 disabled:cursor-not-allowed aria-disabled:cursor-not-allowed disabled:opacity-30 aria-disabled:opacity-30 transition duration-0 ease-linear border-(length:--ui-btn-border-width) text-(--ui-btn-color) bg-(--ui-btn-background) border-(--ui-btn-border-color) hover:text-(--ui-btn-color-hover) hover:bg-(--ui-btn-background-hover) hover:border-(--ui-btn-border-color-hover) focus:text-(--ui-btn-color-hover) focus:bg-(--ui-btn-background-hover) focus:border-(--ui-btn-border-color-hover) active:text-(--ui-btn-color-active) active:bg-(--ui-btn-background-active) active:border-(--ui-btn-border-color-active) disabled:bg-(--ui-btn-background) disabled:border-(--ui-btn-border-color) aria-disabled:bg-(--ui-btn-background) aria-disabled:border-(--ui-btn-border-color) focus-visible:outline-(--ui-btn-background) ring-(--ui-btn-background-hover) focus:outline-none focus-visible:ring-(--ui-btn-background-hover) h-(--ui-btn-height) text-(length:--ui-btn-font-size) leading-(--ui-btn-height) font-(--ui-btn-font-weight) focus-visible:outline-none ring-inset ring-0 focus-visible:ring-2 group-[.is-field-group]/items:not-only:first:rounded-e-none group-[.is-field-group]/items:not-only:last:rounded-s-none group-[.is-field-group]/items:not-last:not-first:rounded-none group-[.is-field-group]/items:not-only:first:border-e-0 group-[.is-field-group]/items:not-only:not-first:border-s-0 focus-visible:z-[1] group-[.is-field-group]/items:not-only:not-first:after:content-[''] group-[.is-field-group]/items:not-only:not-first:after:absolute group-[.is-field-group]/items:not-only:not-first:after:top-[7px] group-[.is-field-group]/items:not-only:not-first:after:bottom-[6px] group-[.is-field-group]/items:not-only:not-first:after:left-0 group-[.is-field-group]/items:not-only:not-first:after:w-px group-[.is-field-group]/items:not-only:not-first:after:bg-current/30 --style-outline-no-accent ui-btn-md rounded-(--ui-btn-radius) normal-case --air">
    <!--v-if-->
    <div class="w-full inline-flex items-center justify-center gap-(--ui-btn-icon-space) ps-(--ui-btn-padding-left) pe-(--ui-btn-padding-right)">
      <!--v-if--> Click me!
      <!--v-if-->
    </div>
  </button>
</div>"
`;

exports[`FieldGroup > renders with size lg correctly 1`] = `
"<div data-orientation="horizontal" class="group/items is-field-group relative flex flex-row -space-x-px">
  <div class="isolate relative inline-flex items-center group leading-none has-focus-visible:z-[1]">
    <!--v-if--><input type="text" class="px-3 w-full py-0 border-0 focus:outline-none disabled:cursor-not-allowed disabled:pointer-events-none disabled:select-none disabled:opacity-30 disabled:resize-none appearance-none transition duration-300 ease-linear text-(--ui-color-base-1) style-blurred-bg-input placeholder:text-(--ui-color-design-plain-na-content-secondary) hover:text-(--ui-color-base-1) focus:text-(--ui-color-base-1) active:text-(--ui-color-base-1) font-[family-name:var(--ui-font-family-primary)] font-(--ui-font-weight-regular) align-middle text-ellipsis whitespace-nowrap focus-visible:outline-none group-not-only:group-first:rounded-e-none group-not-only:group-last:rounded-s-none group-not-last:group-not-first:rounded-none group-not-only:group-first:border-e-0 group-not-only:group-not-first:border-s-0 group-not-only:not-first:after:content-[''] group-not-only:not-first:after:absolute group-not-only:not-first:after:top-[7px] group-not-only:not-first:after:bottom-[6px] group-not-only:not-first:after:left-0 group-not-only:not-first:after:w-px group-not-only:not-first:after:bg-current/30 h-[38px] gap-2 text-(length:--ui-font-size-lg)/[normal] style-filled ring ring-inset ring-(--ui-color-design-outline-stroke) focus-visible:ring-1 focus-visible:ring-inset focus-visible:ring-(--b24ui-border-color) hover:not-disabled:not-data-disabled:ring-1 hover:not-disabled:not-data-disabled:ring-inset hover:not-disabled:not-data-disabled:ring-(--b24ui-border-color) data-[state=open]:ring-1 data-[state=open]:ring-inset data-[state=open]:ring-(--b24ui-border-color) rounded-(--ui-border-radius-md)" autocomplete="off">
    <!--v-if-->
    <!--v-if-->
  </div> <button type="button" class="ui-btn font-[family-name:var(--ui-font-family-primary)] select-none cursor-pointer inline-flex items-center relative outline-transparent focus-visible:outline-2 focus-visible:outline-offset-2 disabled:cursor-not-allowed aria-disabled:cursor-not-allowed disabled:opacity-30 aria-disabled:opacity-30 transition duration-0 ease-linear border-(length:--ui-btn-border-width) text-(--ui-btn-color) bg-(--ui-btn-background) border-(--ui-btn-border-color) hover:text-(--ui-btn-color-hover) hover:bg-(--ui-btn-background-hover) hover:border-(--ui-btn-border-color-hover) focus:text-(--ui-btn-color-hover) focus:bg-(--ui-btn-background-hover) focus:border-(--ui-btn-border-color-hover) active:text-(--ui-btn-color-active) active:bg-(--ui-btn-background-active) active:border-(--ui-btn-border-color-active) disabled:bg-(--ui-btn-background) disabled:border-(--ui-btn-border-color) aria-disabled:bg-(--ui-btn-background) aria-disabled:border-(--ui-btn-border-color) focus-visible:outline-(--ui-btn-background) ring-(--ui-btn-background-hover) focus:outline-none focus-visible:ring-(--ui-btn-background-hover) h-(--ui-btn-height) text-(length:--ui-btn-font-size) leading-(--ui-btn-height) font-(--ui-btn-font-weight) focus-visible:outline-none ring-inset ring-0 focus-visible:ring-2 group-[.is-field-group]/items:not-only:first:rounded-e-none group-[.is-field-group]/items:not-only:last:rounded-s-none group-[.is-field-group]/items:not-last:not-first:rounded-none group-[.is-field-group]/items:not-only:first:border-e-0 group-[.is-field-group]/items:not-only:not-first:border-s-0 focus-visible:z-[1] group-[.is-field-group]/items:not-only:not-first:after:content-[''] group-[.is-field-group]/items:not-only:not-first:after:absolute group-[.is-field-group]/items:not-only:not-first:after:top-[7px] group-[.is-field-group]/items:not-only:not-first:after:bottom-[6px] group-[.is-field-group]/items:not-only:not-first:after:left-0 group-[.is-field-group]/items:not-only:not-first:after:w-px group-[.is-field-group]/items:not-only:not-first:after:bg-current/30 --style-outline-no-accent ui-btn-lg rounded-(--ui-btn-radius) normal-case --air">
    <!--v-if-->
    <div class="w-full inline-flex items-center justify-center gap-(--ui-btn-icon-space) ps-(--ui-btn-padding-left) pe-(--ui-btn-padding-right)">
      <!--v-if--> Click me!
      <!--v-if-->
    </div>
  </button>
</div>"
`;

exports[`FieldGroup > renders with size md correctly 1`] = `
"<div data-orientation="horizontal" class="group/items is-field-group relative flex flex-row -space-x-px">
  <div class="isolate relative inline-flex items-center group leading-none has-focus-visible:z-[1]">
    <!--v-if--><input type="text" class="px-3 w-full py-0 border-0 focus:outline-none disabled:cursor-not-allowed disabled:pointer-events-none disabled:select-none disabled:opacity-30 disabled:resize-none appearance-none transition duration-300 ease-linear text-(--ui-color-base-1) style-blurred-bg-input placeholder:text-(--ui-color-design-plain-na-content-secondary) hover:text-(--ui-color-base-1) focus:text-(--ui-color-base-1) active:text-(--ui-color-base-1) font-[family-name:var(--ui-font-family-primary)] font-(--ui-font-weight-regular) align-middle text-ellipsis whitespace-nowrap focus-visible:outline-none group-not-only:group-first:rounded-e-none group-not-only:group-last:rounded-s-none group-not-last:group-not-first:rounded-none group-not-only:group-first:border-e-0 group-not-only:group-not-first:border-s-0 group-not-only:not-first:after:content-[''] group-not-only:not-first:after:absolute group-not-only:not-first:after:top-[7px] group-not-only:not-first:after:bottom-[6px] group-not-only:not-first:after:left-0 group-not-only:not-first:after:w-px group-not-only:not-first:after:bg-current/30 h-[34px] gap-1.5 text-(length:--ui-font-size-lg)/[normal] style-filled ring ring-inset ring-(--ui-color-design-outline-stroke) focus-visible:ring-1 focus-visible:ring-inset focus-visible:ring-(--b24ui-border-color) hover:not-disabled:not-data-disabled:ring-1 hover:not-disabled:not-data-disabled:ring-inset hover:not-disabled:not-data-disabled:ring-(--b24ui-border-color) data-[state=open]:ring-1 data-[state=open]:ring-inset data-[state=open]:ring-(--b24ui-border-color) rounded-(--ui-border-radius-md)" autocomplete="off">
    <!--v-if-->
    <!--v-if-->
  </div> <button type="button" class="ui-btn font-[family-name:var(--ui-font-family-primary)] select-none cursor-pointer inline-flex items-center relative outline-transparent focus-visible:outline-2 focus-visible:outline-offset-2 disabled:cursor-not-allowed aria-disabled:cursor-not-allowed disabled:opacity-30 aria-disabled:opacity-30 transition duration-0 ease-linear border-(length:--ui-btn-border-width) text-(--ui-btn-color) bg-(--ui-btn-background) border-(--ui-btn-border-color) hover:text-(--ui-btn-color-hover) hover:bg-(--ui-btn-background-hover) hover:border-(--ui-btn-border-color-hover) focus:text-(--ui-btn-color-hover) focus:bg-(--ui-btn-background-hover) focus:border-(--ui-btn-border-color-hover) active:text-(--ui-btn-color-active) active:bg-(--ui-btn-background-active) active:border-(--ui-btn-border-color-active) disabled:bg-(--ui-btn-background) disabled:border-(--ui-btn-border-color) aria-disabled:bg-(--ui-btn-background) aria-disabled:border-(--ui-btn-border-color) focus-visible:outline-(--ui-btn-background) ring-(--ui-btn-background-hover) focus:outline-none focus-visible:ring-(--ui-btn-background-hover) h-(--ui-btn-height) text-(length:--ui-btn-font-size) leading-(--ui-btn-height) font-(--ui-btn-font-weight) focus-visible:outline-none ring-inset ring-0 focus-visible:ring-2 group-[.is-field-group]/items:not-only:first:rounded-e-none group-[.is-field-group]/items:not-only:last:rounded-s-none group-[.is-field-group]/items:not-last:not-first:rounded-none group-[.is-field-group]/items:not-only:first:border-e-0 group-[.is-field-group]/items:not-only:not-first:border-s-0 focus-visible:z-[1] group-[.is-field-group]/items:not-only:not-first:after:content-[''] group-[.is-field-group]/items:not-only:not-first:after:absolute group-[.is-field-group]/items:not-only:not-first:after:top-[7px] group-[.is-field-group]/items:not-only:not-first:after:bottom-[6px] group-[.is-field-group]/items:not-only:not-first:after:left-0 group-[.is-field-group]/items:not-only:not-first:after:w-px group-[.is-field-group]/items:not-only:not-first:after:bg-current/30 --style-outline-no-accent ui-btn-md rounded-(--ui-btn-radius) normal-case --air">
    <!--v-if-->
    <div class="w-full inline-flex items-center justify-center gap-(--ui-btn-icon-space) ps-(--ui-btn-padding-left) pe-(--ui-btn-padding-right)">
      <!--v-if--> Click me!
      <!--v-if-->
    </div>
  </button>
</div>"
`;

exports[`FieldGroup > renders with size sm correctly 1`] = `
"<div data-orientation="horizontal" class="group/items is-field-group relative flex flex-row -space-x-px">
  <div class="isolate relative inline-flex items-center group leading-none has-focus-visible:z-[1]">
    <!--v-if--><input type="text" class="px-3 w-full py-0 border-0 focus:outline-none disabled:cursor-not-allowed disabled:pointer-events-none disabled:select-none disabled:opacity-30 disabled:resize-none appearance-none transition duration-300 ease-linear text-(--ui-color-base-1) style-blurred-bg-input placeholder:text-(--ui-color-design-plain-na-content-secondary) hover:text-(--ui-color-base-1) focus:text-(--ui-color-base-1) active:text-(--ui-color-base-1) font-[family-name:var(--ui-font-family-primary)] font-(--ui-font-weight-regular) align-middle text-ellipsis whitespace-nowrap focus-visible:outline-none group-not-only:group-first:rounded-e-none group-not-only:group-last:rounded-s-none group-not-last:group-not-first:rounded-none group-not-only:group-first:border-e-0 group-not-only:group-not-first:border-s-0 group-not-only:not-first:after:content-[''] group-not-only:not-first:after:absolute group-not-only:not-first:after:top-[7px] group-not-only:not-first:after:bottom-[6px] group-not-only:not-first:after:left-0 group-not-only:not-first:after:w-px group-not-only:not-first:after:bg-current/30 h-[28px] gap-1.5 text-(length:--ui-font-size-sm)/[normal] style-filled ring ring-inset ring-(--ui-color-design-outline-stroke) focus-visible:ring-1 focus-visible:ring-inset focus-visible:ring-(--b24ui-border-color) hover:not-disabled:not-data-disabled:ring-1 hover:not-disabled:not-data-disabled:ring-inset hover:not-disabled:not-data-disabled:ring-(--b24ui-border-color) data-[state=open]:ring-1 data-[state=open]:ring-inset data-[state=open]:ring-(--b24ui-border-color) rounded-(--ui-border-radius-sm)" autocomplete="off">
    <!--v-if-->
    <!--v-if-->
  </div> <button type="button" class="ui-btn font-[family-name:var(--ui-font-family-primary)] select-none cursor-pointer inline-flex items-center relative outline-transparent focus-visible:outline-2 focus-visible:outline-offset-2 disabled:cursor-not-allowed aria-disabled:cursor-not-allowed disabled:opacity-30 aria-disabled:opacity-30 transition duration-0 ease-linear border-(length:--ui-btn-border-width) text-(--ui-btn-color) bg-(--ui-btn-background) border-(--ui-btn-border-color) hover:text-(--ui-btn-color-hover) hover:bg-(--ui-btn-background-hover) hover:border-(--ui-btn-border-color-hover) focus:text-(--ui-btn-color-hover) focus:bg-(--ui-btn-background-hover) focus:border-(--ui-btn-border-color-hover) active:text-(--ui-btn-color-active) active:bg-(--ui-btn-background-active) active:border-(--ui-btn-border-color-active) disabled:bg-(--ui-btn-background) disabled:border-(--ui-btn-border-color) aria-disabled:bg-(--ui-btn-background) aria-disabled:border-(--ui-btn-border-color) focus-visible:outline-(--ui-btn-background) ring-(--ui-btn-background-hover) focus:outline-none focus-visible:ring-(--ui-btn-background-hover) h-(--ui-btn-height) text-(length:--ui-btn-font-size) leading-(--ui-btn-height) font-(--ui-btn-font-weight) focus-visible:outline-none ring-inset ring-0 focus-visible:ring-2 group-[.is-field-group]/items:not-only:first:rounded-e-none group-[.is-field-group]/items:not-only:last:rounded-s-none group-[.is-field-group]/items:not-last:not-first:rounded-none group-[.is-field-group]/items:not-only:first:border-e-0 group-[.is-field-group]/items:not-only:not-first:border-s-0 focus-visible:z-[1] group-[.is-field-group]/items:not-only:not-first:after:content-[''] group-[.is-field-group]/items:not-only:not-first:after:absolute group-[.is-field-group]/items:not-only:not-first:after:top-[7px] group-[.is-field-group]/items:not-only:not-first:after:bottom-[6px] group-[.is-field-group]/items:not-only:not-first:after:left-0 group-[.is-field-group]/items:not-only:not-first:after:w-px group-[.is-field-group]/items:not-only:not-first:after:bg-current/30 --style-outline-no-accent ui-btn-sm rounded-(--ui-btn-radius) normal-case --air">
    <!--v-if-->
    <div class="w-full inline-flex items-center justify-center gap-(--ui-btn-icon-space) ps-(--ui-btn-padding-left) pe-(--ui-btn-padding-right)">
      <!--v-if--> Click me!
      <!--v-if-->
    </div>
  </button>
</div>"
`;

exports[`FieldGroup > renders with size xl correctly 1`] = `
"<div data-orientation="horizontal" class="group/items is-field-group relative flex flex-row -space-x-px">
  <div class="isolate relative inline-flex items-center group leading-none has-focus-visible:z-[1]">
    <!--v-if--><input type="text" class="px-3 w-full py-0 border-0 focus:outline-none disabled:cursor-not-allowed disabled:pointer-events-none disabled:select-none disabled:opacity-30 disabled:resize-none appearance-none transition duration-300 ease-linear text-(--ui-color-base-1) style-blurred-bg-input placeholder:text-(--ui-color-design-plain-na-content-secondary) hover:text-(--ui-color-base-1) focus:text-(--ui-color-base-1) active:text-(--ui-color-base-1) font-[family-name:var(--ui-font-family-primary)] font-(--ui-font-weight-regular) align-middle text-ellipsis whitespace-nowrap focus-visible:outline-none group-not-only:group-first:rounded-e-none group-not-only:group-last:rounded-s-none group-not-last:group-not-first:rounded-none group-not-only:group-first:border-e-0 group-not-only:group-not-first:border-s-0 group-not-only:not-first:after:content-[''] group-not-only:not-first:after:absolute group-not-only:not-first:after:top-[7px] group-not-only:not-first:after:bottom-[6px] group-not-only:not-first:after:left-0 group-not-only:not-first:after:w-px group-not-only:not-first:after:bg-current/30 h-[46px] gap-2 text-(length:--ui-font-size-2xl)/[normal] style-filled ring ring-inset ring-(--ui-color-design-outline-stroke) focus-visible:ring-1 focus-visible:ring-inset focus-visible:ring-(--b24ui-border-color) hover:not-disabled:not-data-disabled:ring-1 hover:not-disabled:not-data-disabled:ring-inset hover:not-disabled:not-data-disabled:ring-(--b24ui-border-color) data-[state=open]:ring-1 data-[state=open]:ring-inset data-[state=open]:ring-(--b24ui-border-color) rounded-(--ui-border-radius-md)" autocomplete="off">
    <!--v-if-->
    <!--v-if-->
  </div> <button type="button" class="ui-btn font-[family-name:var(--ui-font-family-primary)] select-none cursor-pointer inline-flex items-center relative outline-transparent focus-visible:outline-2 focus-visible:outline-offset-2 disabled:cursor-not-allowed aria-disabled:cursor-not-allowed disabled:opacity-30 aria-disabled:opacity-30 transition duration-0 ease-linear border-(length:--ui-btn-border-width) text-(--ui-btn-color) bg-(--ui-btn-background) border-(--ui-btn-border-color) hover:text-(--ui-btn-color-hover) hover:bg-(--ui-btn-background-hover) hover:border-(--ui-btn-border-color-hover) focus:text-(--ui-btn-color-hover) focus:bg-(--ui-btn-background-hover) focus:border-(--ui-btn-border-color-hover) active:text-(--ui-btn-color-active) active:bg-(--ui-btn-background-active) active:border-(--ui-btn-border-color-active) disabled:bg-(--ui-btn-background) disabled:border-(--ui-btn-border-color) aria-disabled:bg-(--ui-btn-background) aria-disabled:border-(--ui-btn-border-color) focus-visible:outline-(--ui-btn-background) ring-(--ui-btn-background-hover) focus:outline-none focus-visible:ring-(--ui-btn-background-hover) h-(--ui-btn-height) text-(length:--ui-btn-font-size) leading-(--ui-btn-height) font-(--ui-btn-font-weight) focus-visible:outline-none ring-inset ring-0 focus-visible:ring-2 group-[.is-field-group]/items:not-only:first:rounded-e-none group-[.is-field-group]/items:not-only:last:rounded-s-none group-[.is-field-group]/items:not-last:not-first:rounded-none group-[.is-field-group]/items:not-only:first:border-e-0 group-[.is-field-group]/items:not-only:not-first:border-s-0 focus-visible:z-[1] group-[.is-field-group]/items:not-only:not-first:after:content-[''] group-[.is-field-group]/items:not-only:not-first:after:absolute group-[.is-field-group]/items:not-only:not-first:after:top-[7px] group-[.is-field-group]/items:not-only:not-first:after:bottom-[6px] group-[.is-field-group]/items:not-only:not-first:after:left-0 group-[.is-field-group]/items:not-only:not-first:after:w-px group-[.is-field-group]/items:not-only:not-first:after:bg-current/30 --style-outline-no-accent ui-btn-xl rounded-(--ui-btn-radius) normal-case --air">
    <!--v-if-->
    <div class="w-full inline-flex items-center justify-center gap-(--ui-btn-icon-space) ps-(--ui-btn-padding-left) pe-(--ui-btn-padding-right)">
      <!--v-if--> Click me!
      <!--v-if-->
    </div>
  </button>
</div>"
`;

exports[`FieldGroup > renders with size xs correctly 1`] = `
"<div data-orientation="horizontal" class="group/items is-field-group relative flex flex-row -space-x-px">
  <div class="isolate relative inline-flex items-center group leading-none has-focus-visible:z-[1]">
    <!--v-if--><input type="text" class="px-3 w-full py-0 border-0 focus:outline-none disabled:cursor-not-allowed disabled:pointer-events-none disabled:select-none disabled:opacity-30 disabled:resize-none appearance-none transition duration-300 ease-linear text-(--ui-color-base-1) style-blurred-bg-input placeholder:text-(--ui-color-design-plain-na-content-secondary) hover:text-(--ui-color-base-1) focus:text-(--ui-color-base-1) active:text-(--ui-color-base-1) font-[family-name:var(--ui-font-family-primary)] font-(--ui-font-weight-regular) align-middle text-ellipsis whitespace-nowrap focus-visible:outline-none group-not-only:group-first:rounded-e-none group-not-only:group-last:rounded-s-none group-not-last:group-not-first:rounded-none group-not-only:group-first:border-e-0 group-not-only:group-not-first:border-s-0 group-not-only:not-first:after:content-[''] group-not-only:not-first:after:absolute group-not-only:not-first:after:top-[7px] group-not-only:not-first:after:bottom-[6px] group-not-only:not-first:after:left-0 group-not-only:not-first:after:w-px group-not-only:not-first:after:bg-current/30 h-[24px] gap-1 text-(length:--ui-font-size-xs)/[normal] style-filled ring ring-inset ring-(--ui-color-design-outline-stroke) focus-visible:ring-1 focus-visible:ring-inset focus-visible:ring-(--b24ui-border-color) hover:not-disabled:not-data-disabled:ring-1 hover:not-disabled:not-data-disabled:ring-inset hover:not-disabled:not-data-disabled:ring-(--b24ui-border-color) data-[state=open]:ring-1 data-[state=open]:ring-inset data-[state=open]:ring-(--b24ui-border-color) rounded-(--ui-border-radius-xs)" autocomplete="off">
    <!--v-if-->
    <!--v-if-->
  </div> <button type="button" class="ui-btn font-[family-name:var(--ui-font-family-primary)] select-none cursor-pointer inline-flex items-center relative outline-transparent focus-visible:outline-2 focus-visible:outline-offset-2 disabled:cursor-not-allowed aria-disabled:cursor-not-allowed disabled:opacity-30 aria-disabled:opacity-30 transition duration-0 ease-linear border-(length:--ui-btn-border-width) text-(--ui-btn-color) bg-(--ui-btn-background) border-(--ui-btn-border-color) hover:text-(--ui-btn-color-hover) hover:bg-(--ui-btn-background-hover) hover:border-(--ui-btn-border-color-hover) focus:text-(--ui-btn-color-hover) focus:bg-(--ui-btn-background-hover) focus:border-(--ui-btn-border-color-hover) active:text-(--ui-btn-color-active) active:bg-(--ui-btn-background-active) active:border-(--ui-btn-border-color-active) disabled:bg-(--ui-btn-background) disabled:border-(--ui-btn-border-color) aria-disabled:bg-(--ui-btn-background) aria-disabled:border-(--ui-btn-border-color) focus-visible:outline-(--ui-btn-background) ring-(--ui-btn-background-hover) focus:outline-none focus-visible:ring-(--ui-btn-background-hover) h-(--ui-btn-height) text-(length:--ui-btn-font-size) leading-(--ui-btn-height) font-(--ui-btn-font-weight) focus-visible:outline-none ring-inset ring-0 focus-visible:ring-2 group-[.is-field-group]/items:not-only:first:rounded-e-none group-[.is-field-group]/items:not-only:last:rounded-s-none group-[.is-field-group]/items:not-last:not-first:rounded-none group-[.is-field-group]/items:not-only:first:border-e-0 group-[.is-field-group]/items:not-only:not-first:border-s-0 focus-visible:z-[1] group-[.is-field-group]/items:not-only:not-first:after:content-[''] group-[.is-field-group]/items:not-only:not-first:after:absolute group-[.is-field-group]/items:not-only:not-first:after:top-[7px] group-[.is-field-group]/items:not-only:not-first:after:bottom-[6px] group-[.is-field-group]/items:not-only:not-first:after:left-0 group-[.is-field-group]/items:not-only:not-first:after:w-px group-[.is-field-group]/items:not-only:not-first:after:bg-current/30 --style-outline-no-accent ui-btn-xs rounded-(--ui-btn-radius) normal-case --air">
    <!--v-if-->
    <div class="w-full inline-flex items-center justify-center gap-(--ui-btn-icon-space) ps-(--ui-btn-padding-left) pe-(--ui-btn-padding-right)">
      <!--v-if--> Click me!
      <!--v-if-->
    </div>
  </button>
</div>"
`;

exports[`FieldGroup > renders with size xss correctly 1`] = `
"<div data-orientation="horizontal" class="group/items is-field-group relative flex flex-row -space-x-px">
  <div class="isolate relative inline-flex items-center group leading-none has-focus-visible:z-[1]">
    <!--v-if--><input type="text" class="px-3 w-full py-0 border-0 focus:outline-none disabled:cursor-not-allowed disabled:pointer-events-none disabled:select-none disabled:opacity-30 disabled:resize-none appearance-none transition duration-300 ease-linear text-(--ui-color-base-1) style-blurred-bg-input placeholder:text-(--ui-color-design-plain-na-content-secondary) hover:text-(--ui-color-base-1) focus:text-(--ui-color-base-1) active:text-(--ui-color-base-1) font-[family-name:var(--ui-font-family-primary)] font-(--ui-font-weight-regular) align-middle text-ellipsis whitespace-nowrap focus-visible:outline-none group-not-only:group-first:rounded-e-none group-not-only:group-last:rounded-s-none group-not-last:group-not-first:rounded-none group-not-only:group-first:border-e-0 group-not-only:group-not-first:border-s-0 group-not-only:not-first:after:content-[''] group-not-only:not-first:after:absolute group-not-only:not-first:after:top-[7px] group-not-only:not-first:after:bottom-[6px] group-not-only:not-first:after:left-0 group-not-only:not-first:after:w-px group-not-only:not-first:after:bg-current/30 h-[20px] gap-1 text-(length:--ui-font-size-4xs)/[normal] style-filled ring ring-inset ring-(--ui-color-design-outline-stroke) focus-visible:ring-1 focus-visible:ring-inset focus-visible:ring-(--b24ui-border-color) hover:not-disabled:not-data-disabled:ring-1 hover:not-disabled:not-data-disabled:ring-inset hover:not-disabled:not-data-disabled:ring-(--b24ui-border-color) data-[state=open]:ring-1 data-[state=open]:ring-inset data-[state=open]:ring-(--b24ui-border-color) rounded-[5px]" autocomplete="off">
    <!--v-if-->
    <!--v-if-->
  </div> <button type="button" class="ui-btn font-[family-name:var(--ui-font-family-primary)] select-none cursor-pointer inline-flex items-center relative outline-transparent focus-visible:outline-2 focus-visible:outline-offset-2 disabled:cursor-not-allowed aria-disabled:cursor-not-allowed disabled:opacity-30 aria-disabled:opacity-30 transition duration-0 ease-linear border-(length:--ui-btn-border-width) text-(--ui-btn-color) bg-(--ui-btn-background) border-(--ui-btn-border-color) hover:text-(--ui-btn-color-hover) hover:bg-(--ui-btn-background-hover) hover:border-(--ui-btn-border-color-hover) focus:text-(--ui-btn-color-hover) focus:bg-(--ui-btn-background-hover) focus:border-(--ui-btn-border-color-hover) active:text-(--ui-btn-color-active) active:bg-(--ui-btn-background-active) active:border-(--ui-btn-border-color-active) disabled:bg-(--ui-btn-background) disabled:border-(--ui-btn-border-color) aria-disabled:bg-(--ui-btn-background) aria-disabled:border-(--ui-btn-border-color) focus-visible:outline-(--ui-btn-background) ring-(--ui-btn-background-hover) focus:outline-none focus-visible:ring-(--ui-btn-background-hover) h-(--ui-btn-height) text-(length:--ui-btn-font-size) leading-(--ui-btn-height) font-(--ui-btn-font-weight) focus-visible:outline-none ring-inset ring-0 focus-visible:ring-2 group-[.is-field-group]/items:not-only:first:rounded-e-none group-[.is-field-group]/items:not-only:last:rounded-s-none group-[.is-field-group]/items:not-last:not-first:rounded-none group-[.is-field-group]/items:not-only:first:border-e-0 group-[.is-field-group]/items:not-only:not-first:border-s-0 focus-visible:z-[1] group-[.is-field-group]/items:not-only:not-first:after:content-[''] group-[.is-field-group]/items:not-only:not-first:after:absolute group-[.is-field-group]/items:not-only:not-first:after:top-[7px] group-[.is-field-group]/items:not-only:not-first:after:bottom-[6px] group-[.is-field-group]/items:not-only:not-first:after:left-0 group-[.is-field-group]/items:not-only:not-first:after:w-px group-[.is-field-group]/items:not-only:not-first:after:bg-current/30 --style-outline-no-accent ui-btn-xss rounded-(--ui-btn-radius) normal-case --air">
    <!--v-if-->
    <div class="w-full inline-flex items-center justify-center gap-(--ui-btn-icon-space) ps-(--ui-btn-padding-left) pe-(--ui-btn-padding-right)">
      <!--v-if--> Click me!
      <!--v-if-->
    </div>
  </button>
</div>"
`;
