// Vitest Snapshot v1, https://vitest.dev/guide/snapshot.html

exports[`Kbd > renders with accent accent correctly 1`] = `"<kbd class="inline-flex items-center justify-center px-1 rounded-(--ui-border-radius-2xs) font-(--ui-font-weight-normal) font-[family-name:var(--ui-font-family-system-mono)] uppercase border-(length:--b24ui-border-width) border-(--b24ui-border-color) text-(--b24ui-color) bg-(--b24ui-background) style-outline-accent-1 h-[24px] min-w-[24px] text-(length:--ui-font-size-md)/(--ui-font-line-height-reset)">K</kbd>"`;

exports[`Kbd > renders with accent default correctly 1`] = `"<kbd class="inline-flex items-center justify-center px-1 rounded-(--ui-border-radius-2xs) font-(--ui-font-weight-normal) font-[family-name:var(--ui-font-family-system-mono)] uppercase border-(length:--b24ui-border-width) border-(--b24ui-border-color) text-(--b24ui-color) bg-(--b24ui-background) style-outline h-[24px] min-w-[24px] text-(length:--ui-font-size-md)/(--ui-font-line-height-reset)">K</kbd>"`;

exports[`Kbd > renders with accent less correctly 1`] = `"<kbd class="inline-flex items-center justify-center px-1 rounded-(--ui-border-radius-2xs) font-(--ui-font-weight-normal) font-[family-name:var(--ui-font-family-system-mono)] uppercase border-(length:--b24ui-border-width) border-(--b24ui-border-color) text-(--b24ui-color) bg-(--b24ui-background) style-outline-no-accent h-[24px] min-w-[24px] text-(length:--ui-font-size-md)/(--ui-font-line-height-reset)">K</kbd>"`;

exports[`Kbd > renders with as correctly 1`] = `"<span class="inline-flex items-center justify-center px-1 rounded-(--ui-border-radius-2xs) font-(--ui-font-weight-normal) font-[family-name:var(--ui-font-family-system-mono)] uppercase border-(length:--b24ui-border-width) border-(--b24ui-border-color) text-(--b24ui-color) bg-(--b24ui-background) style-outline h-[24px] min-w-[24px] text-(length:--ui-font-size-md)/(--ui-font-line-height-reset)">K</span>"`;

exports[`Kbd > renders with class correctly 1`] = `"<kbd class="inline-flex items-center justify-center px-1 rounded-(--ui-border-radius-2xs) font-[family-name:var(--ui-font-family-system-mono)] uppercase border-(length:--b24ui-border-width) border-(--b24ui-border-color) text-(--b24ui-color) bg-(--b24ui-background) style-outline h-[24px] min-w-[24px] text-(length:--ui-font-size-md)/(--ui-font-line-height-reset) font-(--ui-font-weight-bold)">K</kbd>"`;

exports[`Kbd > renders with default slot correctly 1`] = `"<kbd class="inline-flex items-center justify-center px-1 rounded-(--ui-border-radius-2xs) font-(--ui-font-weight-normal) font-[family-name:var(--ui-font-family-system-mono)] uppercase border-(length:--b24ui-border-width) border-(--b24ui-border-color) text-(--b24ui-color) bg-(--b24ui-background) style-outline h-[24px] min-w-[24px] text-(length:--ui-font-size-md)/(--ui-font-line-height-reset)">Default slot</kbd>"`;

exports[`Kbd > renders with size lg correctly 1`] = `"<kbd class="inline-flex items-center justify-center px-1 rounded-(--ui-border-radius-2xs) font-(--ui-font-weight-normal) font-[family-name:var(--ui-font-family-system-mono)] uppercase border-(length:--b24ui-border-width) border-(--b24ui-border-color) text-(--b24ui-color) bg-(--b24ui-background) style-outline h-[28px] min-w-[28px] text-(length:--ui-font-size-2xl)/(--ui-font-line-height-reset)">K</kbd>"`;

exports[`Kbd > renders with size md correctly 1`] = `"<kbd class="inline-flex items-center justify-center px-1 rounded-(--ui-border-radius-2xs) font-(--ui-font-weight-normal) font-[family-name:var(--ui-font-family-system-mono)] uppercase border-(length:--b24ui-border-width) border-(--b24ui-border-color) text-(--b24ui-color) bg-(--b24ui-background) style-outline h-[24px] min-w-[24px] text-(length:--ui-font-size-md)/(--ui-font-line-height-reset)">K</kbd>"`;

exports[`Kbd > renders with size sm correctly 1`] = `"<kbd class="inline-flex items-center justify-center px-1 rounded-(--ui-border-radius-2xs) font-(--ui-font-weight-normal) font-[family-name:var(--ui-font-family-system-mono)] uppercase border-(length:--b24ui-border-width) border-(--b24ui-border-color) text-(--b24ui-color) bg-(--b24ui-background) style-outline h-[20px] min-w-[20px] text-(length:--ui-font-size-4xs)/(--ui-font-line-height-reset)">K</kbd>"`;

exports[`Kbd > renders with value correctly 1`] = `"<kbd class="inline-flex items-center justify-center px-1 rounded-(--ui-border-radius-2xs) font-(--ui-font-weight-normal) font-[family-name:var(--ui-font-family-system-mono)] uppercase border-(length:--b24ui-border-width) border-(--b24ui-border-color) text-(--b24ui-color) bg-(--b24ui-background) style-outline h-[24px] min-w-[24px] text-(length:--ui-font-size-md)/(--ui-font-line-height-reset)">K</kbd>"`;
