// Vitest Snapshot v1, https://vitest.dev/guide/snapshot.html

exports[`Popover > renders with anchor slot correctly 1`] = `
"<!--v-if-->
Anchor slot
<!--teleport start-->


<div data-reka-popper-content-wrapper="" style="position: fixed; left: 0px; top: 0px; transform: translate(0, -200%); min-width: max-content;">
  <div data-dismissable-layer="" style="--reka-popover-content-transform-origin: var(--reka-popper-transform-origin); --reka-popover-content-available-width: var(--reka-popper-available-width); --reka-popover-content-available-height: var(--reka-popper-available-height); --reka-popover-trigger-width: var(--reka-popper-anchor-width); --reka-popover-trigger-height: var(--reka-popper-anchor-height); animation: none;" tabindex="-1" class="context-light bg-(--popup-window-background-color) shadow-(--popup-window-box-shadow) rounded-(--popup-window-border-radius) will-change-[opacity] motion-safe:data-[state=open]:animate-[scale-in_100ms_ease-out] motion-safe:data-[state=closed]:animate-[scale-out_100ms_ease-in] origin-(--reka-popover-content-transform-origin) focus:outline-none pointer-events-auto" id="reka-popover-content-v-0-0-0" data-state="open" aria-labelledby="" role="dialog" data-side="bottom" data-align="center"></div>
</div>


<!--teleport end-->"
`;

exports[`Popover > renders with arrow correctly 1`] = `
"<!--v-if-->
<!--v-if-->
<!--teleport start-->


<div data-reka-popper-content-wrapper="" style="position: fixed; left: 0px; top: 0px; transform: translate(0, -200%); min-width: max-content;">
  <div data-dismissable-layer="" style="--reka-popover-content-transform-origin: var(--reka-popper-transform-origin); --reka-popover-content-available-width: var(--reka-popper-available-width); --reka-popover-content-available-height: var(--reka-popper-available-height); --reka-popover-trigger-width: var(--reka-popper-anchor-width); --reka-popover-trigger-height: var(--reka-popper-anchor-height); animation: none;" tabindex="-1" class="context-light bg-(--popup-window-background-color) shadow-(--popup-window-box-shadow) rounded-(--popup-window-border-radius) will-change-[opacity] motion-safe:data-[state=open]:animate-[scale-in_100ms_ease-out] motion-safe:data-[state=closed]:animate-[scale-out_100ms_ease-in] origin-(--reka-popover-content-transform-origin) focus:outline-none pointer-events-auto" id="reka-popover-content-v-0-0-0" data-state="open" aria-labelledby="" role="dialog" data-side="bottom" data-align="center"><span style="position: absolute; top: 0px; transform-origin: center 0; transform: rotate(180deg); visibility: hidden;"><svg width="20" height="10" rounded="false" viewBox="0 0 12 6" preserveAspectRatio="none" class="fill-(--popup-window-background-color)" style="display: block;"><path d="M0 0L6 6L12 0"></path></svg></span></div>
</div>


<!--teleport end-->"
`;

exports[`Popover > renders with b24ui correctly 1`] = `
"<!--v-if-->
<!--v-if-->
<!--teleport start-->


<div data-reka-popper-content-wrapper="" style="position: fixed; left: 0px; top: 0px; transform: translate(0, -200%); min-width: max-content;">
  <div data-dismissable-layer="" style="--reka-popover-content-transform-origin: var(--reka-popper-transform-origin); --reka-popover-content-available-width: var(--reka-popper-available-width); --reka-popover-content-available-height: var(--reka-popper-available-height); --reka-popover-trigger-width: var(--reka-popper-anchor-width); --reka-popover-trigger-height: var(--reka-popper-anchor-height); animation: none;" tabindex="-1" class="context-light bg-(--popup-window-background-color) rounded-(--popup-window-border-radius) will-change-[opacity] motion-safe:data-[state=open]:animate-[scale-in_100ms_ease-out] motion-safe:data-[state=closed]:animate-[scale-out_100ms_ease-in] origin-(--reka-popover-content-transform-origin) focus:outline-none pointer-events-auto shadow-xl" id="reka-popover-content-v-0-0-0" data-state="open" aria-labelledby="" role="dialog" data-side="bottom" data-align="center"></div>
</div>


<!--teleport end-->"
`;

exports[`Popover > renders with class correctly 1`] = `
"<!--v-if-->
<!--v-if-->
<!--teleport start-->


<div data-reka-popper-content-wrapper="" style="position: fixed; left: 0px; top: 0px; transform: translate(0, -200%); min-width: max-content;">
  <div data-dismissable-layer="" style="--reka-popover-content-transform-origin: var(--reka-popper-transform-origin); --reka-popover-content-available-width: var(--reka-popper-available-width); --reka-popover-content-available-height: var(--reka-popper-available-height); --reka-popover-trigger-width: var(--reka-popper-anchor-width); --reka-popover-trigger-height: var(--reka-popper-anchor-height); animation: none;" tabindex="-1" class="context-light bg-(--popup-window-background-color) rounded-(--popup-window-border-radius) will-change-[opacity] motion-safe:data-[state=open]:animate-[scale-in_100ms_ease-out] motion-safe:data-[state=closed]:animate-[scale-out_100ms_ease-in] origin-(--reka-popover-content-transform-origin) focus:outline-none pointer-events-auto shadow-xl" id="reka-popover-content-v-0-0-0" data-state="open" aria-labelledby="" role="dialog" data-side="bottom" data-align="center"></div>
</div>


<!--teleport end-->"
`;

exports[`Popover > renders with content slot correctly 1`] = `
"<!--v-if-->
<!--v-if-->
<!--teleport start-->


<div data-reka-popper-content-wrapper="" style="position: fixed; left: 0px; top: 0px; transform: translate(0, -200%); min-width: max-content;">
  <div data-dismissable-layer="" style="--reka-popover-content-transform-origin: var(--reka-popper-transform-origin); --reka-popover-content-available-width: var(--reka-popper-available-width); --reka-popover-content-available-height: var(--reka-popper-available-height); --reka-popover-trigger-width: var(--reka-popper-anchor-width); --reka-popover-trigger-height: var(--reka-popper-anchor-height); animation: none;" tabindex="-1" class="context-light bg-(--popup-window-background-color) shadow-(--popup-window-box-shadow) rounded-(--popup-window-border-radius) will-change-[opacity] motion-safe:data-[state=open]:animate-[scale-in_100ms_ease-out] motion-safe:data-[state=closed]:animate-[scale-out_100ms_ease-in] origin-(--reka-popover-content-transform-origin) focus:outline-none pointer-events-auto" id="reka-popover-content-v-0-0-0" data-state="open" aria-labelledby="" role="dialog" data-side="bottom" data-align="center">Content slot
    <!--v-if-->
  </div>
</div>


<!--teleport end-->"
`;

exports[`Popover > renders with default slot correctly 1`] = `
"Default slot
<!--v-if-->
<!--teleport start-->


<div data-reka-popper-content-wrapper="" style="position: fixed; left: 0px; top: 0px; transform: translate(0, -200%); min-width: max-content;">
  <div data-dismissable-layer="" style="--reka-popover-content-transform-origin: var(--reka-popper-transform-origin); --reka-popover-content-available-width: var(--reka-popper-available-width); --reka-popover-content-available-height: var(--reka-popper-available-height); --reka-popover-trigger-width: var(--reka-popper-anchor-width); --reka-popover-trigger-height: var(--reka-popper-anchor-height); animation: none;" tabindex="-1" class="context-light bg-(--popup-window-background-color) shadow-(--popup-window-box-shadow) rounded-(--popup-window-border-radius) will-change-[opacity] motion-safe:data-[state=open]:animate-[scale-in_100ms_ease-out] motion-safe:data-[state=closed]:animate-[scale-out_100ms_ease-in] origin-(--reka-popover-content-transform-origin) focus:outline-none pointer-events-auto" id="reka-popover-content-v-0-0-1" data-state="open" aria-labelledby="reka-popover-trigger-v-0-0-0" role="dialog" data-side="bottom" data-align="center"></div>
</div>


<!--teleport end-->"
`;

exports[`Popover > renders with open correctly 1`] = `
"<!--v-if-->
<!--v-if-->
<!--teleport start-->


<div data-reka-popper-content-wrapper="" style="position: fixed; left: 0px; top: 0px; transform: translate(0, -200%); min-width: max-content;">
  <div data-dismissable-layer="" style="--reka-popover-content-transform-origin: var(--reka-popper-transform-origin); --reka-popover-content-available-width: var(--reka-popper-available-width); --reka-popover-content-available-height: var(--reka-popper-available-height); --reka-popover-trigger-width: var(--reka-popper-anchor-width); --reka-popover-trigger-height: var(--reka-popper-anchor-height); animation: none;" tabindex="-1" class="context-light bg-(--popup-window-background-color) shadow-(--popup-window-box-shadow) rounded-(--popup-window-border-radius) will-change-[opacity] motion-safe:data-[state=open]:animate-[scale-in_100ms_ease-out] motion-safe:data-[state=closed]:animate-[scale-out_100ms_ease-in] origin-(--reka-popover-content-transform-origin) focus:outline-none pointer-events-auto" id="reka-popover-content-v-0-0-0" data-state="open" aria-labelledby="" role="dialog" data-side="bottom" data-align="center"></div>
</div>


<!--teleport end-->"
`;
