// Vitest Snapshot v1, https://vitest.dev/guide/snapshot.html

exports[`Range > renders with ariaLabel correctly 1`] = `
"<span data-slider-impl="" dir="ltr" data-orientation="horizontal" style="--reka-slider-thumb-transform: translateX(-50%);" class="relative flex items-center select-none touch-none style-filled w-full" aria-label="Aria label" aria-disabled="false"><span data-orientation="horizontal" class="relative rounded-(--ui-border-radius-pill) bg-(--ui-color-base-5) grow overflow-hidden h-[8px]"><span data-orientation="horizontal" style="left: 0%; right: 100%;" class="absolute rounded-(--ui-border-radius-pill) bg-(--b24ui-background) h-full"></span></span><span data-reka-collection-item="" class="rounded-(--ui-border-radius-pill) bg-(--ui-color-base-white-fixed) ring-2 outline-transparent focus-visible:outline-2 focus-visible:outline-offset-2 ring-(--b24ui-background) focus-visible:outline-(--b24ui-background-hover) size-[16px]" role="slider" tabindex="0" data-orientation="horizontal" aria-valuemin="0" aria-valuemax="100" aria-orientation="horizontal" style="transform: var(--reka-slider-thumb-transform); position: absolute; left: calc(0% + 0px);" aria-valuenow="0"></span>
<!--v-if--></span>"
`;

exports[`Range > renders with as correctly 1`] = `
"<section data-slider-impl="" dir="ltr" data-orientation="horizontal" style="--reka-slider-thumb-transform: translateX(-50%);" class="relative flex items-center select-none touch-none style-filled w-full" aria-disabled="false"><span data-orientation="horizontal" class="relative rounded-(--ui-border-radius-pill) bg-(--ui-color-base-5) grow overflow-hidden h-[8px]"><span data-orientation="horizontal" style="left: 0%; right: 100%;" class="absolute rounded-(--ui-border-radius-pill) bg-(--b24ui-background) h-full"></span></span><span data-reka-collection-item="" class="rounded-(--ui-border-radius-pill) bg-(--ui-color-base-white-fixed) ring-2 outline-transparent focus-visible:outline-2 focus-visible:outline-offset-2 ring-(--b24ui-background) focus-visible:outline-(--b24ui-background-hover) size-[16px]" role="slider" tabindex="0" data-orientation="horizontal" aria-valuemin="0" aria-valuemax="100" aria-orientation="horizontal" style="transform: var(--reka-slider-thumb-transform); position: absolute; left: calc(0% + 0px);" aria-valuenow="0"></span>
  <!--v-if-->
</section>"
`;

exports[`Range > renders with b24ui correctly 1`] = `
"<span data-slider-impl="" dir="ltr" data-orientation="horizontal" style="--reka-slider-thumb-transform: translateX(-50%);" class="relative flex items-center select-none touch-none style-filled w-full" aria-disabled="false"><span data-orientation="horizontal" class="relative rounded-(--ui-border-radius-pill) grow overflow-hidden h-[8px] bg-red-200"><span data-orientation="horizontal" style="left: 0%; right: 100%;" class="absolute rounded-(--ui-border-radius-pill) bg-(--b24ui-background) h-full"></span></span><span data-reka-collection-item="" class="rounded-(--ui-border-radius-pill) bg-(--ui-color-base-white-fixed) ring-2 outline-transparent focus-visible:outline-2 focus-visible:outline-offset-2 ring-(--b24ui-background) focus-visible:outline-(--b24ui-background-hover) size-[16px]" role="slider" tabindex="0" data-orientation="horizontal" aria-valuemin="0" aria-valuemax="100" aria-orientation="horizontal" style="transform: var(--reka-slider-thumb-transform); position: absolute; left: calc(0% + 0px);" aria-valuenow="0"></span>
<!--v-if--></span>"
`;

exports[`Range > renders with class correctly 1`] = `
"<span data-slider-impl="" dir="ltr" data-orientation="horizontal" style="--reka-slider-thumb-transform: translateX(-50%);" class="relative flex items-center select-none touch-none style-filled w-48" aria-disabled="false"><span data-orientation="horizontal" class="relative rounded-(--ui-border-radius-pill) bg-(--ui-color-base-5) grow overflow-hidden h-[8px]"><span data-orientation="horizontal" style="left: 0%; right: 100%;" class="absolute rounded-(--ui-border-radius-pill) bg-(--b24ui-background) h-full"></span></span><span data-reka-collection-item="" class="rounded-(--ui-border-radius-pill) bg-(--ui-color-base-white-fixed) ring-2 outline-transparent focus-visible:outline-2 focus-visible:outline-offset-2 ring-(--b24ui-background) focus-visible:outline-(--b24ui-background-hover) size-[16px]" role="slider" tabindex="0" data-orientation="horizontal" aria-valuemin="0" aria-valuemax="100" aria-orientation="horizontal" style="transform: var(--reka-slider-thumb-transform); position: absolute; left: calc(0% + 0px);" aria-valuenow="0"></span>
<!--v-if--></span>"
`;

exports[`Range > renders with color success correctly 1`] = `
"<span data-slider-impl="" dir="ltr" data-orientation="horizontal" style="--reka-slider-thumb-transform: translateX(-50%);" class="relative flex items-center select-none touch-none style-old-success w-full" aria-disabled="false"><span data-orientation="horizontal" class="relative rounded-(--ui-border-radius-pill) bg-(--ui-color-base-5) grow overflow-hidden h-[8px]"><span data-orientation="horizontal" style="left: 0%; right: 90%;" class="absolute rounded-(--ui-border-radius-pill) bg-(--b24ui-background) h-full"></span></span><span data-reka-collection-item="" class="rounded-(--ui-border-radius-pill) bg-(--ui-color-base-white-fixed) ring-2 outline-transparent focus-visible:outline-2 focus-visible:outline-offset-2 ring-(--b24ui-background) focus-visible:outline-(--b24ui-background-hover) size-[16px]" role="slider" tabindex="0" data-orientation="horizontal" aria-valuemin="0" aria-valuemax="100" aria-orientation="horizontal" style="transform: var(--reka-slider-thumb-transform); position: absolute; left: calc(10% + 0px);" aria-valuenow="10"></span>
<!--v-if--></span>"
`;

exports[`Range > renders with defaultValue correctly 1`] = `
"<span data-slider-impl="" dir="ltr" data-orientation="horizontal" style="--reka-slider-thumb-transform: translateX(-50%);" class="relative flex items-center select-none touch-none style-filled w-full" aria-disabled="false"><span data-orientation="horizontal" class="relative rounded-(--ui-border-radius-pill) bg-(--ui-color-base-5) grow overflow-hidden h-[8px]"><span data-orientation="horizontal" style="left: 0%; right: 90%;" class="absolute rounded-(--ui-border-radius-pill) bg-(--b24ui-background) h-full"></span></span><span data-reka-collection-item="" class="rounded-(--ui-border-radius-pill) bg-(--ui-color-base-white-fixed) ring-2 outline-transparent focus-visible:outline-2 focus-visible:outline-offset-2 ring-(--b24ui-background) focus-visible:outline-(--b24ui-background-hover) size-[16px]" role="slider" tabindex="0" data-orientation="horizontal" aria-valuemin="0" aria-valuemax="100" aria-orientation="horizontal" style="transform: var(--reka-slider-thumb-transform); position: absolute; left: calc(10% + 0px);" aria-valuenow="10"></span>
<!--v-if--></span>"
`;

exports[`Range > renders with disabled correctly 1`] = `
"<span data-slider-impl="" dir="ltr" data-orientation="horizontal" style="--reka-slider-thumb-transform: translateX(-50%);" class="relative flex items-center select-none touch-none style-filled w-full opacity-30 cursor-not-allowed" aria-disabled="true" data-disabled=""><span data-disabled="" data-orientation="horizontal" class="relative rounded-(--ui-border-radius-pill) bg-(--ui-color-base-5) grow overflow-hidden h-[8px]"><span data-disabled="" data-orientation="horizontal" style="left: 0%; right: 100%;" class="absolute rounded-(--ui-border-radius-pill) bg-(--b24ui-background) h-full"></span></span><span data-reka-collection-item="" class="rounded-(--ui-border-radius-pill) bg-(--ui-color-base-white-fixed) ring-2 outline-transparent focus-visible:outline-2 focus-visible:outline-offset-2 ring-(--b24ui-background) focus-visible:outline-(--b24ui-background-hover) size-[16px]" role="slider" data-disabled="" data-orientation="horizontal" aria-valuemin="0" aria-valuemax="100" aria-orientation="horizontal" style="transform: var(--reka-slider-thumb-transform); position: absolute; left: calc(0% + 0px);" aria-valuenow="0"></span>
<!--v-if--></span>"
`;

exports[`Range > renders with inverted correctly 1`] = `
"<span data-slider-impl="" dir="ltr" data-orientation="horizontal" style="--reka-slider-thumb-transform: translateX(-50%);" class="relative flex items-center select-none touch-none style-filled w-full" aria-disabled="false"><span data-orientation="horizontal" class="relative rounded-(--ui-border-radius-pill) bg-(--ui-color-base-5) grow overflow-hidden h-[8px]"><span data-orientation="horizontal" style="right: 0%; left: 100%;" class="absolute rounded-(--ui-border-radius-pill) bg-(--b24ui-background) h-full"></span></span><span data-reka-collection-item="" class="rounded-(--ui-border-radius-pill) bg-(--ui-color-base-white-fixed) ring-2 outline-transparent focus-visible:outline-2 focus-visible:outline-offset-2 ring-(--b24ui-background) focus-visible:outline-(--b24ui-background-hover) size-[16px]" role="slider" tabindex="0" data-orientation="horizontal" aria-valuemin="0" aria-valuemax="100" aria-orientation="horizontal" style="transform: var(--reka-slider-thumb-transform); position: absolute; right: calc(0% + 0px);" aria-valuenow="0"></span>
<!--v-if--></span>"
`;

exports[`Range > renders with min max step correctly 1`] = `
"<span data-slider-impl="" dir="ltr" data-orientation="horizontal" style="--reka-slider-thumb-transform: translateX(-50%);" class="relative flex items-center select-none touch-none style-filled w-full" aria-disabled="false"><span data-orientation="horizontal" class="relative rounded-(--ui-border-radius-pill) bg-(--ui-color-base-5) grow overflow-hidden h-[8px]"><span data-orientation="horizontal" style="left: 0%; right: 100%;" class="absolute rounded-(--ui-border-radius-pill) bg-(--b24ui-background) h-full"></span></span><span data-reka-collection-item="" class="rounded-(--ui-border-radius-pill) bg-(--ui-color-base-white-fixed) ring-2 outline-transparent focus-visible:outline-2 focus-visible:outline-offset-2 ring-(--b24ui-background) focus-visible:outline-(--b24ui-background-hover) size-[16px]" role="slider" tabindex="0" data-orientation="horizontal" aria-valuemin="4" aria-valuemax="12" aria-orientation="horizontal" style="transform: var(--reka-slider-thumb-transform); position: absolute; left: calc(0% + 0px);" aria-valuenow="0"></span>
<!--v-if--></span>"
`;

exports[`Range > renders with min steps between thumbs correctly 1`] = `
"<span data-slider-impl="" dir="ltr" data-orientation="horizontal" style="--reka-slider-thumb-transform: translateX(-50%);" class="relative flex items-center select-none touch-none style-filled w-full" aria-disabled="false"><span data-orientation="horizontal" class="relative rounded-(--ui-border-radius-pill) bg-(--ui-color-base-5) grow overflow-hidden h-[8px]"><span data-orientation="horizontal" style="left: 0%; right: 70%;" class="absolute rounded-(--ui-border-radius-pill) bg-(--b24ui-background) h-full"></span></span><span data-reka-collection-item="" class="rounded-(--ui-border-radius-pill) bg-(--ui-color-base-white-fixed) ring-2 outline-transparent focus-visible:outline-2 focus-visible:outline-offset-2 ring-(--b24ui-background) focus-visible:outline-(--b24ui-background-hover) size-[16px]" role="slider" tabindex="0" data-orientation="horizontal" aria-valuemin="0" aria-valuemax="100" aria-orientation="horizontal" style="transform: var(--reka-slider-thumb-transform); position: absolute; left: calc(0% + 0px);" aria-label="Minimum" aria-valuenow="0"></span><span data-reka-collection-item="" class="rounded-(--ui-border-radius-pill) bg-(--ui-color-base-white-fixed) ring-2 outline-transparent focus-visible:outline-2 focus-visible:outline-offset-2 ring-(--b24ui-background) focus-visible:outline-(--b24ui-background-hover) size-[16px]" role="slider" tabindex="0" data-orientation="horizontal" aria-valuemin="0" aria-valuemax="100" aria-orientation="horizontal" style="transform: var(--reka-slider-thumb-transform); position: absolute; left: calc(30% + 0px);" aria-label="Maximum" aria-valuenow="30"></span>
<!--v-if--></span>"
`;

exports[`Range > renders with modelValue correctly 1`] = `
"<span data-slider-impl="" dir="ltr" data-orientation="horizontal" style="--reka-slider-thumb-transform: translateX(-50%);" class="relative flex items-center select-none touch-none style-filled w-full" aria-disabled="false"><span data-orientation="horizontal" class="relative rounded-(--ui-border-radius-pill) bg-(--ui-color-base-5) grow overflow-hidden h-[8px]"><span data-orientation="horizontal" style="left: 0%; right: 90%;" class="absolute rounded-(--ui-border-radius-pill) bg-(--b24ui-background) h-full"></span></span><span data-reka-collection-item="" class="rounded-(--ui-border-radius-pill) bg-(--ui-color-base-white-fixed) ring-2 outline-transparent focus-visible:outline-2 focus-visible:outline-offset-2 ring-(--b24ui-background) focus-visible:outline-(--b24ui-background-hover) size-[16px]" role="slider" tabindex="0" data-orientation="horizontal" aria-valuemin="0" aria-valuemax="100" aria-orientation="horizontal" style="transform: var(--reka-slider-thumb-transform); position: absolute; left: calc(10% + 0px);" aria-valuenow="10"></span>
<!--v-if--></span>"
`;

exports[`Range > renders with multiple thumbs correctly 1`] = `
"<span data-slider-impl="" dir="ltr" data-orientation="horizontal" style="--reka-slider-thumb-transform: translateX(-50%);" class="relative flex items-center select-none touch-none style-filled w-full" aria-disabled="false"><span data-orientation="horizontal" class="relative rounded-(--ui-border-radius-pill) bg-(--ui-color-base-5) grow overflow-hidden h-[8px]"><span data-orientation="horizontal" style="left: 0%; right: 90%;" class="absolute rounded-(--ui-border-radius-pill) bg-(--b24ui-background) h-full"></span></span><span data-reka-collection-item="" class="rounded-(--ui-border-radius-pill) bg-(--ui-color-base-white-fixed) ring-2 outline-transparent focus-visible:outline-2 focus-visible:outline-offset-2 ring-(--b24ui-background) focus-visible:outline-(--b24ui-background-hover) size-[16px]" role="slider" tabindex="0" data-orientation="horizontal" aria-valuemin="0" aria-valuemax="100" aria-orientation="horizontal" style="transform: var(--reka-slider-thumb-transform); position: absolute; left: calc(0% + 0px);" aria-label="Minimum" aria-valuenow="0"></span><span data-reka-collection-item="" class="rounded-(--ui-border-radius-pill) bg-(--ui-color-base-white-fixed) ring-2 outline-transparent focus-visible:outline-2 focus-visible:outline-offset-2 ring-(--b24ui-background) focus-visible:outline-(--b24ui-background-hover) size-[16px]" role="slider" tabindex="0" data-orientation="horizontal" aria-valuemin="0" aria-valuemax="100" aria-orientation="horizontal" style="transform: var(--reka-slider-thumb-transform); position: absolute; left: calc(10% + 0px);" aria-label="Maximum" aria-valuenow="10"></span>
<!--v-if--></span>"
`;

exports[`Range > renders with name correctly 1`] = `
"<span data-slider-impl="" dir="ltr" data-orientation="horizontal" style="--reka-slider-thumb-transform: translateX(-50%);" class="relative flex items-center select-none touch-none style-filled w-full" aria-disabled="false"><span data-orientation="horizontal" class="relative rounded-(--ui-border-radius-pill) bg-(--ui-color-base-5) grow overflow-hidden h-[8px]"><span data-orientation="horizontal" style="left: 0%; right: 100%;" class="absolute rounded-(--ui-border-radius-pill) bg-(--b24ui-background) h-full"></span></span><span data-reka-collection-item="" class="rounded-(--ui-border-radius-pill) bg-(--ui-color-base-white-fixed) ring-2 outline-transparent focus-visible:outline-2 focus-visible:outline-offset-2 ring-(--b24ui-background) focus-visible:outline-(--b24ui-background-hover) size-[16px]" role="slider" tabindex="0" data-orientation="horizontal" aria-valuemin="0" aria-valuemax="100" aria-orientation="horizontal" style="transform: var(--reka-slider-thumb-transform); position: absolute; left: calc(0% + 0px);" aria-valuenow="0"></span>
<!--v-if--></span>"
`;

exports[`Range > renders with orientation vertical correctly 1`] = `
"<span data-slider-impl="" data-orientation="vertical" style="--reka-slider-thumb-transform: translateY(50%);" class="relative flex items-center select-none touch-none style-filled flex-col h-full" dir="ltr" aria-disabled="false"><span data-orientation="vertical" class="relative rounded-(--ui-border-radius-pill) bg-(--ui-color-base-5) grow overflow-hidden w-[8px]"><span data-orientation="vertical" style="bottom: 0%; top: 100%;" class="absolute rounded-(--ui-border-radius-pill) bg-(--b24ui-background) w-full"></span></span><span data-reka-collection-item="" class="rounded-(--ui-border-radius-pill) bg-(--ui-color-base-white-fixed) ring-2 outline-transparent focus-visible:outline-2 focus-visible:outline-offset-2 ring-(--b24ui-background) focus-visible:outline-(--b24ui-background-hover) size-[16px]" role="slider" tabindex="0" data-orientation="vertical" aria-valuemin="0" aria-valuemax="100" aria-orientation="vertical" style="transform: var(--reka-slider-thumb-transform); position: absolute; bottom: calc(0% + 0px);" aria-valuenow="0"></span>
<!--v-if--></span>"
`;

exports[`Range > renders with size lg correctly 1`] = `
"<span data-slider-impl="" dir="ltr" data-orientation="horizontal" style="--reka-slider-thumb-transform: translateX(-50%);" class="relative flex items-center select-none touch-none style-filled w-full" aria-disabled="false"><span data-orientation="horizontal" class="relative rounded-(--ui-border-radius-pill) bg-(--ui-color-base-5) grow overflow-hidden h-[9px]"><span data-orientation="horizontal" style="left: 0%; right: 100%;" class="absolute rounded-(--ui-border-radius-pill) bg-(--b24ui-background) h-full"></span></span><span data-reka-collection-item="" class="rounded-(--ui-border-radius-pill) bg-(--ui-color-base-white-fixed) ring-2 outline-transparent focus-visible:outline-2 focus-visible:outline-offset-2 ring-(--b24ui-background) focus-visible:outline-(--b24ui-background-hover) size-[20px]" role="slider" tabindex="0" data-orientation="horizontal" aria-valuemin="0" aria-valuemax="100" aria-orientation="horizontal" style="transform: var(--reka-slider-thumb-transform); position: absolute; left: calc(0% + 0px);" aria-valuenow="0"></span>
<!--v-if--></span>"
`;

exports[`Range > renders with size md correctly 1`] = `
"<span data-slider-impl="" dir="ltr" data-orientation="horizontal" style="--reka-slider-thumb-transform: translateX(-50%);" class="relative flex items-center select-none touch-none style-filled w-full" aria-disabled="false"><span data-orientation="horizontal" class="relative rounded-(--ui-border-radius-pill) bg-(--ui-color-base-5) grow overflow-hidden h-[8px]"><span data-orientation="horizontal" style="left: 0%; right: 100%;" class="absolute rounded-(--ui-border-radius-pill) bg-(--b24ui-background) h-full"></span></span><span data-reka-collection-item="" class="rounded-(--ui-border-radius-pill) bg-(--ui-color-base-white-fixed) ring-2 outline-transparent focus-visible:outline-2 focus-visible:outline-offset-2 ring-(--b24ui-background) focus-visible:outline-(--b24ui-background-hover) size-[16px]" role="slider" tabindex="0" data-orientation="horizontal" aria-valuemin="0" aria-valuemax="100" aria-orientation="horizontal" style="transform: var(--reka-slider-thumb-transform); position: absolute; left: calc(0% + 0px);" aria-valuenow="0"></span>
<!--v-if--></span>"
`;

exports[`Range > renders with size sm correctly 1`] = `
"<span data-slider-impl="" dir="ltr" data-orientation="horizontal" style="--reka-slider-thumb-transform: translateX(-50%);" class="relative flex items-center select-none touch-none style-filled w-full" aria-disabled="false"><span data-orientation="horizontal" class="relative rounded-(--ui-border-radius-pill) bg-(--ui-color-base-5) grow overflow-hidden h-[7px]"><span data-orientation="horizontal" style="left: 0%; right: 100%;" class="absolute rounded-(--ui-border-radius-pill) bg-(--b24ui-background) h-full"></span></span><span data-reka-collection-item="" class="rounded-(--ui-border-radius-pill) bg-(--ui-color-base-white-fixed) ring-2 outline-transparent focus-visible:outline-2 focus-visible:outline-offset-2 ring-(--b24ui-background) focus-visible:outline-(--b24ui-background-hover) size-[14px]" role="slider" tabindex="0" data-orientation="horizontal" aria-valuemin="0" aria-valuemax="100" aria-orientation="horizontal" style="transform: var(--reka-slider-thumb-transform); position: absolute; left: calc(0% + 0px);" aria-valuenow="0"></span>
<!--v-if--></span>"
`;

exports[`Range > renders with size xs correctly 1`] = `
"<span data-slider-impl="" dir="ltr" data-orientation="horizontal" style="--reka-slider-thumb-transform: translateX(-50%);" class="relative flex items-center select-none touch-none style-filled w-full" aria-disabled="false"><span data-orientation="horizontal" class="relative rounded-(--ui-border-radius-pill) bg-(--ui-color-base-5) grow overflow-hidden h-[6px]"><span data-orientation="horizontal" style="left: 0%; right: 100%;" class="absolute rounded-(--ui-border-radius-pill) bg-(--b24ui-background) h-full"></span></span><span data-reka-collection-item="" class="rounded-(--ui-border-radius-pill) bg-(--ui-color-base-white-fixed) ring-2 outline-transparent focus-visible:outline-2 focus-visible:outline-offset-2 ring-(--b24ui-background) focus-visible:outline-(--b24ui-background-hover) size-[12px]" role="slider" tabindex="0" data-orientation="horizontal" aria-valuemin="0" aria-valuemax="100" aria-orientation="horizontal" style="transform: var(--reka-slider-thumb-transform); position: absolute; left: calc(0% + 0px);" aria-valuenow="0"></span>
<!--v-if--></span>"
`;
