// Vitest Snapshot v1, https://vitest.dev/guide/snapshot.html

exports[`Switch > renders with ariaLabel correctly 1`] = `
"<div class="relative flex items-start">
  <div class="flex items-center h-[20px]"><button aria-label="Aria label" class="cursor-pointer inline-flex items-center shrink-0 rounded-(--ui-border-radius-pill) outline-(--ui-color-background-transparent) focus-visible:outline-2 focus-visible:outline-offset-2 transition-[background] duration-200 border-2 border-(--ui-color-background-transparent) data-[state=unchecked]:bg-(--ui-color-base-5) data-[state=checked]:bg-(--b24ui-background) focus-visible:outline-(--b24ui-border-color) style-filled w-[36px]" id="v-0" role="switch" type="button" aria-checked="false" aria-required="false" data-state="unchecked" value="on"><span data-state="unchecked" class="group pointer-events-none flex items-center justify-center rounded-(--ui-border-radius-pill) bg-(--ui-color-base-white-fixed) shadow-lg ring-0 transition-transform duration-200 data-[state=unchecked]:translate-x-0 data-[state=unchecked]:rtl:-translate-x-0 size-[16px] data-[state=checked]:translate-x-4 data-[state=checked]:rtl:-translate-x-4"></span>
      <!--v-if-->
    </button></div>
  <!--v-if-->
</div>"
`;

exports[`Switch > renders with as correctly 1`] = `
"<section class="relative flex items-start">
  <div class="flex items-center h-[20px]"><button class="cursor-pointer inline-flex items-center shrink-0 rounded-(--ui-border-radius-pill) outline-(--ui-color-background-transparent) focus-visible:outline-2 focus-visible:outline-offset-2 transition-[background] duration-200 border-2 border-(--ui-color-background-transparent) data-[state=unchecked]:bg-(--ui-color-base-5) data-[state=checked]:bg-(--b24ui-background) focus-visible:outline-(--b24ui-border-color) style-filled w-[36px]" id="v-0" role="switch" type="button" aria-checked="false" aria-required="false" data-state="unchecked" value="on"><span data-state="unchecked" class="group pointer-events-none flex items-center justify-center rounded-(--ui-border-radius-pill) bg-(--ui-color-base-white-fixed) shadow-lg ring-0 transition-transform duration-200 data-[state=unchecked]:translate-x-0 data-[state=unchecked]:rtl:-translate-x-0 size-[16px] data-[state=checked]:translate-x-4 data-[state=checked]:rtl:-translate-x-4"></span>
      <!--v-if-->
    </button></div>
  <!--v-if-->
</section>"
`;

exports[`Switch > renders with b24ui correctly 1`] = `
"<div class="relative flex items-start">
  <div class="flex items-center h-[20px]"><button class="cursor-pointer inline-flex items-center shrink-0 rounded-(--ui-border-radius-pill) outline-(--ui-color-background-transparent) focus-visible:outline-2 focus-visible:outline-offset-2 transition-[background] duration-200 border-2 border-(--ui-color-background-transparent) data-[state=unchecked]:bg-(--ui-color-base-5) data-[state=checked]:bg-(--b24ui-background) focus-visible:outline-(--b24ui-border-color) style-filled w-[36px]" id="v-0" role="switch" type="button" aria-checked="false" aria-required="false" data-state="unchecked" value="on"><span data-state="unchecked" class="group pointer-events-none flex items-center justify-center rounded-(--ui-border-radius-pill) bg-(--ui-color-base-white-fixed) shadow-lg ring-0 transition-transform duration-200 data-[state=unchecked]:translate-x-0 data-[state=unchecked]:rtl:-translate-x-0 size-[16px] data-[state=checked]:translate-x-4 data-[state=checked]:rtl:-translate-x-4"></span>
      <!--v-if-->
    </button></div>
  <!--v-if-->
</div>"
`;

exports[`Switch > renders with checkedIcon correctly 1`] = `
"<div class="relative flex items-start">
  <div class="flex items-center h-[20px]"><button class="cursor-pointer inline-flex items-center shrink-0 rounded-(--ui-border-radius-pill) outline-(--ui-color-background-transparent) focus-visible:outline-2 focus-visible:outline-offset-2 transition-[background] duration-200 border-2 border-(--ui-color-background-transparent) data-[state=unchecked]:bg-(--ui-color-base-5) data-[state=checked]:bg-(--b24ui-background) focus-visible:outline-(--b24ui-border-color) style-filled w-[36px]" id="v-0" role="switch" type="button" aria-checked="true" aria-required="false" data-state="checked" value="on"><span data-state="checked" class="group pointer-events-none flex items-center justify-center rounded-(--ui-border-radius-pill) bg-(--ui-color-base-white-fixed) shadow-lg ring-0 transition-transform duration-200 data-[state=unchecked]:translate-x-0 data-[state=unchecked]:rtl:-translate-x-0 size-[16px] data-[state=checked]:translate-x-4 data-[state=checked]:rtl:-translate-x-4"><i-lucide-check class="absolute shrink-0 group-data-[state=unchecked]:text-(--ui-color-base-5) edge-dark:group-data-[state=unchecked]:text-(--ui-color-gray-60) opacity-0 p-0.5 size-full transition-[color,opacity] duration-200 group-data-[state=checked]:text-(--b24ui-background) group-data-[state=checked]:opacity-100"></i-lucide-check><!--v-if--></span>
      <!--v-if-->
    </button></div>
  <!--v-if-->
</div>"
`;

exports[`Switch > renders with class correctly 1`] = `
"<div class="relative items-start inline-flex">
  <div class="flex items-center h-[20px]"><button class="cursor-pointer inline-flex items-center shrink-0 rounded-(--ui-border-radius-pill) outline-(--ui-color-background-transparent) focus-visible:outline-2 focus-visible:outline-offset-2 transition-[background] duration-200 border-2 border-(--ui-color-background-transparent) data-[state=unchecked]:bg-(--ui-color-base-5) data-[state=checked]:bg-(--b24ui-background) focus-visible:outline-(--b24ui-border-color) style-filled w-[36px]" id="v-0" role="switch" type="button" aria-checked="false" aria-required="false" data-state="unchecked" value="on"><span data-state="unchecked" class="group pointer-events-none flex items-center justify-center rounded-(--ui-border-radius-pill) bg-(--ui-color-base-white-fixed) shadow-lg ring-0 transition-transform duration-200 data-[state=unchecked]:translate-x-0 data-[state=unchecked]:rtl:-translate-x-0 size-[16px] data-[state=checked]:translate-x-4 data-[state=checked]:rtl:-translate-x-4"></span>
      <!--v-if-->
    </button></div>
  <!--v-if-->
</div>"
`;

exports[`Switch > renders with color success correctly 1`] = `
"<div class="relative flex items-start">
  <div class="flex items-center h-[20px]"><button class="cursor-pointer inline-flex items-center shrink-0 rounded-(--ui-border-radius-pill) outline-(--ui-color-background-transparent) focus-visible:outline-2 focus-visible:outline-offset-2 transition-[background] duration-200 border-2 border-(--ui-color-background-transparent) data-[state=unchecked]:bg-(--ui-color-base-5) data-[state=checked]:bg-(--b24ui-background) focus-visible:outline-(--b24ui-border-color) style-old-success w-[36px]" id="v-0" role="switch" type="button" aria-checked="true" aria-required="false" data-state="checked" value="on"><span data-state="checked" class="group pointer-events-none flex items-center justify-center rounded-(--ui-border-radius-pill) bg-(--ui-color-base-white-fixed) shadow-lg ring-0 transition-transform duration-200 data-[state=unchecked]:translate-x-0 data-[state=unchecked]:rtl:-translate-x-0 size-[16px] data-[state=checked]:translate-x-4 data-[state=checked]:rtl:-translate-x-4"></span>
      <!--v-if-->
    </button></div>
  <!--v-if-->
</div>"
`;

exports[`Switch > renders with defaultValue correctly 1`] = `
"<div class="relative flex items-start">
  <div class="flex items-center h-[20px]"><button class="cursor-pointer inline-flex items-center shrink-0 rounded-(--ui-border-radius-pill) outline-(--ui-color-background-transparent) focus-visible:outline-2 focus-visible:outline-offset-2 transition-[background] duration-200 border-2 border-(--ui-color-background-transparent) data-[state=unchecked]:bg-(--ui-color-base-5) data-[state=checked]:bg-(--b24ui-background) focus-visible:outline-(--b24ui-border-color) style-filled w-[36px]" id="v-0" role="switch" type="button" aria-checked="true" aria-required="false" data-state="checked" value="on"><span data-state="checked" class="group pointer-events-none flex items-center justify-center rounded-(--ui-border-radius-pill) bg-(--ui-color-base-white-fixed) shadow-lg ring-0 transition-transform duration-200 data-[state=unchecked]:translate-x-0 data-[state=unchecked]:rtl:-translate-x-0 size-[16px] data-[state=checked]:translate-x-4 data-[state=checked]:rtl:-translate-x-4"></span>
      <!--v-if-->
    </button></div>
  <!--v-if-->
</div>"
`;

exports[`Switch > renders with description correctly 1`] = `
"<div class="relative flex items-start">
  <div class="flex items-center h-[20px]"><button class="cursor-pointer inline-flex items-center shrink-0 rounded-(--ui-border-radius-pill) outline-(--ui-color-background-transparent) focus-visible:outline-2 focus-visible:outline-offset-2 transition-[background] duration-200 border-2 border-(--ui-color-background-transparent) data-[state=unchecked]:bg-(--ui-color-base-5) data-[state=checked]:bg-(--b24ui-background) focus-visible:outline-(--b24ui-border-color) style-filled w-[36px]" id="v-0" role="switch" type="button" aria-checked="false" aria-required="false" data-state="unchecked" value="on"><span data-state="unchecked" class="group pointer-events-none flex items-center justify-center rounded-(--ui-border-radius-pill) bg-(--ui-color-base-white-fixed) shadow-lg ring-0 transition-transform duration-200 data-[state=unchecked]:translate-x-0 data-[state=unchecked]:rtl:-translate-x-0 size-[16px] data-[state=checked]:translate-x-4 data-[state=checked]:rtl:-translate-x-4"></span>
      <!--v-if-->
    </button></div>
  <div class="font-[family-name:var(--ui-font-family-primary)] font-(--ui-font-weight-regular) ms-2 text-(length:--ui-font-size-md)"><label for="v-0" class="cursor-pointer block text-(--b24ui-typography-label-color) leading-[20px]">Label</label>
    <p class="text-(--b24ui-typography-description-color)">Description</p>
  </div>
</div>"
`;

exports[`Switch > renders with description slot correctly 1`] = `
"<div class="relative flex items-start">
  <div class="flex items-center h-[20px]"><button class="cursor-pointer inline-flex items-center shrink-0 rounded-(--ui-border-radius-pill) outline-(--ui-color-background-transparent) focus-visible:outline-2 focus-visible:outline-offset-2 transition-[background] duration-200 border-2 border-(--ui-color-background-transparent) data-[state=unchecked]:bg-(--ui-color-base-5) data-[state=checked]:bg-(--b24ui-background) focus-visible:outline-(--b24ui-border-color) style-filled w-[36px]" id="v-0" role="switch" type="button" aria-checked="false" aria-required="false" data-state="unchecked" value="on"><span data-state="unchecked" class="group pointer-events-none flex items-center justify-center rounded-(--ui-border-radius-pill) bg-(--ui-color-base-white-fixed) shadow-lg ring-0 transition-transform duration-200 data-[state=unchecked]:translate-x-0 data-[state=unchecked]:rtl:-translate-x-0 size-[16px] data-[state=checked]:translate-x-4 data-[state=checked]:rtl:-translate-x-4"></span>
      <!--v-if-->
    </button></div>
  <div class="font-[family-name:var(--ui-font-family-primary)] font-(--ui-font-weight-regular) ms-2 text-(length:--ui-font-size-md)"><label for="v-0" class="cursor-pointer block text-(--b24ui-typography-label-color) leading-[20px]">Description slot</label>
    <!--v-if-->
  </div>
</div>"
`;

exports[`Switch > renders with disabled correctly 1`] = `
"<div class="relative flex items-start">
  <div class="flex items-center h-[20px]"><button class="inline-flex items-center shrink-0 rounded-(--ui-border-radius-pill) outline-(--ui-color-background-transparent) focus-visible:outline-2 focus-visible:outline-offset-2 transition-[background] duration-200 border-2 border-(--ui-color-background-transparent) data-[state=unchecked]:bg-(--ui-color-base-5) data-[state=checked]:bg-(--b24ui-background) focus-visible:outline-(--b24ui-border-color) style-filled w-[36px] cursor-not-allowed opacity-30" id="v-0" role="switch" type="button" aria-checked="false" aria-required="false" data-state="unchecked" data-disabled="" disabled="" value="on"><span data-state="unchecked" data-disabled="" class="group pointer-events-none flex items-center justify-center rounded-(--ui-border-radius-pill) bg-(--ui-color-base-white-fixed) shadow-lg ring-0 transition-transform duration-200 data-[state=unchecked]:translate-x-0 data-[state=unchecked]:rtl:-translate-x-0 size-[16px] data-[state=checked]:translate-x-4 data-[state=checked]:rtl:-translate-x-4"></span>
      <!--v-if-->
    </button></div>
  <!--v-if-->
</div>"
`;

exports[`Switch > renders with id correctly 1`] = `
"<div class="relative flex items-start">
  <div class="flex items-center h-[20px]"><button class="cursor-pointer inline-flex items-center shrink-0 rounded-(--ui-border-radius-pill) outline-(--ui-color-background-transparent) focus-visible:outline-2 focus-visible:outline-offset-2 transition-[background] duration-200 border-2 border-(--ui-color-background-transparent) data-[state=unchecked]:bg-(--ui-color-base-5) data-[state=checked]:bg-(--b24ui-background) focus-visible:outline-(--b24ui-border-color) style-filled w-[36px]" id="id" role="switch" type="button" aria-checked="false" aria-required="false" data-state="unchecked" value="on"><span data-state="unchecked" class="group pointer-events-none flex items-center justify-center rounded-(--ui-border-radius-pill) bg-(--ui-color-base-white-fixed) shadow-lg ring-0 transition-transform duration-200 data-[state=unchecked]:translate-x-0 data-[state=unchecked]:rtl:-translate-x-0 size-[16px] data-[state=checked]:translate-x-4 data-[state=checked]:rtl:-translate-x-4"></span>
      <!--v-if-->
    </button></div>
  <!--v-if-->
</div>"
`;

exports[`Switch > renders with label correctly 1`] = `
"<div class="relative flex items-start">
  <div class="flex items-center h-[20px]"><button class="cursor-pointer inline-flex items-center shrink-0 rounded-(--ui-border-radius-pill) outline-(--ui-color-background-transparent) focus-visible:outline-2 focus-visible:outline-offset-2 transition-[background] duration-200 border-2 border-(--ui-color-background-transparent) data-[state=unchecked]:bg-(--ui-color-base-5) data-[state=checked]:bg-(--b24ui-background) focus-visible:outline-(--b24ui-border-color) style-filled w-[36px]" id="v-0" role="switch" type="button" aria-checked="false" aria-required="false" data-state="unchecked" value="on"><span data-state="unchecked" class="group pointer-events-none flex items-center justify-center rounded-(--ui-border-radius-pill) bg-(--ui-color-base-white-fixed) shadow-lg ring-0 transition-transform duration-200 data-[state=unchecked]:translate-x-0 data-[state=unchecked]:rtl:-translate-x-0 size-[16px] data-[state=checked]:translate-x-4 data-[state=checked]:rtl:-translate-x-4"></span>
      <!--v-if-->
    </button></div>
  <div class="font-[family-name:var(--ui-font-family-primary)] font-(--ui-font-weight-regular) ms-2 text-(length:--ui-font-size-md)"><label for="v-0" class="cursor-pointer block text-(--b24ui-typography-label-color) leading-[20px]">Label</label>
    <!--v-if-->
  </div>
</div>"
`;

exports[`Switch > renders with label slot correctly 1`] = `
"<div class="relative flex items-start">
  <div class="flex items-center h-[20px]"><button class="cursor-pointer inline-flex items-center shrink-0 rounded-(--ui-border-radius-pill) outline-(--ui-color-background-transparent) focus-visible:outline-2 focus-visible:outline-offset-2 transition-[background] duration-200 border-2 border-(--ui-color-background-transparent) data-[state=unchecked]:bg-(--ui-color-base-5) data-[state=checked]:bg-(--b24ui-background) focus-visible:outline-(--b24ui-border-color) style-filled w-[36px]" id="v-0" role="switch" type="button" aria-checked="false" aria-required="false" data-state="unchecked" value="on"><span data-state="unchecked" class="group pointer-events-none flex items-center justify-center rounded-(--ui-border-radius-pill) bg-(--ui-color-base-white-fixed) shadow-lg ring-0 transition-transform duration-200 data-[state=unchecked]:translate-x-0 data-[state=unchecked]:rtl:-translate-x-0 size-[16px] data-[state=checked]:translate-x-4 data-[state=checked]:rtl:-translate-x-4"></span>
      <!--v-if-->
    </button></div>
  <div class="font-[family-name:var(--ui-font-family-primary)] font-(--ui-font-weight-regular) ms-2 text-(length:--ui-font-size-md)"><label for="v-0" class="cursor-pointer block text-(--b24ui-typography-label-color) leading-[20px]">Label slot</label>
    <!--v-if-->
  </div>
</div>"
`;

exports[`Switch > renders with loading correctly 1`] = `
"<div class="relative flex items-start">
  <div class="flex items-center h-[20px]"><button class="inline-flex items-center shrink-0 rounded-(--ui-border-radius-pill) outline-(--ui-color-background-transparent) focus-visible:outline-2 focus-visible:outline-offset-2 transition-[background] duration-200 border-2 border-(--ui-color-background-transparent) data-[state=unchecked]:bg-(--ui-color-base-5) data-[state=checked]:bg-(--b24ui-background) focus-visible:outline-(--b24ui-border-color) style-filled w-[36px] cursor-not-allowed opacity-30" id="v-0" role="switch" type="button" aria-checked="false" aria-required="false" data-state="unchecked" data-disabled="" disabled="" value="on"><span data-state="unchecked" data-disabled="" class="group pointer-events-none flex items-center justify-center rounded-(--ui-border-radius-pill) bg-(--ui-color-base-white-fixed) shadow-lg ring-0 transition-transform duration-200 data-[state=unchecked]:translate-x-0 data-[state=unchecked]:rtl:-translate-x-0 size-[16px] data-[state=checked]:translate-x-4 data-[state=checked]:rtl:-translate-x-4"><svg xmlns="http://www.w3.org/2000/svg" fill="none" viewBox="0 0 24 24" aria-hidden="true" data-slot="icon" class="absolute shrink-0 group-data-[state=unchecked]:text-(--ui-color-base-5) edge-dark:group-data-[state=unchecked]:text-(--ui-color-gray-60) opacity-0 p-0.5 size-full transition-[color,opacity] duration-200 group-data-[state=checked]:text-(--b24ui-background) group-data-[state=checked]:opacity-100 group-data-[state=unchecked]:opacity-100 animate-spin"><path fill="currentColor" fill-rule="evenodd" d="m9.81 14.148-1.708 1.707a5.486 5.486 0 0 0 8.903-1.6l2.405.901a8.05 8.05 0 0 1-13.12 2.512l-1.618 1.618v-5.139zm2.194-10.196c2.218 0 4.225.897 5.68 2.347L19.3 4.685v5.14h-5.14l1.714-1.713a5.487 5.487 0 0 0-9.186 2.538L4.25 9.84a8.05 8.05 0 0 1 7.755-5.888" clip-rule="evenodd"></path></svg></span>
      <!--v-if-->
    </button></div>
  <!--v-if-->
</div>"
`;

exports[`Switch > renders with loadingIcon correctly 1`] = `
"<div class="relative flex items-start">
  <div class="flex items-center h-[20px]"><button class="inline-flex items-center shrink-0 rounded-(--ui-border-radius-pill) outline-(--ui-color-background-transparent) focus-visible:outline-2 focus-visible:outline-offset-2 transition-[background] duration-200 border-2 border-(--ui-color-background-transparent) data-[state=unchecked]:bg-(--ui-color-base-5) data-[state=checked]:bg-(--b24ui-background) focus-visible:outline-(--b24ui-border-color) style-filled w-[36px] cursor-not-allowed opacity-30" id="v-0" role="switch" type="button" aria-checked="false" aria-required="false" data-state="unchecked" data-disabled="" disabled="" value="on"><span data-state="unchecked" data-disabled="" class="group pointer-events-none flex items-center justify-center rounded-(--ui-border-radius-pill) bg-(--ui-color-base-white-fixed) shadow-lg ring-0 transition-transform duration-200 data-[state=unchecked]:translate-x-0 data-[state=unchecked]:rtl:-translate-x-0 size-[16px] data-[state=checked]:translate-x-4 data-[state=checked]:rtl:-translate-x-4"><i-lucide-sparkles class="absolute shrink-0 group-data-[state=unchecked]:text-(--ui-color-base-5) edge-dark:group-data-[state=unchecked]:text-(--ui-color-gray-60) opacity-0 p-0.5 size-full transition-[color,opacity] duration-200 group-data-[state=checked]:text-(--b24ui-background) group-data-[state=checked]:opacity-100 group-data-[state=unchecked]:opacity-100 animate-spin"></i-lucide-sparkles></span>
      <!--v-if-->
    </button></div>
  <!--v-if-->
</div>"
`;

exports[`Switch > renders with modelValue correctly 1`] = `
"<div class="relative flex items-start">
  <div class="flex items-center h-[20px]"><button class="cursor-pointer inline-flex items-center shrink-0 rounded-(--ui-border-radius-pill) outline-(--ui-color-background-transparent) focus-visible:outline-2 focus-visible:outline-offset-2 transition-[background] duration-200 border-2 border-(--ui-color-background-transparent) data-[state=unchecked]:bg-(--ui-color-base-5) data-[state=checked]:bg-(--b24ui-background) focus-visible:outline-(--b24ui-border-color) style-filled w-[36px]" id="v-0" role="switch" type="button" aria-checked="true" aria-required="false" data-state="checked" value="on"><span data-state="checked" class="group pointer-events-none flex items-center justify-center rounded-(--ui-border-radius-pill) bg-(--ui-color-base-white-fixed) shadow-lg ring-0 transition-transform duration-200 data-[state=unchecked]:translate-x-0 data-[state=unchecked]:rtl:-translate-x-0 size-[16px] data-[state=checked]:translate-x-4 data-[state=checked]:rtl:-translate-x-4"></span>
      <!--v-if-->
    </button></div>
  <!--v-if-->
</div>"
`;

exports[`Switch > renders with name correctly 1`] = `
"<div class="relative flex items-start">
  <div class="flex items-center h-[20px]"><button class="cursor-pointer inline-flex items-center shrink-0 rounded-(--ui-border-radius-pill) outline-(--ui-color-background-transparent) focus-visible:outline-2 focus-visible:outline-offset-2 transition-[background] duration-200 border-2 border-(--ui-color-background-transparent) data-[state=unchecked]:bg-(--ui-color-base-5) data-[state=checked]:bg-(--b24ui-background) focus-visible:outline-(--b24ui-border-color) style-filled w-[36px]" id="v-0" role="switch" type="button" aria-checked="false" aria-required="false" data-state="unchecked" value="on"><span data-state="unchecked" class="group pointer-events-none flex items-center justify-center rounded-(--ui-border-radius-pill) bg-(--ui-color-base-white-fixed) shadow-lg ring-0 transition-transform duration-200 data-[state=unchecked]:translate-x-0 data-[state=unchecked]:rtl:-translate-x-0 size-[16px] data-[state=checked]:translate-x-4 data-[state=checked]:rtl:-translate-x-4"></span>
      <!--v-if-->
    </button></div>
  <!--v-if-->
</div>"
`;

exports[`Switch > renders with required correctly 1`] = `
"<div class="relative flex items-start">
  <div class="flex items-center h-[20px]"><button class="cursor-pointer inline-flex items-center shrink-0 rounded-(--ui-border-radius-pill) outline-(--ui-color-background-transparent) focus-visible:outline-2 focus-visible:outline-offset-2 transition-[background] duration-200 border-2 border-(--ui-color-background-transparent) data-[state=unchecked]:bg-(--ui-color-base-5) data-[state=checked]:bg-(--b24ui-background) focus-visible:outline-(--b24ui-border-color) style-filled w-[36px]" id="v-0" role="switch" type="button" aria-checked="false" aria-required="true" data-state="unchecked" value="on"><span data-state="unchecked" class="group pointer-events-none flex items-center justify-center rounded-(--ui-border-radius-pill) bg-(--ui-color-base-white-fixed) shadow-lg ring-0 transition-transform duration-200 data-[state=unchecked]:translate-x-0 data-[state=unchecked]:rtl:-translate-x-0 size-[16px] data-[state=checked]:translate-x-4 data-[state=checked]:rtl:-translate-x-4"></span>
      <!--v-if-->
    </button></div>
  <div class="font-[family-name:var(--ui-font-family-primary)] font-(--ui-font-weight-regular) ms-2 text-(length:--ui-font-size-md)"><label for="v-0" class="cursor-pointer block text-(--b24ui-typography-label-color) leading-[20px] after:content-['*'] after:ms-0.5 after:text-(--ui-color-accent-main-alert)">Label</label>
    <!--v-if-->
  </div>
</div>"
`;

exports[`Switch > renders with size lg correctly 1`] = `
"<div class="relative flex items-start">
  <div class="flex items-center h-[20px]"><button class="cursor-pointer inline-flex items-center shrink-0 rounded-(--ui-border-radius-pill) outline-(--ui-color-background-transparent) focus-visible:outline-2 focus-visible:outline-offset-2 transition-[background] duration-200 border-2 border-(--ui-color-background-transparent) data-[state=unchecked]:bg-(--ui-color-base-5) data-[state=checked]:bg-(--b24ui-background) focus-visible:outline-(--b24ui-border-color) style-filled w-[40px]" id="v-0" role="switch" type="button" aria-checked="false" aria-required="false" data-state="unchecked" value="on"><span data-state="unchecked" class="group pointer-events-none flex items-center justify-center rounded-(--ui-border-radius-pill) bg-(--ui-color-base-white-fixed) shadow-lg ring-0 transition-transform duration-200 data-[state=unchecked]:translate-x-0 data-[state=unchecked]:rtl:-translate-x-0 size-[20px] data-[state=checked]:translate-x-4 data-[state=checked]:rtl:-translate-x-4"></span>
      <!--v-if-->
    </button></div>
  <!--v-if-->
</div>"
`;

exports[`Switch > renders with size md correctly 1`] = `
"<div class="relative flex items-start">
  <div class="flex items-center h-[20px]"><button class="cursor-pointer inline-flex items-center shrink-0 rounded-(--ui-border-radius-pill) outline-(--ui-color-background-transparent) focus-visible:outline-2 focus-visible:outline-offset-2 transition-[background] duration-200 border-2 border-(--ui-color-background-transparent) data-[state=unchecked]:bg-(--ui-color-base-5) data-[state=checked]:bg-(--b24ui-background) focus-visible:outline-(--b24ui-border-color) style-filled w-[36px]" id="v-0" role="switch" type="button" aria-checked="false" aria-required="false" data-state="unchecked" value="on"><span data-state="unchecked" class="group pointer-events-none flex items-center justify-center rounded-(--ui-border-radius-pill) bg-(--ui-color-base-white-fixed) shadow-lg ring-0 transition-transform duration-200 data-[state=unchecked]:translate-x-0 data-[state=unchecked]:rtl:-translate-x-0 size-[16px] data-[state=checked]:translate-x-4 data-[state=checked]:rtl:-translate-x-4"></span>
      <!--v-if-->
    </button></div>
  <!--v-if-->
</div>"
`;

exports[`Switch > renders with size sm correctly 1`] = `
"<div class="relative flex items-start">
  <div class="flex items-center h-[16px]"><button class="cursor-pointer inline-flex items-center shrink-0 rounded-(--ui-border-radius-pill) outline-(--ui-color-background-transparent) focus-visible:outline-2 focus-visible:outline-offset-2 transition-[background] duration-200 border-2 border-(--ui-color-background-transparent) data-[state=unchecked]:bg-(--ui-color-base-5) data-[state=checked]:bg-(--b24ui-background) focus-visible:outline-(--b24ui-border-color) style-filled w-[32px]" id="v-0" role="switch" type="button" aria-checked="false" aria-required="false" data-state="unchecked" value="on"><span data-state="unchecked" class="group pointer-events-none flex items-center justify-center rounded-(--ui-border-radius-pill) bg-(--ui-color-base-white-fixed) shadow-lg ring-0 transition-transform duration-200 data-[state=unchecked]:translate-x-0 data-[state=unchecked]:rtl:-translate-x-0 size-[14px] data-[state=checked]:translate-x-3.5 data-[state=checked]:rtl:-translate-x-3.5"></span>
      <!--v-if-->
    </button></div>
  <!--v-if-->
</div>"
`;

exports[`Switch > renders with size xs correctly 1`] = `
"<div class="relative flex items-start">
  <div class="flex items-center h-[16px]"><button class="cursor-pointer inline-flex items-center shrink-0 rounded-(--ui-border-radius-pill) outline-(--ui-color-background-transparent) focus-visible:outline-2 focus-visible:outline-offset-2 transition-[background] duration-200 border-2 border-(--ui-color-background-transparent) data-[state=unchecked]:bg-(--ui-color-base-5) data-[state=checked]:bg-(--b24ui-background) focus-visible:outline-(--b24ui-border-color) style-filled w-[28px]" id="v-0" role="switch" type="button" aria-checked="false" aria-required="false" data-state="unchecked" value="on"><span data-state="unchecked" class="group pointer-events-none flex items-center justify-center rounded-(--ui-border-radius-pill) bg-(--ui-color-base-white-fixed) shadow-lg ring-0 transition-transform duration-200 data-[state=unchecked]:translate-x-0 data-[state=unchecked]:rtl:-translate-x-0 size-[12px] data-[state=checked]:translate-x-3 data-[state=checked]:rtl:-translate-x-3"></span>
      <!--v-if-->
    </button></div>
  <!--v-if-->
</div>"
`;

exports[`Switch > renders with uncheckedIcon correctly 1`] = `
"<div class="relative flex items-start">
  <div class="flex items-center h-[20px]"><button class="cursor-pointer inline-flex items-center shrink-0 rounded-(--ui-border-radius-pill) outline-(--ui-color-background-transparent) focus-visible:outline-2 focus-visible:outline-offset-2 transition-[background] duration-200 border-2 border-(--ui-color-background-transparent) data-[state=unchecked]:bg-(--ui-color-base-5) data-[state=checked]:bg-(--b24ui-background) focus-visible:outline-(--b24ui-border-color) style-filled w-[36px]" id="v-0" role="switch" type="button" aria-checked="false" aria-required="false" data-state="unchecked" value="on"><span data-state="unchecked" class="group pointer-events-none flex items-center justify-center rounded-(--ui-border-radius-pill) bg-(--ui-color-base-white-fixed) shadow-lg ring-0 transition-transform duration-200 data-[state=unchecked]:translate-x-0 data-[state=unchecked]:rtl:-translate-x-0 size-[16px] data-[state=checked]:translate-x-4 data-[state=checked]:rtl:-translate-x-4"><!--v-if--><i-lucide-x class="absolute shrink-0 group-data-[state=unchecked]:text-(--ui-color-base-5) edge-dark:group-data-[state=unchecked]:text-(--ui-color-gray-60) opacity-0 p-0.5 size-full transition-[color,opacity] duration-200 group-data-[state=checked]:text-(--b24ui-background) group-data-[state=unchecked]:opacity-100"></i-lucide-x></span>
      <!--v-if-->
    </button></div>
  <!--v-if-->
</div>"
`;

exports[`Switch > renders with value correctly 1`] = `
"<div class="relative flex items-start">
  <div class="flex items-center h-[20px]"><button class="cursor-pointer inline-flex items-center shrink-0 rounded-(--ui-border-radius-pill) outline-(--ui-color-background-transparent) focus-visible:outline-2 focus-visible:outline-offset-2 transition-[background] duration-200 border-2 border-(--ui-color-background-transparent) data-[state=unchecked]:bg-(--ui-color-base-5) data-[state=checked]:bg-(--b24ui-background) focus-visible:outline-(--b24ui-border-color) style-filled w-[36px]" id="v-0" role="switch" type="button" aria-checked="false" aria-required="false" data-state="unchecked" value="value"><span data-state="unchecked" class="group pointer-events-none flex items-center justify-center rounded-(--ui-border-radius-pill) bg-(--ui-color-base-white-fixed) shadow-lg ring-0 transition-transform duration-200 data-[state=unchecked]:translate-x-0 data-[state=unchecked]:rtl:-translate-x-0 size-[16px] data-[state=checked]:translate-x-4 data-[state=checked]:rtl:-translate-x-4"></span>
      <!--v-if-->
    </button></div>
  <!--v-if-->
</div>"
`;
