// Vitest Snapshot v1, https://vitest.dev/guide/snapshot.html

exports[`Tooltip > renders with arrow correctly 1`] = `
"<!--v-if-->
<!--teleport start-->


<div data-reka-popper-content-wrapper="" style="position: fixed; left: 0px; top: 0px; transform: translate(0, -200%); min-width: max-content;">
  <div data-dismissable-layer="" style="--reka-tooltip-content-transform-origin: var(--reka-popper-transform-origin); --reka-tooltip-content-available-width: var(--reka-popper-available-width); --reka-tooltip-content-available-height: var(--reka-popper-available-height); --reka-tooltip-trigger-width: var(--reka-popper-anchor-width); --reka-tooltip-trigger-height: var(--reka-popper-anchor-height); animation: none;" class="dark flex flex-row items-center justify-between gap-[5px] will-change-[opacity] min-h-[37px] shadow-xl/20 select-none motion-safe:data-[state=delayed-open]:animate-[scale-in_100ms_ease-out] motion-safe:data-[state=closed]:animate-[scale-out_100ms_ease-in] p-[10px] text-(length:--ui-font-size-sm)/(--ui-font-line-height-reset) font-[family-name:var(--ui-font-family-primary)] bg-(--ui-color-bg-content-primary)/80 text-(--ui-color-design-plain-na-focused-content) rounded-[calc(var(--popup-window-border-radius)-2px)] origin-(--reka-tooltip-content-transform-origin) pointer-events-auto" data-state="instant-open" data-side="bottom" data-align="center"><span class="text-pretty max-w-[200px] min-w-[100px]">Tooltip</span>
    <!--v-if--><span style="position: absolute; top: 0px; transform-origin: center 0; transform: rotate(180deg); visibility: hidden;"><svg width="12" height="7" rounded="false" viewBox="0 0 12 6" preserveAspectRatio="none" class="fill-(--ui-color-bg-content-primary)/80" style="display: block;"><path d="M0 0L6 6L12 0"></path></svg></span><span aria-hidden="true" style="position: absolute; border: 0px; width: 1px; height: 1px; padding: 0px; margin: -1px; overflow: hidden; clip: rect(0, 0, 0, 0); clip-path: inset(50%); white-space: nowrap; word-wrap: normal;" id="" role="tooltip">Tooltip</span>
  </div>
</div>


<!--teleport end-->"
`;

exports[`Tooltip > renders with b24ui correctly 1`] = `
"<!--v-if-->
<!--teleport start-->


<div data-reka-popper-content-wrapper="" style="position: fixed; left: 0px; top: 0px; transform: translate(0, -200%); min-width: max-content;">
  <div data-dismissable-layer="" style="--reka-tooltip-content-transform-origin: var(--reka-popper-transform-origin); --reka-tooltip-content-available-width: var(--reka-popper-available-width); --reka-tooltip-content-available-height: var(--reka-popper-available-height); --reka-tooltip-trigger-width: var(--reka-popper-anchor-width); --reka-tooltip-trigger-height: var(--reka-popper-anchor-height); animation: none;" class="dark flex flex-row items-center justify-between gap-[5px] will-change-[opacity] min-h-[37px] shadow-xl/20 select-none motion-safe:data-[state=delayed-open]:animate-[scale-in_100ms_ease-out] motion-safe:data-[state=closed]:animate-[scale-out_100ms_ease-in] p-[10px] font-[family-name:var(--ui-font-family-primary)] bg-(--ui-color-bg-content-primary)/80 text-(--ui-color-design-plain-na-focused-content) rounded-[calc(var(--popup-window-border-radius)-2px)] origin-(--reka-tooltip-content-transform-origin) pointer-events-auto text-(length:--ui-font-size-sm)" data-state="instant-open" data-side="bottom" data-align="center"><span class="text-pretty max-w-[200px] min-w-[100px]">Tooltip</span>
    <!--v-if--><span style="position: absolute; top: 0px; transform-origin: center 0; transform: rotate(180deg); visibility: hidden;"><svg width="12" height="7" rounded="false" viewBox="0 0 12 6" preserveAspectRatio="none" class="fill-(--ui-color-bg-content-primary)/80" style="display: block;"><path d="M0 0L6 6L12 0"></path></svg></span><span aria-hidden="true" style="position: absolute; border: 0px; width: 1px; height: 1px; padding: 0px; margin: -1px; overflow: hidden; clip: rect(0, 0, 0, 0); clip-path: inset(50%); white-space: nowrap; word-wrap: normal;" id="" role="tooltip">Tooltip</span>
  </div>
</div>


<!--teleport end-->"
`;

exports[`Tooltip > renders with class correctly 1`] = `
"<!--v-if-->
<!--teleport start-->


<div data-reka-popper-content-wrapper="" style="position: fixed; left: 0px; top: 0px; transform: translate(0, -200%); min-width: max-content;">
  <div data-dismissable-layer="" style="--reka-tooltip-content-transform-origin: var(--reka-popper-transform-origin); --reka-tooltip-content-available-width: var(--reka-popper-available-width); --reka-tooltip-content-available-height: var(--reka-popper-available-height); --reka-tooltip-trigger-width: var(--reka-popper-anchor-width); --reka-tooltip-trigger-height: var(--reka-popper-anchor-height); animation: none;" class="dark flex flex-row items-center justify-between gap-[5px] will-change-[opacity] min-h-[37px] shadow-xl/20 select-none motion-safe:data-[state=delayed-open]:animate-[scale-in_100ms_ease-out] motion-safe:data-[state=closed]:animate-[scale-out_100ms_ease-in] p-[10px] font-[family-name:var(--ui-font-family-primary)] bg-(--ui-color-bg-content-primary)/80 text-(--ui-color-design-plain-na-focused-content) rounded-[calc(var(--popup-window-border-radius)-2px)] origin-(--reka-tooltip-content-transform-origin) pointer-events-auto text-(length:--ui-font-size-sm)" data-state="instant-open" data-side="bottom" data-align="center"><span class="text-pretty max-w-[200px] min-w-[100px]">Tooltip</span>
    <!--v-if--><span style="position: absolute; top: 0px; transform-origin: center 0; transform: rotate(180deg); visibility: hidden;"><svg width="12" height="7" rounded="false" viewBox="0 0 12 6" preserveAspectRatio="none" class="fill-(--ui-color-bg-content-primary)/80" style="display: block;"><path d="M0 0L6 6L12 0"></path></svg></span><span aria-hidden="true" style="position: absolute; border: 0px; width: 1px; height: 1px; padding: 0px; margin: -1px; overflow: hidden; clip: rect(0, 0, 0, 0); clip-path: inset(50%); white-space: nowrap; word-wrap: normal;" id="" role="tooltip">Tooltip</span>
  </div>
</div>


<!--teleport end-->"
`;

exports[`Tooltip > renders with content slot correctly 1`] = `
"<!--v-if-->
<!--teleport start-->


<div data-reka-popper-content-wrapper="" style="position: fixed; left: 0px; top: 0px; transform: translate(0, -200%); min-width: max-content;">
  <div data-dismissable-layer="" style="--reka-tooltip-content-transform-origin: var(--reka-popper-transform-origin); --reka-tooltip-content-available-width: var(--reka-popper-available-width); --reka-tooltip-content-available-height: var(--reka-popper-available-height); --reka-tooltip-trigger-width: var(--reka-popper-anchor-width); --reka-tooltip-trigger-height: var(--reka-popper-anchor-height); animation: none;" class="dark flex flex-row items-center justify-between gap-[5px] will-change-[opacity] min-h-[37px] shadow-xl/20 select-none motion-safe:data-[state=delayed-open]:animate-[scale-in_100ms_ease-out] motion-safe:data-[state=closed]:animate-[scale-out_100ms_ease-in] p-[10px] text-(length:--ui-font-size-sm)/(--ui-font-line-height-reset) font-[family-name:var(--ui-font-family-primary)] bg-(--ui-color-bg-content-primary)/80 text-(--ui-color-design-plain-na-focused-content) rounded-[calc(var(--popup-window-border-radius)-2px)] origin-(--reka-tooltip-content-transform-origin) pointer-events-auto" data-state="instant-open" data-side="bottom" data-align="center">Content slot<span style="position: absolute; top: 0px; transform-origin: center 0; transform: rotate(180deg); visibility: hidden;"><svg width="12" height="7" rounded="false" viewBox="0 0 12 6" preserveAspectRatio="none" class="fill-(--ui-color-bg-content-primary)/80" style="display: block;"><path d="M0 0L6 6L12 0"></path></svg></span><span aria-hidden="true" style="position: absolute; border: 0px; width: 1px; height: 1px; padding: 0px; margin: -1px; overflow: hidden; clip: rect(0, 0, 0, 0); clip-path: inset(50%); white-space: nowrap; word-wrap: normal;" id="" role="tooltip">Content slot</span></div>
</div>


<!--teleport end-->"
`;

exports[`Tooltip > renders with default slot correctly 1`] = `
"Default slot
<!--teleport start-->


<div data-reka-popper-content-wrapper="" style="position: fixed; left: 0px; top: 0px; transform: translate(0, -200%); min-width: max-content;">
  <div data-dismissable-layer="" style="--reka-tooltip-content-transform-origin: var(--reka-popper-transform-origin); --reka-tooltip-content-available-width: var(--reka-popper-available-width); --reka-tooltip-content-available-height: var(--reka-popper-available-height); --reka-tooltip-trigger-width: var(--reka-popper-anchor-width); --reka-tooltip-trigger-height: var(--reka-popper-anchor-height); animation: none;" class="dark flex flex-row items-center justify-between gap-[5px] will-change-[opacity] min-h-[37px] shadow-xl/20 select-none motion-safe:data-[state=delayed-open]:animate-[scale-in_100ms_ease-out] motion-safe:data-[state=closed]:animate-[scale-out_100ms_ease-in] p-[10px] text-(length:--ui-font-size-sm)/(--ui-font-line-height-reset) font-[family-name:var(--ui-font-family-primary)] bg-(--ui-color-bg-content-primary)/80 text-(--ui-color-design-plain-na-focused-content) rounded-[calc(var(--popup-window-border-radius)-2px)] origin-(--reka-tooltip-content-transform-origin) pointer-events-auto" data-state="instant-open" data-side="bottom" data-align="center"><span class="text-pretty max-w-[200px] min-w-[100px]">Tooltip</span>
    <!--v-if--><span style="position: absolute; top: 0px; transform-origin: center 0; transform: rotate(180deg); visibility: hidden;"><svg width="12" height="7" rounded="false" viewBox="0 0 12 6" preserveAspectRatio="none" class="fill-(--ui-color-bg-content-primary)/80" style="display: block;"><path d="M0 0L6 6L12 0"></path></svg></span><span aria-hidden="true" style="position: absolute; border: 0px; width: 1px; height: 1px; padding: 0px; margin: -1px; overflow: hidden; clip: rect(0, 0, 0, 0); clip-path: inset(50%); white-space: nowrap; word-wrap: normal;" id="reka-tooltip-content-v-0" role="tooltip">Tooltip</span>
  </div>
</div>


<!--teleport end-->"
`;

exports[`Tooltip > renders with kbds correctly 1`] = `
"<!--v-if-->
<!--teleport start-->


<div data-reka-popper-content-wrapper="" style="position: fixed; left: 0px; top: 0px; transform: translate(0, -200%); min-width: max-content;">
  <div data-dismissable-layer="" style="--reka-tooltip-content-transform-origin: var(--reka-popper-transform-origin); --reka-tooltip-content-available-width: var(--reka-popper-available-width); --reka-tooltip-content-available-height: var(--reka-popper-available-height); --reka-tooltip-trigger-width: var(--reka-popper-anchor-width); --reka-tooltip-trigger-height: var(--reka-popper-anchor-height); animation: none;" class="dark flex flex-row items-center justify-between gap-[5px] will-change-[opacity] min-h-[37px] shadow-xl/20 select-none motion-safe:data-[state=delayed-open]:animate-[scale-in_100ms_ease-out] motion-safe:data-[state=closed]:animate-[scale-out_100ms_ease-in] p-[10px] text-(length:--ui-font-size-sm)/(--ui-font-line-height-reset) font-[family-name:var(--ui-font-family-primary)] bg-(--ui-color-bg-content-primary)/80 text-(--ui-color-design-plain-na-focused-content) rounded-[calc(var(--popup-window-border-radius)-2px)] origin-(--reka-tooltip-content-transform-origin) pointer-events-auto" data-state="instant-open" data-side="bottom" data-align="center"><span class="text-pretty max-w-[200px] min-w-[100px]">Tooltip</span><span class="hidden lg:inline-flex items-center shrink-0 gap-0.5 not-first-of-type:before:content-[''] not-first-of-type:before:me-0.5"><kbd class="inline-flex items-center justify-center px-1 rounded-(--ui-border-radius-2xs) font-normal font-[family-name:var(--ui-font-family-system-mono)] border-(length:--b24ui-border-width) border-(--b24ui-border-color) text-(--b24ui-color) bg-(--b24ui-background) style-outline h-[20px] min-w-[20px] text-(length:--ui-font-size-4xs)/(--ui-font-line-height-reset)">Ctrl</kbd><kbd class="inline-flex items-center justify-center px-1 rounded-(--ui-border-radius-2xs) font-normal font-[family-name:var(--ui-font-family-system-mono)] border-(length:--b24ui-border-width) border-(--b24ui-border-color) text-(--b24ui-color) bg-(--b24ui-background) style-outline h-[20px] min-w-[20px] text-(length:--ui-font-size-4xs)/(--ui-font-line-height-reset)">K</kbd></span><span style="position: absolute; top: 0px; transform-origin: center 0; transform: rotate(180deg); visibility: hidden;"><svg width="12" height="7" rounded="false" viewBox="0 0 12 6" preserveAspectRatio="none" class="fill-(--ui-color-bg-content-primary)/80" style="display: block;"><path d="M0 0L6 6L12 0"></path></svg></span><span aria-hidden="true" style="position: absolute; border: 0px; width: 1px; height: 1px; padding: 0px; margin: -1px; overflow: hidden; clip: rect(0, 0, 0, 0); clip-path: inset(50%); white-space: nowrap; word-wrap: normal;" id="" role="tooltip">Tooltip</span></div>
</div>


<!--teleport end-->"
`;

exports[`Tooltip > renders with text correctly 1`] = `
"<!--v-if-->
<!--teleport start-->


<div data-reka-popper-content-wrapper="" style="position: fixed; left: 0px; top: 0px; transform: translate(0, -200%); min-width: max-content;">
  <div data-dismissable-layer="" style="--reka-tooltip-content-transform-origin: var(--reka-popper-transform-origin); --reka-tooltip-content-available-width: var(--reka-popper-available-width); --reka-tooltip-content-available-height: var(--reka-popper-available-height); --reka-tooltip-trigger-width: var(--reka-popper-anchor-width); --reka-tooltip-trigger-height: var(--reka-popper-anchor-height); animation: none;" class="dark flex flex-row items-center justify-between gap-[5px] will-change-[opacity] min-h-[37px] shadow-xl/20 select-none motion-safe:data-[state=delayed-open]:animate-[scale-in_100ms_ease-out] motion-safe:data-[state=closed]:animate-[scale-out_100ms_ease-in] p-[10px] text-(length:--ui-font-size-sm)/(--ui-font-line-height-reset) font-[family-name:var(--ui-font-family-primary)] bg-(--ui-color-bg-content-primary)/80 text-(--ui-color-design-plain-na-focused-content) rounded-[calc(var(--popup-window-border-radius)-2px)] origin-(--reka-tooltip-content-transform-origin) pointer-events-auto" data-state="instant-open" data-side="bottom" data-align="center"><span class="text-pretty max-w-[200px] min-w-[100px]">Tooltip</span>
    <!--v-if--><span style="position: absolute; top: 0px; transform-origin: center 0; transform: rotate(180deg); visibility: hidden;"><svg width="12" height="7" rounded="false" viewBox="0 0 12 6" preserveAspectRatio="none" class="fill-(--ui-color-bg-content-primary)/80" style="display: block;"><path d="M0 0L6 6L12 0"></path></svg></span><span aria-hidden="true" style="position: absolute; border: 0px; width: 1px; height: 1px; padding: 0px; margin: -1px; overflow: hidden; clip: rect(0, 0, 0, 0); clip-path: inset(50%); white-space: nowrap; word-wrap: normal;" id="" role="tooltip">Tooltip</span>
  </div>
</div>


<!--teleport end-->"
`;
